Archive member included to satisfy reference by file (symbol)

/home/ngochoan/micro_ros_ws/src/micro_ros_raspberrypi_pico_sdk/libmicroros/libmicroros.a(librcl-publisher.c.obj)
                              CMakeFiles/pico_micro_ros_main.dir/pico_micro_ros_main.c.obj (rcl_publish)
/home/ngochoan/micro_ros_ws/src/micro_ros_raspberrypi_pico_sdk/libmicroros/libmicroros.a(librclc-executor.c.obj)
                              CMakeFiles/pico_micro_ros_main.dir/pico_micro_ros_main.c.obj (rclc_executor_init)
/home/ngochoan/micro_ros_ws/src/micro_ros_raspberrypi_pico_sdk/libmicroros/libmicroros.a(librclc-executor_handle.c.obj)
                              /home/ngochoan/micro_ros_ws/src/micro_ros_raspberrypi_pico_sdk/libmicroros/libmicroros.a(librclc-executor.c.obj) (rclc_executor_handle_counters_zero_init)
/home/ngochoan/micro_ros_ws/src/micro_ros_raspberrypi_pico_sdk/libmicroros/libmicroros.a(librclc-init.c.obj)
                              CMakeFiles/pico_micro_ros_main.dir/pico_micro_ros_main.c.obj (rclc_support_init)
/home/ngochoan/micro_ros_ws/src/micro_ros_raspberrypi_pico_sdk/libmicroros/libmicroros.a(librclc-node.c.obj)
                              CMakeFiles/pico_micro_ros_main.dir/pico_micro_ros_main.c.obj (rclc_node_init_default)
/home/ngochoan/micro_ros_ws/src/micro_ros_raspberrypi_pico_sdk/libmicroros/libmicroros.a(librclc-publisher.c.obj)
                              CMakeFiles/pico_micro_ros_main.dir/pico_micro_ros_main.c.obj (rclc_publisher_init_default)
/home/ngochoan/micro_ros_ws/src/micro_ros_raspberrypi_pico_sdk/libmicroros/libmicroros.a(librclc-sleep.c.obj)
                              /home/ngochoan/micro_ros_ws/src/micro_ros_raspberrypi_pico_sdk/libmicroros/libmicroros.a(librclc-executor.c.obj) (rclc_sleep_ms)
/home/ngochoan/micro_ros_ws/src/micro_ros_raspberrypi_pico_sdk/libmicroros/libmicroros.a(librclc-timer.c.obj)
                              CMakeFiles/pico_micro_ros_main.dir/pico_micro_ros_main.c.obj (rclc_timer_init_default)
/home/ngochoan/micro_ros_ws/src/micro_ros_raspberrypi_pico_sdk/libmicroros/libmicroros.a(librcutils-allocator.c.obj)
                              CMakeFiles/pico_micro_ros_main.dir/pico_micro_ros_main.c.obj (rcutils_get_default_allocator)
/home/ngochoan/micro_ros_ws/src/micro_ros_raspberrypi_pico_sdk/libmicroros/libmicroros.a(librcutils-error_handling.c.obj)
                              /home/ngochoan/micro_ros_ws/src/micro_ros_raspberrypi_pico_sdk/libmicroros/libmicroros.a(librcl-publisher.c.obj) (rcutils_reset_error)
/home/ngochoan/micro_ros_ws/src/micro_ros_raspberrypi_pico_sdk/libmicroros/libmicroros.a(librcutils-time_unix.c.obj)
                              /home/ngochoan/micro_ros_ws/src/micro_ros_raspberrypi_pico_sdk/libmicroros/libmicroros.a(librclc-executor.c.obj) (rcutils_system_time_now)
/home/ngochoan/micro_ros_ws/src/micro_ros_raspberrypi_pico_sdk/libmicroros/libmicroros.a(librmw-publisher_options.c.obj)
                              /home/ngochoan/micro_ros_ws/src/micro_ros_raspberrypi_pico_sdk/libmicroros/libmicroros.a(librcl-publisher.c.obj) (rmw_get_default_publisher_options)
/home/ngochoan/micro_ros_ws/src/micro_ros_raspberrypi_pico_sdk/libmicroros/libmicroros.a(librmw_microxrcedds-custom_transport.c.obj)
                              CMakeFiles/pico_micro_ros_main.dir/pico_micro_ros_main.c.obj (rmw_uros_set_custom_transport)
/home/ngochoan/micro_ros_ws/src/micro_ros_raspberrypi_pico_sdk/libmicroros/libmicroros.a(librmw_microxrcedds-ping.c.obj)
                              CMakeFiles/pico_micro_ros_main.dir/pico_micro_ros_main.c.obj (rmw_uros_ping_agent)
/home/ngochoan/micro_ros_ws/src/micro_ros_raspberrypi_pico_sdk/libmicroros/libmicroros.a(librmw_microxrcedds-rmw_publish.c.obj)
                              /home/ngochoan/micro_ros_ws/src/micro_ros_raspberrypi_pico_sdk/libmicroros/libmicroros.a(librcl-publisher.c.obj) (rmw_publish)
/home/ngochoan/micro_ros_ws/src/micro_ros_raspberrypi_pico_sdk/libmicroros/libmicroros.a(librmw_microxrcedds-rmw_publisher.c.obj)
                              /home/ngochoan/micro_ros_ws/src/micro_ros_raspberrypi_pico_sdk/libmicroros/libmicroros.a(librcl-publisher.c.obj) (rmw_create_publisher)
/home/ngochoan/micro_ros_ws/src/micro_ros_raspberrypi_pico_sdk/libmicroros/libmicroros.a(librmw_microxrcedds-rmw_uxrce_transports.c.obj)
                              /home/ngochoan/micro_ros_ws/src/micro_ros_raspberrypi_pico_sdk/libmicroros/libmicroros.a(librmw_microxrcedds-ping.c.obj) (rmw_uxrce_transport_init)
/home/ngochoan/micro_ros_ws/src/micro_ros_raspberrypi_pico_sdk/libmicroros/libmicroros.a(librmw_microxrcedds-types.c.obj)
                              /home/ngochoan/micro_ros_ws/src/micro_ros_raspberrypi_pico_sdk/libmicroros/libmicroros.a(librmw_microxrcedds-rmw_publisher.c.obj) (rmw_uxrce_fini_publisher_memory)
/home/ngochoan/micro_ros_ws/src/micro_ros_raspberrypi_pico_sdk/libmicroros/libmicroros.a(librmw_microxrcedds-utils.c.obj)
[...]
Memory Configuration

Name             Origin             Length             Attributes
FLASH            0x0000000010000000 0x0000000000200000 xr
RAM              0x0000000020000000 0x0000000000040000 xrw
SCRATCH_X        0x0000000020040000 0x0000000000001000 xrw
SCRATCH_Y        0x0000000020041000 0x0000000000001000 xrw
*default*        0x0000000000000000 0xffffffffffffffff

Linker script and memory map

LOAD /usr/lib/gcc/arm-none-eabi/10.3.1/thumb/v6-m/nofp/crti.o
LOAD /usr/lib/gcc/arm-none-eabi/10.3.1/thumb/v6-m/nofp/crtbegin.o
LOAD /usr/lib/gcc/arm-none-eabi/10.3.1/../../../arm-none-eabi/lib/thumb/v6-m/nofp/crt0.o

.flash_begin    0x0000000010000000        0x0
                0x0000000010000000                __flash_binary_start = .

.boot2          0x0000000010000000      0x100
                0x0000000010000000                __boot2_start__ = .
 *(.boot2)
 .boot2         0x0000000010000000      0x100 /tmp/ccyXhrp1.o
                0x0000000010000100                __boot2_end__ = .
                0x0000000000000001                ASSERT (((__boot2_end__ - __boot2_start__) == 0x100), ERROR: Pico second stage bootloader must be 256 bytes in size)

.text           0x0000000010000100    0x15b70
                0x0000000010000100                __logical_binary_start = .
 *(.vectors)
 .vectors       0x0000000010000100       0xd4 CMakeFiles/pico_micro_ros_main.dir/home/ngochoan/micro_ros_ws/src/pico-sdk/src/rp2_common/pico_standard_link/crt0.S.obj
                0x0000000010000100                __vectors
                0x0000000010000100                __VECTOR_TABLE
                0x00000000100001c0                isr_invalid
                0x00000000100001c0                __default_isrs_start
                0x00000000100001c2                isr_nmi
                0x00000000100001c4                isr_hardfault
                0x00000000100001c6                isr_svcall
                0x00000000100001c8                isr_pendsv
                0x00000000100001ca                isr_systick
                0x00000000100001cc                isr_irq30
                0x00000000100001cc                __unhandled_user_irq
                0x00000000100001cc                isr_irq13
                0x00000000100001cc                isr_irq27
                0x00000000100001cc                isr_irq31
                0x00000000100001cc                isr_irq5
                0x00000000100001cc                isr_irq11
                0x00000000100001cc                isr_irq23
                0x00000000100001cc                isr_irq18
                0x00000000100001cc                isr_irq28
                0x00000000100001cc                isr_irq19
                0x00000000100001cc                isr_irq0
                0x00000000100001cc                isr_irq6
                0x00000000100001cc                isr_irq22
                0x00000000100001cc                isr_irq17
                0x00000000100001cc                isr_irq14
                0x00000000100001cc                isr_irq2
                0x00000000100001cc                isr_irq10
                0x00000000100001cc                isr_irq8
                0x00000000100001cc                isr_irq24
                0x00000000100001cc                isr_irq1
                0x00000000100001cc                isr_irq7
                0x00000000100001cc                isr_irq21
                0x00000000100001cc                isr_irq20
                0x00000000100001cc                isr_irq15
                0x00000000100001cc                isr_irq25
                0x00000000100001cc                isr_irq4
                0x00000000100001cc                isr_irq16
                0x00000000100001cc                isr_irq29
                0x00000000100001cc                isr_irq26
                0x00000000100001cc                __default_isrs_end
                0x00000000100001cc                isr_irq3
                0x00000000100001cc                isr_irq12
                0x00000000100001cc                isr_irq9
                0x00000000100001d2                unhandled_user_irq_num_in_r0
 *(.binary_info_header)
 .binary_info_header
                0x00000000100001d4       0x14 CMakeFiles/pico_micro_ros_main.dir/home/ngochoan/micro_ros_ws/src/pico-sdk/src/rp2_common/pico_standard_link/crt0.S.obj
                0x00000000100001e8                __binary_info_header_end = .
 *(.reset)
 .reset         0x00000000100001e8       0xa0 CMakeFiles/pico_micro_ros_main.dir/home/ngochoan/micro_ros_ws/src/pico-sdk/src/rp2_common/pico_standard_link/crt0.S.obj
                0x00000000100001e8                _entry_point
 .reset         0x0000000010000288       0x30 CMakeFiles/pico_micro_ros_main.dir/home/ngochoan/micro_ros_ws/src/pico-sdk/src/rp2_common/pico_standard_link/binary_info.c.obj
 *(.init)
 .init          0x00000000100002b8        0x4 /usr/lib/gcc/arm-none-eabi/10.3.1/thumb/v6-m/nofp/crti.o
                0x00000000100002b8                _init
 *(EXCLUDE_FILE(*libm.a: *libc.a:*lib_a-mem*.o *libgcc.a:) .text*)
 .text          0x00000000100002bc       0x98 /usr/lib/gcc/arm-none-eabi/10.3.1/thumb/v6-m/nofp/crtbegin.o
 .text.timer_callback
                0x0000000010000354       0x18 CMakeFiles/pico_micro_ros_main.dir/pico_micro_ros_main.c.obj
                0x0000000010000354                timer_callback
 .text.startup.main
                0x000000001000036c      0x110 CMakeFiles/pico_micro_ros_main.dir/pico_micro_ros_main.c.obj
                0x000000001000036c                main
 .text.clock_gettime
                0x000000001000047c       0x3c CMakeFiles/pico_micro_ros_main.dir/pico_uart_transport.c.obj
                0x000000001000047c                clock_gettime
 .text.pico_serial_transport_open
                0x00000000100004b8        0xc CMakeFiles/pico_micro_ros_main.dir/pico_uart_transport.c.obj
                0x00000000100004b8                pico_serial_transport_open
 .text.pico_serial_transport_close
                0x00000000100004c4        0x4 CMakeFiles/pico_micro_ros_main.dir/pico_uart_transport.c.obj
                0x00000000100004c4                pico_serial_transport_close
 .text.pico_serial_transport_write
                0x00000000100004c8       0x38 CMakeFiles/pico_micro_ros_main.dir/pico_uart_transport.c.obj
                0x00000000100004c8                pico_serial_transport_write
 .text.pico_serial_transport_read
                0x0000000010000500       0x64 CMakeFiles/pico_micro_ros_main.dir/pico_uart_transport.c.obj
                0x0000000010000500                pico_serial_transport_read
 .text.running_on_fpga
                0x0000000010000564       0x10 CMakeFiles/pico_micro_ros_main.dir/home/ngochoan/micro_ros_ws/src/pico-sdk/src/rp2_common/pico_platform/platform.c.obj
                0x0000000010000564                running_on_fpga
 .text.hw_claim_or_assert
                0x0000000010000574       0x44 CMakeFiles/pico_micro_ros_main.dir/home/ngochoan/micro_ros_ws/src/pico-sdk/src/rp2_common/hardware_claim/claim.c.obj
                0x0000000010000574                hw_claim_or_assert
 .text.hw_claim_unused_from_range
                0x00000000100005b8       0x9c CMakeFiles/pico_micro_ros_main.dir/home/ngochoan/micro_ros_ws/src/pico-sdk/src/rp2_common/hardware_claim/claim.c.obj
                0x00000000100005b8                hw_claim_unused_from_range
 .text.spin_locks_reset
                0x0000000010000654       0x1c CMakeFiles/pico_micro_ros_main.dir/home/ngochoan/micro_ros_ws/src/pico-sdk/src/rp2_common/hardware_sync/sync.c.obj
                0x0000000010000654                spin_locks_reset
 .text.next_striped_spin_lock_num
                0x0000000010000670       0x18 CMakeFiles/pico_micro_ros_main.dir/home/ngochoan/micro_ros_ws/src/pico-sdk/src/rp2_common/hardware_sync/sync.c.obj
                0x0000000010000670                next_striped_spin_lock_num
 .text.spin_lock_claim_unused
                0x0000000010000688       0x20 CMakeFiles/pico_micro_ros_main.dir/home/ngochoan/micro_ros_ws/src/pico-sdk/src/rp2_common/hardware_sync/sync.c.obj
                0x0000000010000688                spin_lock_claim_unused
 .text.irq_set_enabled
                0x00000000100006a8       0x24 CMakeFiles/pico_micro_ros_main.dir/home/ngochoan/micro_ros_ws/src/pico-sdk/src/rp2_common/hardware_irq/irq.c.obj
                0x00000000100006a8                irq_set_enabled
 .text.irq_set_pending
                0x00000000100006cc       0x10 CMakeFiles/pico_micro_ros_main.dir/home/ngochoan/micro_ros_ws/src/pico-sdk/src/rp2_common/hardware_irq/irq.c.obj
                0x00000000100006cc                irq_set_pending
 .text.irq_has_shared_handler
                0x00000000100006dc       0x2c CMakeFiles/pico_micro_ros_main.dir/home/ngochoan/micro_ros_ws/src/pico-sdk/src/rp2_common/hardware_irq/irq.c.obj
                0x00000000100006dc                irq_has_shared_handler
 .text.irq_get_vtable_handler
                0x0000000010000708       0x10 CMakeFiles/pico_micro_ros_main.dir/home/ngochoan/micro_ros_ws/src/pico-sdk/src/rp2_common/hardware_irq/irq.c.obj
                0x0000000010000708                irq_get_vtable_handler
 .text.irq_set_exclusive_handler
                0x0000000010000718       0x54 CMakeFiles/pico_micro_ros_main.dir/home/ngochoan/micro_ros_ws/src/pico-sdk/src/rp2_common/hardware_irq/irq.c.obj
                0x0000000010000718                irq_set_exclusive_handler
 .text.irq_add_shared_handler
                0x000000001000076c      0x1e8 CMakeFiles/pico_micro_ros_main.dir/home/ngochoan/micro_ros_ws/src/pico-sdk/src/rp2_common/hardware_irq/irq.c.obj
                0x000000001000076c                irq_add_shared_handler
 .text.irq_remove_handler
                0x0000000010000954      0x1b0 CMakeFiles/pico_micro_ros_main.dir/home/ngochoan/micro_ros_ws/src/pico-sdk/src/rp2_common/hardware_irq/irq.c.obj
                0x0000000010000954                irq_remove_handler
 .text.irq_add_tail_to_free_list
                0x0000000010000b04       0xb4 CMakeFiles/pico_micro_ros_main.dir/home/ngochoan/micro_ros_ws/src/pico-sdk/src/rp2_common/hardware_irq/irq.c.obj
                0x0000000010000b04                irq_add_tail_to_free_list
 .text.irq_init_priorities
                0x0000000010000bb8       0x24 CMakeFiles/pico_micro_ros_main.dir/home/ngochoan/micro_ros_ws/src/pico-sdk/src/rp2_common/hardware_irq/irq.c.obj
                0x0000000010000bb8                irq_init_priorities
 .text.user_irq_claim_unused
                0x0000000010000bdc       0x28 CMakeFiles/pico_micro_ros_main.dir/home/ngochoan/micro_ros_ws/src/pico-sdk/src/rp2_common/hardware_irq/irq.c.obj
                0x0000000010000bdc                user_irq_claim_unused
 .text.lock_init
                0x0000000010000c04       0x10 CMakeFiles/pico_micro_ros_main.dir/home/ngochoan/micro_ros_ws/src/pico-sdk/src/common/pico_sync/lock_core.c.obj
                0x0000000010000c04                lock_init
 .text.mutex_init
                0x0000000010000c14       0x1c CMakeFiles/pico_micro_ros_main.dir/home/ngochoan/micro_ros_ws/src/pico-sdk/src/common/pico_sync/mutex.c.obj
                0x0000000010000c14                mutex_init
 .text.recursive_mutex_init
                0x0000000010000c30       0x1c CMakeFiles/pico_micro_ros_main.dir/home/ngochoan/micro_ros_ws/src/pico-sdk/src/common/pico_sync/mutex.c.obj
                0x0000000010000c30                recursive_mutex_init
 .text.critical_section_init
                0x0000000010000c4c       0x20 CMakeFiles/pico_micro_ros_main.dir/home/ngochoan/micro_ros_ws/src/pico-sdk/src/common/pico_sync/critical_section.c.obj
                0x0000000010000c4c                critical_section_init
 .text.critical_section_init_with_lock_num
                0x0000000010000c6c       0x14 CMakeFiles/pico_micro_ros_main.dir/home/ngochoan/micro_ros_ws/src/pico-sdk/src/common/pico_sync/critical_section.c.obj
                0x0000000010000c6c                critical_section_init_with_lock_num
 .text.timer_pool_entry_comparator
                0x0000000010000c80       0x34 CMakeFiles/pico_micro_ros_main.dir/home/ngochoan/micro_ros_ws/src/pico-sdk/src/common/pico_time/time.c.obj
                0x0000000010000c80                timer_pool_entry_comparator
 .text.sleep_until_callback
                0x0000000010000cb4       0x30 CMakeFiles/pico_micro_ros_main.dir/home/ngochoan/micro_ros_ws/src/pico-sdk/src/common/pico_time/time.c.obj
 .text.add_alarm_under_lock.isra.0
                0x0000000010000ce4      0x100 CMakeFiles/pico_micro_ros_main.dir/home/ngochoan/micro_ros_ws/src/pico-sdk/src/common/pico_time/time.c.obj
 .text.alarm_pool_alarm_callback
                0x0000000010000de4      0x1bc CMakeFiles/pico_micro_ros_main.dir/home/ngochoan/micro_ros_ws/src/pico-sdk/src/common/pico_time/time.c.obj
 .text.alarm_pool_init_default
                0x0000000010000fa0       0x6c CMakeFiles/pico_micro_ros_main.dir/home/ngochoan/micro_ros_ws/src/pico-sdk/src/common/pico_time/time.c.obj
                0x0000000010000fa0                alarm_pool_init_default
 .text.alarm_pool_get_default
                0x000000001000100c        0x8 CMakeFiles/pico_micro_ros_main.dir/home/ngochoan/micro_ros_ws/src/pico-sdk/src/common/pico_time/time.c.obj
                0x000000001000100c                alarm_pool_get_default
 .text.alarm_pool_add_alarm_at
                0x0000000010001014      0x178 CMakeFiles/pico_micro_ros_main.dir/home/ngochoan/micro_ros_ws/src/pico-sdk/src/common/pico_time/time.c.obj
                0x0000000010001014                alarm_pool_add_alarm_at
 .text.alarm_pool_core_num
                0x000000001000118c        0x4 CMakeFiles/pico_micro_ros_main.dir/home/ngochoan/micro_ros_ws/src/pico-sdk/src/common/pico_time/time.c.obj
                0x000000001000118c                alarm_pool_core_num
 .text.best_effort_wfe_or_timeout
                0x0000000010001190       0xd4 CMakeFiles/pico_micro_ros_main.dir/home/ngochoan/micro_ros_ws/src/pico-sdk/src/common/pico_time/time.c.obj
                0x0000000010001190                best_effort_wfe_or_timeout
 .text.hardware_alarm_irq_handler
                0x0000000010001264       0xbc CMakeFiles/pico_micro_ros_main.dir/home/ngochoan/micro_ros_ws/src/pico-sdk/src/rp2_common/hardware_timer/timer.c.obj
 .text.hardware_alarm_claim
                0x0000000010001320       0x18 CMakeFiles/pico_micro_ros_main.dir/home/ngochoan/micro_ros_ws/src/pico-sdk/src/rp2_common/hardware_timer/timer.c.obj
                0x0000000010001320                hardware_alarm_claim
 .text.time_us_64
                0x0000000010001338       0x14 CMakeFiles/pico_micro_ros_main.dir/home/ngochoan/micro_ros_ws/src/pico-sdk/src/rp2_common/hardware_timer/timer.c.obj
                0x0000000010001338                time_us_64
 .text.busy_wait_us
                0x000000001000134c       0x54 CMakeFiles/pico_micro_ros_main.dir/home/ngochoan/micro_ros_ws/src/pico-sdk/src/rp2_common/hardware_timer/timer.c.obj
                0x000000001000134c                busy_wait_us
 .text.hardware_alarm_set_callback
                0x00000000100013a0       0x8c CMakeFiles/pico_micro_ros_main.dir/home/ngochoan/micro_ros_ws/src/pico-sdk/src/rp2_common/hardware_timer/timer.c.obj
                0x00000000100013a0                hardware_alarm_set_callback
 .text.hardware_alarm_set_target
                0x000000001000142c       0xd4 CMakeFiles/pico_micro_ros_main.dir/home/ngochoan/micro_ros_ws/src/pico-sdk/src/rp2_common/hardware_timer/timer.c.obj
                0x000000001000142c                hardware_alarm_set_target
 .text.hardware_alarm_cancel
                0x0000000010001500       0x3c CMakeFiles/pico_micro_ros_main.dir/home/ngochoan/micro_ros_ws/src/pico-sdk/src/rp2_common/hardware_timer/timer.c.obj
                0x0000000010001500                hardware_alarm_cancel
 .text.ph_merge_nodes
                0x000000001000153c       0x68 CMakeFiles/pico_micro_ros_main.dir/home/ngochoan/micro_ros_ws/src/pico-sdk/src/common/pico_util/pheap.c.obj
 .text.ph_post_alloc_init
                0x00000000100015a4       0x3c CMakeFiles/pico_micro_ros_main.dir/home/ngochoan/micro_ros_ws/src/pico-sdk/src/common/pico_util/pheap.c.obj
                0x00000000100015a4                ph_post_alloc_init
 .text.ph_merge_two_pass
                0x00000000100015e0       0x90 CMakeFiles/pico_micro_ros_main.dir/home/ngochoan/micro_ros_ws/src/pico-sdk/src/common/pico_util/pheap.c.obj
                0x00000000100015e0                ph_merge_two_pass
 .text.ph_remove_any_head
                0x0000000010001670      0x100 CMakeFiles/pico_micro_ros_main.dir/home/ngochoan/micro_ros_ws/src/pico-sdk/src/common/pico_util/pheap.c.obj
 .text.ph_remove_head
                0x0000000010001770      0x104 CMakeFiles/pico_micro_ros_main.dir/home/ngochoan/micro_ros_ws/src/pico-sdk/src/common/pico_util/pheap.c.obj
                0x0000000010001770                ph_remove_head
 .text.ph_remove_and_free_node
                0x0000000010001874       0x7c CMakeFiles/pico_micro_ros_main.dir/home/ngochoan/micro_ros_ws/src/pico-sdk/src/common/pico_util/pheap.c.obj
                0x0000000010001874                ph_remove_and_free_node
 .text.clocks_init
                0x00000000100018f0      0x2d0 CMakeFiles/pico_micro_ros_main.dir/home/ngochoan/micro_ros_ws/src/pico-sdk/src/rp2_common/hardware_clocks/clocks.c.obj
                0x00000000100018f0                clocks_init
 .text.pll_init
                0x0000000010001bc0       0xa0 CMakeFiles/pico_micro_ros_main.dir/home/ngochoan/micro_ros_ws/src/pico-sdk/src/rp2_common/hardware_pll/pll.c.obj
                0x0000000010001bc0                pll_init
 .text.watchdog_start_tick
                0x0000000010001c60       0x10 CMakeFiles/pico_micro_ros_main.dir/home/ngochoan/micro_ros_ws/src/pico-sdk/src/rp2_common/hardware_watchdog/watchdog.c.obj
                0x0000000010001c60                watchdog_start_tick
 .text.watchdog_reboot
                0x0000000010001c70       0x98 CMakeFiles/pico_micro_ros_main.dir/home/ngochoan/micro_ros_ws/src/pico-sdk/src/rp2_common/hardware_watchdog/watchdog.c.obj
                0x0000000010001c70                watchdog_reboot
 .text.xosc_init
                0x0000000010001d08       0x28 CMakeFiles/pico_micro_ros_main.dir/home/ngochoan/micro_ros_ws/src/pico-sdk/src/rp2_common/hardware_xosc/xosc.c.obj
                0x0000000010001d08                xosc_init
 .text.runtime_init
                0x0000000010001d30       0xf0 CMakeFiles/pico_micro_ros_main.dir/home/ngochoan/micro_ros_ws/src/pico-sdk/src/rp2_common/pico_runtime/runtime.c.obj
                0x0000000010001d30                runtime_init
 .text._exit    0x0000000010001e20        0x4 CMakeFiles/pico_micro_ros_main.dir/home/ngochoan/micro_ros_ws/src/pico-sdk/src/rp2_common/pico_runtime/runtime.c.obj
                0x0000000010001e20                _exit
 .text._sbrk    0x0000000010001e24       0x34 CMakeFiles/pico_micro_ros_main.dir/home/ngochoan/micro_ros_ws/src/pico-sdk/src/rp2_common/pico_runtime/runtime.c.obj
                0x0000000010001e24                _sbrk
 .text.exit     0x0000000010001e58        0x8 CMakeFiles/pico_micro_ros_main.dir/home/ngochoan/micro_ros_ws/src/pico-sdk/src/rp2_common/pico_runtime/runtime.c.obj
                0x0000000010001e58                exit
 .text.panic    0x0000000010001e60       0x30 CMakeFiles/pico_micro_ros_main.dir/home/ngochoan/micro_ros_ws/src/pico-sdk/src/rp2_common/pico_runtime/runtime.c.obj
                0x0000000010001e60                panic
 .text.hard_assertion_failure
                0x0000000010001e90        0xc CMakeFiles/pico_micro_ros_main.dir/home/ngochoan/micro_ros_ws/src/pico-sdk/src/rp2_common/pico_runtime/runtime.c.obj
                0x0000000010001e90                hard_assertion_failure
 .text._out_buffer
                0x0000000010001e9c        0x8 CMakeFiles/pico_micro_ros_main.dir/home/ngochoan/micro_ros_ws/src/pico-sdk/src/rp2_common/pico_printf/printf.c.obj
 .text._out_null
                0x0000000010001ea4        0x4 CMakeFiles/pico_micro_ros_main.dir/home/ngochoan/micro_ros_ws/src/pico-sdk/src/rp2_common/pico_printf/printf.c.obj
 .text._out_rev
                0x0000000010001ea8       0x9c CMakeFiles/pico_micro_ros_main.dir/home/ngochoan/micro_ros_ws/src/pico-sdk/src/rp2_common/pico_printf/printf.c.obj
 .text._ntoa_format
                0x0000000010001f44      0x1cc CMakeFiles/pico_micro_ros_main.dir/home/ngochoan/micro_ros_ws/src/pico-sdk/src/rp2_common/pico_printf/printf.c.obj
 .text._out_char
                0x0000000010002110       0x10 CMakeFiles/pico_micro_ros_main.dir/home/ngochoan/micro_ros_ws/src/pico-sdk/src/rp2_common/pico_printf/printf.c.obj
 .text._etoa    0x0000000010002120      0x44c CMakeFiles/pico_micro_ros_main.dir/home/ngochoan/micro_ros_ws/src/pico-sdk/src/rp2_common/pico_printf/printf.c.obj
 .text._ftoa    0x000000001000256c      0x398 CMakeFiles/pico_micro_ros_main.dir/home/ngochoan/micro_ros_ws/src/pico-sdk/src/rp2_common/pico_printf/printf.c.obj
 .text._vsnprintf
                0x0000000010002904      0xb04 CMakeFiles/pico_micro_ros_main.dir/home/ngochoan/micro_ros_ws/src/pico-sdk/src/rp2_common/pico_printf/printf.c.obj
 .text.__wrap_snprintf
                0x0000000010003408       0x28 CMakeFiles/pico_micro_ros_main.dir/home/ngochoan/micro_ros_ws/src/pico-sdk/src/rp2_common/pico_printf/printf.c.obj
                0x0000000010003408                __wrap_snprintf
 .text.__wrap_vsnprintf
                0x0000000010003430       0x1c CMakeFiles/pico_micro_ros_main.dir/home/ngochoan/micro_ros_ws/src/pico-sdk/src/rp2_common/pico_printf/printf.c.obj
                0x0000000010003430                __wrap_vsnprintf
 .text.weak_raw_vprintf
                0x000000001000344c       0x30 CMakeFiles/pico_micro_ros_main.dir/home/ngochoan/micro_ros_ws/src/pico-sdk/src/rp2_common/pico_printf/printf.c.obj
                0x000000001000344c                weak_raw_vprintf
 .text          0x000000001000347c       0x10 CMakeFiles/pico_micro_ros_main.dir/home/ngochoan/micro_ros_ws/src/pico-sdk/src/rp2_common/pico_bit_ops/bit_ops_aeabi.S.obj
 .text.rom_func_lookup
                0x000000001000348c       0x10 CMakeFiles/pico_micro_ros_main.dir/home/ngochoan/micro_ros_ws/src/pico-sdk/src/rp2_common/pico_bootrom/bootrom.c.obj
                0x000000001000348c                rom_func_lookup
 .text.rom_data_lookup
                0x000000001000349c       0x10 CMakeFiles/pico_micro_ros_main.dir/home/ngochoan/micro_ros_ws/src/pico-sdk/src/rp2_common/pico_bootrom/bootrom.c.obj
                0x000000001000349c                rom_data_lookup
 .text.rom_funcs_lookup
                0x00000000100034ac       0x44 CMakeFiles/pico_micro_ros_main.dir/home/ngochoan/micro_ros_ws/src/pico-sdk/src/rp2_common/pico_bootrom/bootrom.c.obj
                0x00000000100034ac                rom_funcs_lookup
 .text.__wrap___aeabi_idiv
                0x00000000100034f0       0x50 CMakeFiles/pico_micro_ros_main.dir/home/ngochoan/micro_ros_ws/src/pico-sdk/src/rp2_common/pico_divider/divider.S.obj
                0x00000000100034f0                __wrap___aeabi_idivmod
                0x00000000100034f0                divmod_s32s32
                0x00000000100034f0                div_s32s32
                0x00000000100034f0                __wrap___aeabi_idiv
                0x00000000100034f8                divmod_s32s32_unsafe
                0x0000000010003524                divmod_s32s32_savestate
 .text.__wrap___aeabi_uidiv
                0x0000000010003540       0x4c CMakeFiles/pico_micro_ros_main.dir/home/ngochoan/micro_ros_ws/src/pico-sdk/src/rp2_common/pico_divider/divider.S.obj
                0x0000000010003540                __wrap___aeabi_uidiv
                0x0000000010003540                __wrap___aeabi_uidivmod
                0x0000000010003540                div_u32u32
                0x0000000010003540                divmod_u32u32
                0x0000000010003548                divmod_u32u32_unsafe
                0x0000000010003570                divmod_u32u32_savestate
 .text.__wrap___aeabi_ldiv
                0x000000001000358c      0x424 CMakeFiles/pico_micro_ros_main.dir/home/ngochoan/micro_ros_ws/src/pico-sdk/src/rp2_common/pico_divider/divider.S.obj
                0x000000001000358c                div_s64s64
                0x000000001000358c                divmod_s64s64
                0x000000001000358c                __wrap___aeabi_ldivmod
                0x00000000100035bc                div_u64u64
                0x00000000100035bc                divmod_u64u64
                0x00000000100035bc                __wrap___aeabi_uldivmod
                0x00000000100035cc                divmod_u64u64_savestate
                0x00000000100035ec                divmod_s64s64_unsafe
                0x0000000010003674                divmod_u64u64_unsafe
 .text.__wrap___aeabi_darithmetic
                0x00000000100039b0       0x80 CMakeFiles/pico_micro_ros_main.dir/home/ngochoan/micro_ros_ws/src/pico-sdk/src/rp2_common/pico_double/double_aeabi.S.obj
                0x00000000100039b0                __wrap___aeabi_drsub
                0x00000000100039b6                __wrap___aeabi_dsub
                0x00000000100039c8                __wrap___aeabi_dadd
                0x00000000100039da                __wrap___aeabi_ddiv
                0x0000000010003a16                __wrap___aeabi_dmul
 .text.__wrap___aeabi_cdcmple
                0x0000000010003a30       0x6c CMakeFiles/pico_micro_ros_main.dir/home/ngochoan/micro_ros_ws/src/pico-sdk/src/rp2_common/pico_double/double_aeabi.S.obj
                0x0000000010003a30                __wrap___aeabi_cdrcmple
                0x0000000010003a40                __wrap___aeabi_cdcmple
                0x0000000010003a40                __wrap___aeabi_cdcmpeq
 .text.__wrap___aeabi_dcmplt
                0x0000000010003a9c        0xc CMakeFiles/pico_micro_ros_main.dir/home/ngochoan/micro_ros_ws/src/pico-sdk/src/rp2_common/pico_double/double_aeabi.S.obj
                0x0000000010003a9c                __wrap___aeabi_dcmplt
 .text.__wrap___aeabi_dcmple
                0x0000000010003aa8       0x10 CMakeFiles/pico_micro_ros_main.dir/home/ngochoan/micro_ros_ws/src/pico-sdk/src/rp2_common/pico_double/double_aeabi.S.obj
                0x0000000010003aa8                __wrap___aeabi_dcmple
 .text.__wrap___aeabi_dcmpge
                0x0000000010003ab8       0x10 CMakeFiles/pico_micro_ros_main.dir/home/ngochoan/micro_ros_ws/src/pico-sdk/src/rp2_common/pico_double/double_aeabi.S.obj
                0x0000000010003ab8                __wrap___aeabi_dcmpge
 .text.__wrap___aeabi_dcmpgt
                0x0000000010003ac8        0xa CMakeFiles/pico_micro_ros_main.dir/home/ngochoan/micro_ros_ws/src/pico-sdk/src/rp2_common/pico_double/double_aeabi.S.obj
                0x0000000010003ac8                __wrap___aeabi_dcmpgt
 .text.__wrap___aeabi_dcmpun
                0x0000000010003ad2       0x1c CMakeFiles/pico_micro_ros_main.dir/home/ngochoan/micro_ros_ws/src/pico-sdk/src/rp2_common/pico_double/double_aeabi.S.obj
                0x0000000010003ad2                __wrap___aeabi_dcmpun
 *fill*         0x0000000010003aee        0x2 
 .text.__wrap___aeabi_i2d
                0x0000000010003af0       0x38 CMakeFiles/pico_micro_ros_main.dir/home/ngochoan/micro_ros_ws/src/pico-sdk/src/rp2_common/pico_double/double_aeabi.S.obj
                0x0000000010003af0                __wrap___aeabi_ui2d
                0x0000000010003af8                __wrap___aeabi_i2d
 .text.__wrap___aeabi_d2iz
                0x0000000010003b28       0x48 CMakeFiles/pico_micro_ros_main.dir/home/ngochoan/micro_ros_ws/src/pico-sdk/src/rp2_common/pico_double/double_aeabi.S.obj
                0x0000000010003b28                __wrap___aeabi_d2iz
                0x0000000010003b28                double2int_z
 .text.__wrap___aeabi_d2uiz
                0x0000000010003b70       0x18 CMakeFiles/pico_micro_ros_main.dir/home/ngochoan/micro_ros_ws/src/pico-sdk/src/rp2_common/pico_double/double_aeabi.S.obj
                0x0000000010003b70                double2uint
                0x0000000010003b70                __wrap___aeabi_d2uiz
 .text.__aeabi_double_init
                0x0000000010003b88       0x94 CMakeFiles/pico_micro_ros_main.dir/home/ngochoan/micro_ros_ws/src/pico-sdk/src/rp2_common/pico_double/double_init_rom.c.obj
                0x0000000010003b88                __aeabi_double_init
 .text.double_table_shim_on_use_helper
                0x0000000010003c1c       0x2c CMakeFiles/pico_micro_ros_main.dir/home/ngochoan/micro_ros_ws/src/pico-sdk/src/rp2_common/pico_double/double_v1_rom_shim.S.obj
                0x0000000010003c1c                double_table_shim_on_use_helper
 .text.__wrap___aeabi_dsub
                0x0000000010003c48       0x10 CMakeFiles/pico_micro_ros_main.dir/home/ngochoan/micro_ros_ws/src/pico-sdk/src/rp2_common/pico_double/double_v1_rom_shim.S.obj
                0x0000000010003c48                drsub_shim
                0x0000000010003c4e                dsub_shim
 .text.dadd_shim
                0x0000000010003c58      0x15c CMakeFiles/pico_micro_ros_main.dir/home/ngochoan/micro_ros_ws/src/pico-sdk/src/rp2_common/pico_double/double_v1_rom_shim.S.obj
                0x0000000010003c58                dadd_shim
 .text.dmul_shim
                0x0000000010003db4      0x15c CMakeFiles/pico_micro_ros_main.dir/home/ngochoan/micro_ros_ws/src/pico-sdk/src/rp2_common/pico_double/double_v1_rom_shim.S.obj
                0x0000000010003db4                dmul_shim
 .text.ddiv_shim
                0x0000000010003f10      0x1b0 CMakeFiles/pico_micro_ros_main.dir/home/ngochoan/micro_ros_ws/src/pico-sdk/src/rp2_common/pico_double/double_v1_rom_shim.S.obj
                0x0000000010003f10                ddiv_shim
 .text.double2uint_shim
                0x00000000100040c0        0xe CMakeFiles/pico_micro_ros_main.dir/home/ngochoan/micro_ros_ws/src/pico-sdk/src/rp2_common/pico_double/double_v1_rom_shim.S.obj
                0x00000000100040c0                double2uint_shim
                0x00000000100040c2                double2ufix_shim
 *fill*         0x00000000100040ce        0x2 
 .text.double2uint64_shim
                0x00000000100040d0       0x70 CMakeFiles/pico_micro_ros_main.dir/home/ngochoan/micro_ros_ws/src/pico-sdk/src/rp2_common/pico_double/double_v1_rom_shim.S.obj
                0x00000000100040d0                double2uint64_shim
                0x00000000100040d2                double2ufix64_shim
                0x00000000100040f2                d2fix_a
 .text.dunpacks
                0x0000000010004140       0x3c CMakeFiles/pico_micro_ros_main.dir/home/ngochoan/micro_ros_ws/src/pico-sdk/src/rp2_common/pico_double/double_v1_rom_shim.S.obj
                0x0000000010004140                dunpacks
 .text.__aeabi_lmul
                0x000000001000417c       0x32 CMakeFiles/pico_micro_ros_main.dir/home/ngochoan/micro_ros_ws/src/pico-sdk/src/rp2_common/pico_int64_ops/pico_int64_ops_aeabi.S.obj
                0x000000001000417c                __wrap___aeabi_lmul
 *fill*         0x00000000100041ae        0x2 
 .text.__wrap___aeabi_farithmetic
                0x00000000100041b0       0x48 CMakeFiles/pico_micro_ros_main.dir/home/ngochoan/micro_ros_ws/src/pico-sdk/src/rp2_common/pico_float/float_aeabi.S.obj
                0x00000000100041b0                __wrap___aeabi_frsub
                0x00000000100041b6                __wrap___aeabi_fsub
                0x00000000100041bc                __wrap___aeabi_fadd
                0x00000000100041c2                __wrap___aeabi_fdiv
                0x00000000100041ea                __wrap___aeabi_fmul
 .text.__wrap___aeabi_ui2f
                0x00000000100041f8        0xa CMakeFiles/pico_micro_ros_main.dir/home/ngochoan/micro_ros_ws/src/pico-sdk/src/rp2_common/pico_float/float_aeabi.S.obj
                0x00000000100041f8                __wrap___aeabi_ui2f
 *fill*         0x0000000010004202        0x2 
 .text.__wrap___aeabi_i2f
                0x0000000010004204       0x44 CMakeFiles/pico_micro_ros_main.dir/home/ngochoan/micro_ros_ws/src/pico-sdk/src/rp2_common/pico_float/float_aeabi.S.obj
                0x0000000010004204                __wrap___aeabi_i2f
 .text.__wrap___aeabi_f2iz
                0x0000000010004248       0x4e CMakeFiles/pico_micro_ros_main.dir/home/ngochoan/micro_ros_ws/src/pico-sdk/src/rp2_common/pico_float/float_aeabi.S.obj
                0x0000000010004248                __wrap___aeabi_f2iz
                0x0000000010004248                float2int_z
 *fill*         0x0000000010004296        0x2 
 .text.float2int
                0x0000000010004298       0x14 CMakeFiles/pico_micro_ros_main.dir/home/ngochoan/micro_ros_ws/src/pico-sdk/src/rp2_common/pico_float/float_aeabi.S.obj
                0x0000000010004298                float2int
 .text.__wrap___aeabi_f2uiz
                0x00000000100042ac        0xc CMakeFiles/pico_micro_ros_main.dir/home/ngochoan/micro_ros_ws/src/pico-sdk/src/rp2_common/pico_float/float_aeabi.S.obj
                0x00000000100042ac                __wrap___aeabi_f2uiz
 .text.__aeabi_float_init
                0x00000000100042b8       0x64 CMakeFiles/pico_micro_ros_main.dir/home/ngochoan/micro_ros_ws/src/pico-sdk/src/rp2_common/pico_float/float_init_rom.c.obj
                0x00000000100042b8                __aeabi_float_init
 .text.float_table_shim_on_use_helper
                0x000000001000431c       0x2c CMakeFiles/pico_micro_ros_main.dir/home/ngochoan/micro_ros_ws/src/pico-sdk/src/rp2_common/pico_float/float_v1_rom_shim.S.obj
                0x000000001000431c                float_table_shim_on_use_helper
 .text.float232_shims
                0x0000000010004348       0x18 CMakeFiles/pico_micro_ros_main.dir/home/ngochoan/micro_ros_ws/src/pico-sdk/src/rp2_common/pico_float/float_v1_rom_shim.S.obj
                0x0000000010004348                float2int_shim
                0x000000001000434a                float2fix_shim
 .text.__wrap_malloc
                0x0000000010004360       0x24 CMakeFiles/pico_micro_ros_main.dir/home/ngochoan/micro_ros_ws/src/pico-sdk/src/rp2_common/pico_malloc/pico_malloc.c.obj
                0x0000000010004360                __wrap_malloc
 .text.__wrap_calloc
                0x0000000010004384       0x24 CMakeFiles/pico_micro_ros_main.dir/home/ngochoan/micro_ros_ws/src/pico-sdk/src/rp2_common/pico_malloc/pico_malloc.c.obj
                0x0000000010004384                __wrap_calloc
 .text.__wrap_realloc
                0x00000000100043a8       0x24 CMakeFiles/pico_micro_ros_main.dir/home/ngochoan/micro_ros_ws/src/pico-sdk/src/rp2_common/pico_malloc/pico_malloc.c.obj
                0x00000000100043a8                __wrap_realloc
 .text.__wrap_free
                0x00000000100043cc        0x8 CMakeFiles/pico_micro_ros_main.dir/home/ngochoan/micro_ros_ws/src/pico-sdk/src/rp2_common/pico_malloc/pico_malloc.c.obj
                0x00000000100043cc                __wrap_free
 .text          0x00000000100043d4       0x10 CMakeFiles/pico_micro_ros_main.dir/home/ngochoan/micro_ros_ws/src/pico-sdk/src/rp2_common/pico_mem_ops/mem_ops_aeabi.S.obj
                0x00000000100043d4                __aeabi_mem_init
 .text.memset   0x00000000100043e4        0xc CMakeFiles/pico_micro_ros_main.dir/home/ngochoan/micro_ros_ws/src/pico-sdk/src/rp2_common/pico_mem_ops/mem_ops_aeabi.S.obj
                0x00000000100043e4                __wrap_memset
 .text.memcpy   0x00000000100043f0        0xc CMakeFiles/pico_micro_ros_main.dir/home/ngochoan/micro_ros_ws/src/pico-sdk/src/rp2_common/pico_mem_ops/mem_ops_aeabi.S.obj
                0x00000000100043f0                __wrap___aeabi_memcpy
                0x00000000100043f0                __wrap_memcpy
 .text.stdio_out_chars_no_crlf
                0x00000000100043fc       0x10 CMakeFiles/pico_micro_ros_main.dir/home/ngochoan/micro_ros_ws/src/pico-sdk/src/rp2_common/pico_stdio/stdio.c.obj
 .text.stdio_out_chars_crlf
                0x000000001000440c       0x10 CMakeFiles/pico_micro_ros_main.dir/home/ngochoan/micro_ros_ws/src/pico-sdk/src/rp2_common/pico_stdio/stdio.c.obj
 .text.stdio_put_string.isra.0
                0x000000001000441c       0xfc CMakeFiles/pico_micro_ros_main.dir/home/ngochoan/micro_ros_ws/src/pico-sdk/src/rp2_common/pico_stdio/stdio.c.obj
 .text.__wrap_putchar
                0x0000000010004518       0x98 CMakeFiles/pico_micro_ros_main.dir/home/ngochoan/micro_ros_ws/src/pico-sdk/src/rp2_common/pico_stdio/stdio.c.obj
                0x0000000010004518                __wrap_putchar
 .text.__wrap_puts
                0x00000000100045b0       0x3c CMakeFiles/pico_micro_ros_main.dir/home/ngochoan/micro_ros_ws/src/pico-sdk/src/rp2_common/pico_stdio/stdio.c.obj
                0x00000000100045b0                __wrap_puts
 .text.stdio_set_driver_enabled
                0x00000000100045ec       0x30 CMakeFiles/pico_micro_ros_main.dir/home/ngochoan/micro_ros_ws/src/pico-sdk/src/rp2_common/pico_stdio/stdio.c.obj
                0x00000000100045ec                stdio_set_driver_enabled
 .text.stdio_init_all
                0x000000001000461c        0x8 CMakeFiles/pico_micro_ros_main.dir/home/ngochoan/micro_ros_ws/src/pico-sdk/src/rp2_common/pico_stdio/stdio.c.obj
                0x000000001000461c                stdio_init_all
 .text.getchar_timeout_us
                0x0000000010004624       0x98 CMakeFiles/pico_micro_ros_main.dir/home/ngochoan/micro_ros_ws/src/pico-sdk/src/rp2_common/pico_stdio/stdio.c.obj
                0x0000000010004624                getchar_timeout_us
 .text.resetd_init
                0x00000000100046bc        0x4 CMakeFiles/pico_micro_ros_main.dir/home/ngochoan/micro_ros_ws/src/pico-sdk/src/rp2_common/pico_stdio_usb/reset_interface.c.obj
 .text.resetd_reset
                0x00000000100046c0        0xc CMakeFiles/pico_micro_ros_main.dir/home/ngochoan/micro_ros_ws/src/pico-sdk/src/rp2_common/pico_stdio_usb/reset_interface.c.obj
 .text.resetd_open
                0x00000000100046cc       0x28 CMakeFiles/pico_micro_ros_main.dir/home/ngochoan/micro_ros_ws/src/pico-sdk/src/rp2_common/pico_stdio_usb/reset_interface.c.obj
 .text.resetd_xfer_cb
                0x00000000100046f4        0x4 CMakeFiles/pico_micro_ros_main.dir/home/ngochoan/micro_ros_ws/src/pico-sdk/src/rp2_common/pico_stdio_usb/reset_interface.c.obj
 .text.resetd_control_xfer_cb
                0x00000000100046f8       0x64 CMakeFiles/pico_micro_ros_main.dir/home/ngochoan/micro_ros_ws/src/pico-sdk/src/rp2_common/pico_stdio_usb/reset_interface.c.obj
 .text.usbd_app_driver_get_cb
                0x000000001000475c        0xc CMakeFiles/pico_micro_ros_main.dir/home/ngochoan/micro_ros_ws/src/pico-sdk/src/rp2_common/pico_stdio_usb/reset_interface.c.obj
                0x000000001000475c                usbd_app_driver_get_cb
 .text.tud_cdc_line_coding_cb
                0x0000000010004768       0x34 CMakeFiles/pico_micro_ros_main.dir/home/ngochoan/micro_ros_ws/src/pico-sdk/src/rp2_common/pico_stdio_usb/reset_interface.c.obj
                0x0000000010004768                tud_cdc_line_coding_cb
 .text.stdio_usb_set_chars_available_callback
                0x000000001000479c       0x14 CMakeFiles/pico_micro_ros_main.dir/home/ngochoan/micro_ros_ws/src/pico-sdk/src/rp2_common/pico_stdio_usb/stdio_usb.c.obj
                0x000000001000479c                stdio_usb_set_chars_available_callback
 .text.usb_irq  0x00000000100047b0       0x10 CMakeFiles/pico_micro_ros_main.dir/home/ngochoan/micro_ros_ws/src/pico-sdk/src/rp2_common/pico_stdio_usb/stdio_usb.c.obj
 .text.timer_task
                0x00000000100047c0       0x54 CMakeFiles/pico_micro_ros_main.dir/home/ngochoan/micro_ros_ws/src/pico-sdk/src/rp2_common/pico_stdio_usb/stdio_usb.c.obj
 .text.stdio_usb_in_chars
                0x0000000010004814       0x90 CMakeFiles/pico_micro_ros_main.dir/home/ngochoan/micro_ros_ws/src/pico-sdk/src/rp2_common/pico_stdio_usb/stdio_usb.c.obj
                0x0000000010004814                stdio_usb_in_chars
 .text.stdio_usb_out_chars
                0x00000000100048a4      0x100 CMakeFiles/pico_micro_ros_main.dir/home/ngochoan/micro_ros_ws/src/pico-sdk/src/rp2_common/pico_stdio_usb/stdio_usb.c.obj
 .text.low_priority_worker_irq
                0x00000000100049a4       0xa8 CMakeFiles/pico_micro_ros_main.dir/home/ngochoan/micro_ros_ws/src/pico-sdk/src/rp2_common/pico_stdio_usb/stdio_usb.c.obj
 .text.tud_cdc_rx_cb
                0x0000000010004a4c       0x20 CMakeFiles/pico_micro_ros_main.dir/home/ngochoan/micro_ros_ws/src/pico-sdk/src/rp2_common/pico_stdio_usb/stdio_usb.c.obj
                0x0000000010004a4c                tud_cdc_rx_cb
 .text.stdio_usb_init
                0x0000000010004a6c       0xdc CMakeFiles/pico_micro_ros_main.dir/home/ngochoan/micro_ros_ws/src/pico-sdk/src/rp2_common/pico_stdio_usb/stdio_usb.c.obj
                0x0000000010004a6c                stdio_usb_init
 .text.tud_descriptor_device_cb
                0x0000000010004b48        0x8 CMakeFiles/pico_micro_ros_main.dir/home/ngochoan/micro_ros_ws/src/pico-sdk/src/rp2_common/pico_stdio_usb/stdio_usb_descriptors.c.obj
                0x0000000010004b48                tud_descriptor_device_cb
 .text.tud_descriptor_configuration_cb
                0x0000000010004b50        0x8 CMakeFiles/pico_micro_ros_main.dir/home/ngochoan/micro_ros_ws/src/pico-sdk/src/rp2_common/pico_stdio_usb/stdio_usb_descriptors.c.obj
                0x0000000010004b50                tud_descriptor_configuration_cb
 .text.tud_descriptor_string_cb
                0x0000000010004b58       0x74 CMakeFiles/pico_micro_ros_main.dir/home/ngochoan/micro_ros_ws/src/pico-sdk/src/rp2_common/pico_stdio_usb/stdio_usb_descriptors.c.obj
                0x0000000010004b58                tud_descriptor_string_cb
 .text.startup._retrieve_unique_id_on_boot
                0x0000000010004bcc       0x10 CMakeFiles/pico_micro_ros_main.dir/home/ngochoan/micro_ros_ws/src/pico-sdk/src/rp2_common/pico_unique_id/unique_id.c.obj
 .text.pico_get_unique_board_id_string
                0x0000000010004bdc      0x1a8 CMakeFiles/pico_micro_ros_main.dir/home/ngochoan/micro_ros_ws/src/pico-sdk/src/rp2_common/pico_unique_id/unique_id.c.obj
                0x0000000010004bdc                pico_get_unique_board_id_string
 .text.flash_get_unique_id
                0x0000000010004d84       0x40 CMakeFiles/pico_micro_ros_main.dir/home/ngochoan/micro_ros_ws/src/pico-sdk/src/rp2_common/hardware_flash/flash.c.obj
                0x0000000010004d84                flash_get_unique_id
 .text.dcd_int_enable
                0x0000000010004dc4        0xc CMakeFiles/pico_micro_ros_main.dir/home/ngochoan/micro_ros_ws/src/pico-sdk/lib/tinyusb/src/portable/raspberrypi/rp2040/dcd_rp2040.c.obj
                0x0000000010004dc4                dcd_int_enable
 .text.dcd_set_address
                0x0000000010004dd0       0x14 CMakeFiles/pico_micro_ros_main.dir/home/ngochoan/micro_ros_ws/src/pico-sdk/lib/tinyusb/src/portable/raspberrypi/rp2040/dcd_rp2040.c.obj
                0x0000000010004dd0                dcd_set_address
 .text.dcd_connect
                0x0000000010004de4       0x10 CMakeFiles/pico_micro_ros_main.dir/home/ngochoan/micro_ros_ws/src/pico-sdk/lib/tinyusb/src/portable/raspberrypi/rp2040/dcd_rp2040.c.obj
                0x0000000010004de4                dcd_connect
 .text.dcd_init
                0x0000000010004df4       0x98 CMakeFiles/pico_micro_ros_main.dir/home/ngochoan/micro_ros_ws/src/pico-sdk/lib/tinyusb/src/portable/raspberrypi/rp2040/dcd_rp2040.c.obj
                0x0000000010004df4                dcd_init
 .text.dcd_edpt0_status_complete
                0x0000000010004e8c       0x1c CMakeFiles/pico_micro_ros_main.dir/home/ngochoan/micro_ros_ws/src/pico-sdk/lib/tinyusb/src/portable/raspberrypi/rp2040/dcd_rp2040.c.obj
                0x0000000010004e8c                dcd_edpt0_status_complete
 .text.dcd_edpt_open
                0x0000000010004ea8      0x108 CMakeFiles/pico_micro_ros_main.dir/home/ngochoan/micro_ros_ws/src/pico-sdk/lib/tinyusb/src/portable/raspberrypi/rp2040/dcd_rp2040.c.obj
                0x0000000010004ea8                dcd_edpt_open
 .text.dcd_edpt_close_all
                0x0000000010004fb0        0x8 CMakeFiles/pico_micro_ros_main.dir/home/ngochoan/micro_ros_ws/src/pico-sdk/lib/tinyusb/src/portable/raspberrypi/rp2040/dcd_rp2040.c.obj
                0x0000000010004fb0                dcd_edpt_close_all
 .text.dcd_edpt_xfer
                0x0000000010004fb8       0x24 CMakeFiles/pico_micro_ros_main.dir/home/ngochoan/micro_ros_ws/src/pico-sdk/lib/tinyusb/src/portable/raspberrypi/rp2040/dcd_rp2040.c.obj
                0x0000000010004fb8                dcd_edpt_xfer
 .text.dcd_edpt_stall
                0x0000000010004fdc       0x38 CMakeFiles/pico_micro_ros_main.dir/home/ngochoan/micro_ros_ws/src/pico-sdk/lib/tinyusb/src/portable/raspberrypi/rp2040/dcd_rp2040.c.obj
                0x0000000010004fdc                dcd_edpt_stall
 .text.dcd_edpt_clear_stall
                0x0000000010005014       0x30 CMakeFiles/pico_micro_ros_main.dir/home/ngochoan/micro_ros_ws/src/pico-sdk/lib/tinyusb/src/portable/raspberrypi/rp2040/dcd_rp2040.c.obj
                0x0000000010005014                dcd_edpt_clear_stall
 .text.rp2040_usb_init
                0x0000000010005044       0x4c CMakeFiles/pico_micro_ros_main.dir/home/ngochoan/micro_ros_ws/src/pico-sdk/lib/tinyusb/src/portable/raspberrypi/rp2040/rp2040_usb.c.obj
                0x0000000010005044                rp2040_usb_init
 .text.hw_endpoint_xfer_start
                0x0000000010005090       0x50 CMakeFiles/pico_micro_ros_main.dir/home/ngochoan/micro_ros_ws/src/pico-sdk/lib/tinyusb/src/portable/raspberrypi/rp2040/rp2040_usb.c.obj
                0x0000000010005090                hw_endpoint_xfer_start
 .text.tud_mounted
                0x00000000100050e0       0x10 CMakeFiles/pico_micro_ros_main.dir/home/ngochoan/micro_ros_ws/src/pico-sdk/lib/tinyusb/src/device/usbd.c.obj
                0x00000000100050e0                tud_mounted
 .text.tud_suspended
                0x00000000100050f0       0x10 CMakeFiles/pico_micro_ros_main.dir/home/ngochoan/micro_ros_ws/src/pico-sdk/lib/tinyusb/src/device/usbd.c.obj
                0x00000000100050f0                tud_suspended
 .text.tud_inited
                0x0000000010005100       0x14 CMakeFiles/pico_micro_ros_main.dir/home/ngochoan/micro_ros_ws/src/pico-sdk/lib/tinyusb/src/device/usbd.c.obj
                0x0000000010005100                tud_inited
 .text.tud_init
                0x0000000010005114       0xe4 CMakeFiles/pico_micro_ros_main.dir/home/ngochoan/micro_ros_ws/src/pico-sdk/lib/tinyusb/src/device/usbd.c.obj
                0x0000000010005114                tud_init
 .text.tud_task_ext
                0x00000000100051f8      0x854 CMakeFiles/pico_micro_ros_main.dir/home/ngochoan/micro_ros_ws/src/pico-sdk/lib/tinyusb/src/device/usbd.c.obj
                0x00000000100051f8                tud_task_ext
 .text.usbd_open_edpt_pair
                0x0000000010005a4c       0x9c CMakeFiles/pico_micro_ros_main.dir/home/ngochoan/micro_ros_ws/src/pico-sdk/lib/tinyusb/src/device/usbd.c.obj
                0x0000000010005a4c                usbd_open_edpt_pair
 .text.usbd_defer_func
                0x0000000010005ae8       0x48 CMakeFiles/pico_micro_ros_main.dir/home/ngochoan/micro_ros_ws/src/pico-sdk/lib/tinyusb/src/device/usbd.c.obj
                0x0000000010005ae8                usbd_defer_func
 .text.usbd_edpt_open
                0x0000000010005b30       0x34 CMakeFiles/pico_micro_ros_main.dir/home/ngochoan/micro_ros_ws/src/pico-sdk/lib/tinyusb/src/device/usbd.c.obj
                0x0000000010005b30                usbd_edpt_open
 .text.usbd_edpt_claim
                0x0000000010005b64       0x28 CMakeFiles/pico_micro_ros_main.dir/home/ngochoan/micro_ros_ws/src/pico-sdk/lib/tinyusb/src/device/usbd.c.obj
                0x0000000010005b64                usbd_edpt_claim
 .text.usbd_edpt_release
                0x0000000010005b8c       0x28 CMakeFiles/pico_micro_ros_main.dir/home/ngochoan/micro_ros_ws/src/pico-sdk/lib/tinyusb/src/device/usbd.c.obj
                0x0000000010005b8c                usbd_edpt_release
 .text.usbd_edpt_xfer
                0x0000000010005bb4       0x4c CMakeFiles/pico_micro_ros_main.dir/home/ngochoan/micro_ros_ws/src/pico-sdk/lib/tinyusb/src/device/usbd.c.obj
                0x0000000010005bb4                usbd_edpt_xfer
 .text.tud_control_status
                0x0000000010005c00       0x30 CMakeFiles/pico_micro_ros_main.dir/home/ngochoan/micro_ros_ws/src/pico-sdk/lib/tinyusb/src/device/usbd_control.c.obj
                0x0000000010005c00                tud_control_status
 .text.tud_control_xfer
                0x0000000010005c30       0xbc CMakeFiles/pico_micro_ros_main.dir/home/ngochoan/micro_ros_ws/src/pico-sdk/lib/tinyusb/src/device/usbd_control.c.obj
                0x0000000010005c30                tud_control_xfer
 .text.usbd_control_reset
                0x0000000010005cec       0x14 CMakeFiles/pico_micro_ros_main.dir/home/ngochoan/micro_ros_ws/src/pico-sdk/lib/tinyusb/src/device/usbd_control.c.obj
                0x0000000010005cec                usbd_control_reset
 .text.usbd_control_set_complete_callback
                0x0000000010005d00        0xc CMakeFiles/pico_micro_ros_main.dir/home/ngochoan/micro_ros_ws/src/pico-sdk/lib/tinyusb/src/device/usbd_control.c.obj
                0x0000000010005d00                usbd_control_set_complete_callback
 .text.usbd_control_set_request
                0x0000000010005d0c       0x1c CMakeFiles/pico_micro_ros_main.dir/home/ngochoan/micro_ros_ws/src/pico-sdk/lib/tinyusb/src/device/usbd_control.c.obj
                0x0000000010005d0c                usbd_control_set_request
 .text.usbd_control_xfer_cb
                0x0000000010005d28       0xfc CMakeFiles/pico_micro_ros_main.dir/home/ngochoan/micro_ros_ws/src/pico-sdk/lib/tinyusb/src/device/usbd_control.c.obj
                0x0000000010005d28                usbd_control_xfer_cb
 .text.tud_cdc_n_connected
                0x0000000010005e24       0x30 CMakeFiles/pico_micro_ros_main.dir/home/ngochoan/micro_ros_ws/src/pico-sdk/lib/tinyusb/src/class/cdc/cdc_device.c.obj
                0x0000000010005e24                tud_cdc_n_connected
 .text.tud_cdc_n_available
                0x0000000010005e54       0x18 CMakeFiles/pico_micro_ros_main.dir/home/ngochoan/micro_ros_ws/src/pico-sdk/lib/tinyusb/src/class/cdc/cdc_device.c.obj
                0x0000000010005e54                tud_cdc_n_available
 .text.tud_cdc_n_read
                0x0000000010005e6c       0x70 CMakeFiles/pico_micro_ros_main.dir/home/ngochoan/micro_ros_ws/src/pico-sdk/lib/tinyusb/src/class/cdc/cdc_device.c.obj
                0x0000000010005e6c                tud_cdc_n_read
 .text.tud_cdc_n_write_flush
                0x0000000010005edc       0x78 CMakeFiles/pico_micro_ros_main.dir/home/ngochoan/micro_ros_ws/src/pico-sdk/lib/tinyusb/src/class/cdc/cdc_device.c.obj
                0x0000000010005edc                tud_cdc_n_write_flush
 .text.tud_cdc_n_write
                0x0000000010005f54       0x34 CMakeFiles/pico_micro_ros_main.dir/home/ngochoan/micro_ros_ws/src/pico-sdk/lib/tinyusb/src/class/cdc/cdc_device.c.obj
                0x0000000010005f54                tud_cdc_n_write
 .text.tud_cdc_n_write_available
                0x0000000010005f88       0x18 CMakeFiles/pico_micro_ros_main.dir/home/ngochoan/micro_ros_ws/src/pico-sdk/lib/tinyusb/src/class/cdc/cdc_device.c.obj
                0x0000000010005f88                tud_cdc_n_write_available
 .text.cdcd_init
                0x0000000010005fa0       0x7c CMakeFiles/pico_micro_ros_main.dir/home/ngochoan/micro_ros_ws/src/pico-sdk/lib/tinyusb/src/class/cdc/cdc_device.c.obj
                0x0000000010005fa0                cdcd_init
 .text.cdcd_reset
                0x000000001000601c       0x2c CMakeFiles/pico_micro_ros_main.dir/home/ngochoan/micro_ros_ws/src/pico-sdk/lib/tinyusb/src/class/cdc/cdc_device.c.obj
                0x000000001000601c                cdcd_reset
 .text.cdcd_open
                0x0000000010006048       0xe8 CMakeFiles/pico_micro_ros_main.dir/home/ngochoan/micro_ros_ws/src/pico-sdk/lib/tinyusb/src/class/cdc/cdc_device.c.obj
                0x0000000010006048                cdcd_open
 .text.cdcd_control_xfer_cb
                0x0000000010006130       0xe4 CMakeFiles/pico_micro_ros_main.dir/home/ngochoan/micro_ros_ws/src/pico-sdk/lib/tinyusb/src/class/cdc/cdc_device.c.obj
                0x0000000010006130                cdcd_control_xfer_cb
 .text.cdcd_xfer_cb
                0x0000000010006214      0x148 CMakeFiles/pico_micro_ros_main.dir/home/ngochoan/micro_ros_ws/src/pico-sdk/lib/tinyusb/src/class/cdc/cdc_device.c.obj
                0x0000000010006214                cdcd_xfer_cb
 .text.tusb_init
                0x000000001000635c        0xc CMakeFiles/pico_micro_ros_main.dir/home/ngochoan/micro_ros_ws/src/pico-sdk/lib/tinyusb/src/tusb.c.obj
                0x000000001000635c                tusb_init
 .text.tusb_inited
                0x0000000010006368        0x8 CMakeFiles/pico_micro_ros_main.dir/home/ngochoan/micro_ros_ws/src/pico-sdk/lib/tinyusb/src/tusb.c.obj
                0x0000000010006368                tusb_inited
 .text.tu_edpt_claim
                0x0000000010006370       0x50 CMakeFiles/pico_micro_ros_main.dir/home/ngochoan/micro_ros_ws/src/pico-sdk/lib/tinyusb/src/tusb.c.obj
                0x0000000010006370                tu_edpt_claim
 .text.tu_edpt_release
                0x00000000100063c0       0x38 CMakeFiles/pico_micro_ros_main.dir/home/ngochoan/micro_ros_ws/src/pico-sdk/lib/tinyusb/src/tusb.c.obj
                0x00000000100063c0                tu_edpt_release
 .text.tu_edpt_validate
                0x00000000100063f8       0x78 CMakeFiles/pico_micro_ros_main.dir/home/ngochoan/micro_ros_ws/src/pico-sdk/lib/tinyusb/src/tusb.c.obj
                0x00000000100063f8                tu_edpt_validate
 .text.tu_edpt_bind_driver
                0x0000000010006470       0x34 CMakeFiles/pico_micro_ros_main.dir/home/ngochoan/micro_ros_ws/src/pico-sdk/lib/tinyusb/src/tusb.c.obj
                0x0000000010006470                tu_edpt_bind_driver
 .text.tu_fifo_config
                0x00000000100064a4       0x70 CMakeFiles/pico_micro_ros_main.dir/home/ngochoan/micro_ros_ws/src/pico-sdk/lib/tinyusb/src/common/tusb_fifo.c.obj
                0x00000000100064a4                tu_fifo_config
 .text.tu_fifo_count
                0x0000000010006514       0x2c CMakeFiles/pico_micro_ros_main.dir/home/ngochoan/micro_ros_ws/src/pico-sdk/lib/tinyusb/src/common/tusb_fifo.c.obj
                0x0000000010006514                tu_fifo_count
 .text.tu_fifo_empty
                0x0000000010006540       0x10 CMakeFiles/pico_micro_ros_main.dir/home/ngochoan/micro_ros_ws/src/pico-sdk/lib/tinyusb/src/common/tusb_fifo.c.obj
                0x0000000010006540                tu_fifo_empty
 .text.tu_fifo_remaining
                0x0000000010006550       0x2c CMakeFiles/pico_micro_ros_main.dir/home/ngochoan/micro_ros_ws/src/pico-sdk/lib/tinyusb/src/common/tusb_fifo.c.obj
                0x0000000010006550                tu_fifo_remaining
 .text.tu_fifo_read
                0x000000001000657c       0xa0 CMakeFiles/pico_micro_ros_main.dir/home/ngochoan/micro_ros_ws/src/pico-sdk/lib/tinyusb/src/common/tusb_fifo.c.obj
                0x000000001000657c                tu_fifo_read
 .text.tu_fifo_read_n
                0x000000001000661c       0xec CMakeFiles/pico_micro_ros_main.dir/home/ngochoan/micro_ros_ws/src/pico-sdk/lib/tinyusb/src/common/tusb_fifo.c.obj
                0x000000001000661c                tu_fifo_read_n
 .text.tu_fifo_write
                0x0000000010006708       0x88 CMakeFiles/pico_micro_ros_main.dir/home/ngochoan/micro_ros_ws/src/pico-sdk/lib/tinyusb/src/common/tusb_fifo.c.obj
                0x0000000010006708                tu_fifo_write
 .text.tu_fifo_write_n
                0x0000000010006790      0x168 CMakeFiles/pico_micro_ros_main.dir/home/ngochoan/micro_ros_ws/src/pico-sdk/lib/tinyusb/src/common/tusb_fifo.c.obj
                0x0000000010006790                tu_fifo_write_n
 .text.tu_fifo_clear
                0x00000000100068f8       0x40 CMakeFiles/pico_micro_ros_main.dir/home/ngochoan/micro_ros_ws/src/pico-sdk/lib/tinyusb/src/common/tusb_fifo.c.obj
                0x00000000100068f8                tu_fifo_clear
 .text.tu_fifo_set_overwritable
                0x0000000010006938       0x48 CMakeFiles/pico_micro_ros_main.dir/home/ngochoan/micro_ros_ws/src/pico-sdk/lib/tinyusb/src/common/tusb_fifo.c.obj
                0x0000000010006938                tu_fifo_set_overwritable
 .text.rcl_get_zero_initialized_publisher
                0x0000000010006980        0xc /home/ngochoan/micro_ros_ws/src/micro_ros_raspberrypi_pico_sdk/libmicroros/libmicroros.a(librcl-publisher.c.obj)
                0x0000000010006980                rcl_get_zero_initialized_publisher
 .text.rcl_publisher_init
                0x000000001000698c      0x13c /home/ngochoan/micro_ros_ws/src/micro_ros_raspberrypi_pico_sdk/libmicroros/libmicroros.a(librcl-publisher.c.obj)
                0x000000001000698c                rcl_publisher_init
 .text.rcl_publisher_get_default_options
                0x0000000010006ac8       0x7c /home/ngochoan/micro_ros_ws/src/micro_ros_raspberrypi_pico_sdk/libmicroros/libmicroros.a(librcl-publisher.c.obj)
                0x0000000010006ac8                rcl_publisher_get_default_options
 .text.rcl_publish
                0x0000000010006b44       0x4c /home/ngochoan/micro_ros_ws/src/micro_ros_raspberrypi_pico_sdk/libmicroros/libmicroros.a(librcl-publisher.c.obj)
                0x0000000010006b44                rcl_publish
 .text.rcl_publisher_is_valid
                0x0000000010006b90       0x30 /home/ngochoan/micro_ros_ws/src/micro_ros_raspberrypi_pico_sdk/libmicroros/libmicroros.a(librcl-publisher.c.obj)
                0x0000000010006b90                rcl_publisher_is_valid
 .text.rcl_publisher_is_valid_except_context
                0x0000000010006bc0       0x1c /home/ngochoan/micro_ros_ws/src/micro_ros_raspberrypi_pico_sdk/libmicroros/libmicroros.a(librcl-publisher.c.obj)
                0x0000000010006bc0                rcl_publisher_is_valid_except_context
 .text._rclc_check_for_new_data
                0x0000000010006bdc       0x90 /home/ngochoan/micro_ros_ws/src/micro_ros_raspberrypi_pico_sdk/libmicroros/libmicroros.a(librclc-executor.c.obj)
 .text._rclc_take_new_data
                0x0000000010006c6c      0x2c8 /home/ngochoan/micro_ros_ws/src/micro_ros_raspberrypi_pico_sdk/libmicroros/libmicroros.a(librclc-executor.c.obj)
 .text._rclc_execute.part.0
                0x0000000010006f34      0x29c /home/ngochoan/micro_ros_ws/src/micro_ros_raspberrypi_pico_sdk/libmicroros/libmicroros.a(librclc-executor.c.obj)
 .text.rclc_executor_trigger_any
                0x00000000100071d0       0x7c /home/ngochoan/micro_ros_ws/src/micro_ros_raspberrypi_pico_sdk/libmicroros/libmicroros.a(librclc-executor.c.obj)
                0x00000000100071d0                rclc_executor_trigger_any
 .text.rclc_executor_init
                0x000000001000724c       0xc4 /home/ngochoan/micro_ros_ws/src/micro_ros_raspberrypi_pico_sdk/libmicroros/libmicroros.a(librclc-executor.c.obj)
                0x000000001000724c                rclc_executor_init
 .text.rclc_executor_add_timer
                0x0000000010007310       0x58 /home/ngochoan/micro_ros_ws/src/micro_ros_raspberrypi_pico_sdk/libmicroros/libmicroros.a(librclc-executor.c.obj)
                0x0000000010007310                rclc_executor_add_timer
 .text.rclc_executor_prepare
                0x0000000010007368       0x88 /home/ngochoan/micro_ros_ws/src/micro_ros_raspberrypi_pico_sdk/libmicroros/libmicroros.a(librclc-executor.c.obj)
                0x0000000010007368                rclc_executor_prepare
 .text.rclc_executor_spin_some.part.0
                0x00000000100073f0      0x384 /home/ngochoan/micro_ros_ws/src/micro_ros_raspberrypi_pico_sdk/libmicroros/libmicroros.a(librclc-executor.c.obj)
 .text.rclc_executor_spin_some
                0x0000000010007774       0x30 /home/ngochoan/micro_ros_ws/src/micro_ros_raspberrypi_pico_sdk/libmicroros/libmicroros.a(librclc-executor.c.obj)
                0x0000000010007774                rclc_executor_spin_some
 .text.rclc_executor_handle_counters_zero_init
                0x00000000100077a4       0x18 /home/ngochoan/micro_ros_ws/src/micro_ros_raspberrypi_pico_sdk/libmicroros/libmicroros.a(librclc-executor_handle.c.obj)
                0x00000000100077a4                rclc_executor_handle_counters_zero_init
 .text.rclc_executor_handle_init
                0x00000000100077bc       0x28 /home/ngochoan/micro_ros_ws/src/micro_ros_raspberrypi_pico_sdk/libmicroros/libmicroros.a(librclc-executor_handle.c.obj)
                0x00000000100077bc                rclc_executor_handle_init
 .text.rclc_support_init
                0x00000000100077e4       0x94 /home/ngochoan/micro_ros_ws/src/micro_ros_raspberrypi_pico_sdk/libmicroros/libmicroros.a(librclc-init.c.obj)
                0x00000000100077e4                rclc_support_init
 .text.rclc_node_init_default
                0x0000000010007878       0x74 /home/ngochoan/micro_ros_ws/src/micro_ros_raspberrypi_pico_sdk/libmicroros/libmicroros.a(librclc-node.c.obj)
                0x0000000010007878                rclc_node_init_default
 .text.rclc_publisher_init_default
                0x00000000100078ec       0x68 /home/ngochoan/micro_ros_ws/src/micro_ros_raspberrypi_pico_sdk/libmicroros/libmicroros.a(librclc-publisher.c.obj)
                0x00000000100078ec                rclc_publisher_init_default
 .text.rclc_timer_init_default
                0x0000000010007954       0x60 /home/ngochoan/micro_ros_ws/src/micro_ros_raspberrypi_pico_sdk/libmicroros/libmicroros.a(librclc-timer.c.obj)
                0x0000000010007954                rclc_timer_init_default
 .text.__default_zero_allocate
                0x00000000100079b4        0x8 /home/ngochoan/micro_ros_ws/src/micro_ros_raspberrypi_pico_sdk/libmicroros/libmicroros.a(librcutils-allocator.c.obj)
 .text.__default_reallocate
                0x00000000100079bc        0x8 /home/ngochoan/micro_ros_ws/src/micro_ros_raspberrypi_pico_sdk/libmicroros/libmicroros.a(librcutils-allocator.c.obj)
 .text.__default_deallocate
                0x00000000100079c4        0x8 /home/ngochoan/micro_ros_ws/src/micro_ros_raspberrypi_pico_sdk/libmicroros/libmicroros.a(librcutils-allocator.c.obj)
 .text.__default_allocate
                0x00000000100079cc        0x8 /home/ngochoan/micro_ros_ws/src/micro_ros_raspberrypi_pico_sdk/libmicroros/libmicroros.a(librcutils-allocator.c.obj)
 .text.rcutils_get_zero_initialized_allocator
                0x00000000100079d4       0x14 /home/ngochoan/micro_ros_ws/src/micro_ros_raspberrypi_pico_sdk/libmicroros/libmicroros.a(librcutils-allocator.c.obj)
                0x00000000100079d4                rcutils_get_zero_initialized_allocator
 .text.rcutils_get_default_allocator
                0x00000000100079e8       0x14 /home/ngochoan/micro_ros_ws/src/micro_ros_raspberrypi_pico_sdk/libmicroros/libmicroros.a(librcutils-allocator.c.obj)
                0x00000000100079e8                rcutils_get_default_allocator
 .text.rcutils_allocator_is_valid
                0x00000000100079fc       0x24 /home/ngochoan/micro_ros_ws/src/micro_ros_raspberrypi_pico_sdk/libmicroros/libmicroros.a(librcutils-allocator.c.obj)
                0x00000000100079fc                rcutils_allocator_is_valid
 .text.rcutils_get_error_string
                0x0000000010007a20       0x34 /home/ngochoan/micro_ros_ws/src/micro_ros_raspberrypi_pico_sdk/libmicroros/libmicroros.a(librcutils-error_handling.c.obj)
                0x0000000010007a20                rcutils_get_error_string
 .text.rcutils_reset_error
                0x0000000010007a54       0x38 /home/ngochoan/micro_ros_ws/src/micro_ros_raspberrypi_pico_sdk/libmicroros/libmicroros.a(librcutils-error_handling.c.obj)
                0x0000000010007a54                rcutils_reset_error
 .text.rcutils_system_time_now
                0x0000000010007a8c       0x58 /home/ngochoan/micro_ros_ws/src/micro_ros_raspberrypi_pico_sdk/libmicroros/libmicroros.a(librcutils-time_unix.c.obj)
                0x0000000010007a8c                rcutils_system_time_now
 .text.rcutils_steady_time_now
                0x0000000010007ae4       0x58 /home/ngochoan/micro_ros_ws/src/micro_ros_raspberrypi_pico_sdk/libmicroros/libmicroros.a(librcutils-time_unix.c.obj)
                0x0000000010007ae4                rcutils_steady_time_now
 .text.rmw_get_default_publisher_options
                0x0000000010007b3c        0x8 /home/ngochoan/micro_ros_ws/src/micro_ros_raspberrypi_pico_sdk/libmicroros/libmicroros.a(librmw-publisher_options.c.obj)
                0x0000000010007b3c                rmw_get_default_publisher_options
 .text.rmw_uros_set_custom_transport
                0x0000000010007b44       0x34 /home/ngochoan/micro_ros_ws/src/micro_ros_raspberrypi_pico_sdk/libmicroros/libmicroros.a(librmw_microxrcedds-custom_transport.c.obj)
                0x0000000010007b44                rmw_uros_set_custom_transport
 .text.rmw_uros_ping_agent
                0x0000000010007b78       0xa0 /home/ngochoan/micro_ros_ws/src/micro_ros_raspberrypi_pico_sdk/libmicroros/libmicroros.a(librmw_microxrcedds-ping.c.obj)
                0x0000000010007b78                rmw_uros_ping_agent
 .text.flush_session
                0x0000000010007c18        0xc /home/ngochoan/micro_ros_ws/src/micro_ros_raspberrypi_pico_sdk/libmicroros/libmicroros.a(librmw_microxrcedds-rmw_publish.c.obj)
                0x0000000010007c18                flush_session
 .text.rmw_publish
                0x0000000010007c24       0xd8 /home/ngochoan/micro_ros_ws/src/micro_ros_raspberrypi_pico_sdk/libmicroros/libmicroros.a(librmw_microxrcedds-rmw_publish.c.obj)
                0x0000000010007c24                rmw_publish
 .text.rmw_create_publisher
                0x0000000010007cfc      0x20c /home/ngochoan/micro_ros_ws/src/micro_ros_raspberrypi_pico_sdk/libmicroros/libmicroros.a(librmw_microxrcedds-rmw_publisher.c.obj)
                0x0000000010007cfc                rmw_create_publisher
 .text.rmw_publisher_get_actual_qos
                0x0000000010007f08       0x20 /home/ngochoan/micro_ros_ws/src/micro_ros_raspberrypi_pico_sdk/libmicroros/libmicroros.a(librmw_microxrcedds-rmw_publisher.c.obj)
                0x0000000010007f08                rmw_publisher_get_actual_qos
 .text.rmw_destroy_publisher
                0x0000000010007f28       0xf4 /home/ngochoan/micro_ros_ws/src/micro_ros_raspberrypi_pico_sdk/libmicroros/libmicroros.a(librmw_microxrcedds-rmw_publisher.c.obj)
                0x0000000010007f28                rmw_destroy_publisher
 .text.rmw_uxrce_transport_init
                0x000000001000801c       0x2c /home/ngochoan/micro_ros_ws/src/micro_ros_raspberrypi_pico_sdk/libmicroros/libmicroros.a(librmw_microxrcedds-rmw_uxrce_transports.c.obj)
                0x000000001000801c                rmw_uxrce_transport_init
 .text.rmw_uxrce_init_service_memory
                0x0000000010008048       0x48 /home/ngochoan/micro_ros_ws/src/micro_ros_raspberrypi_pico_sdk/libmicroros/libmicroros.a(librmw_microxrcedds-types.c.obj)
                0x0000000010008048                rmw_uxrce_init_service_memory
 .text.rmw_uxrce_init_client_memory
                0x0000000010008090       0x48 /home/ngochoan/micro_ros_ws/src/micro_ros_raspberrypi_pico_sdk/libmicroros/libmicroros.a(librmw_microxrcedds-types.c.obj)
                0x0000000010008090                rmw_uxrce_init_client_memory
 .text.rmw_uxrce_init_publisher_memory
                0x00000000100080d8       0x48 /home/ngochoan/micro_ros_ws/src/micro_ros_raspberrypi_pico_sdk/libmicroros/libmicroros.a(librmw_microxrcedds-types.c.obj)
                0x00000000100080d8                rmw_uxrce_init_publisher_memory
 .text.rmw_uxrce_init_subscription_memory
                0x0000000010008120       0x48 /home/ngochoan/micro_ros_ws/src/micro_ros_raspberrypi_pico_sdk/libmicroros/libmicroros.a(librmw_microxrcedds-types.c.obj)
                0x0000000010008120                rmw_uxrce_init_subscription_memory
 .text.rmw_uxrce_init_node_memory
                0x0000000010008168       0x48 /home/ngochoan/micro_ros_ws/src/micro_ros_raspberrypi_pico_sdk/libmicroros/libmicroros.a(librmw_microxrcedds-types.c.obj)
                0x0000000010008168                rmw_uxrce_init_node_memory
 .text.rmw_uxrce_init_session_memory
                0x00000000100081b0       0x50 /home/ngochoan/micro_ros_ws/src/micro_ros_raspberrypi_pico_sdk/libmicroros/libmicroros.a(librmw_microxrcedds-types.c.obj)
                0x00000000100081b0                rmw_uxrce_init_session_memory
 .text.rmw_uxrce_init_topic_memory
                0x0000000010008200       0x48 /home/ngochoan/micro_ros_ws/src/micro_ros_raspberrypi_pico_sdk/libmicroros/libmicroros.a(librmw_microxrcedds-types.c.obj)
                0x0000000010008200                rmw_uxrce_init_topic_memory
 .text.rmw_uxrce_init_static_input_buffer_memory
                0x0000000010008248       0x50 /home/ngochoan/micro_ros_ws/src/micro_ros_raspberrypi_pico_sdk/libmicroros/libmicroros.a(librmw_microxrcedds-types.c.obj)
                0x0000000010008248                rmw_uxrce_init_static_input_buffer_memory
 .text.rmw_uxrce_init_init_options_impl_memory
                0x0000000010008298       0x48 /home/ngochoan/micro_ros_ws/src/micro_ros_raspberrypi_pico_sdk/libmicroros/libmicroros.a(librmw_microxrcedds-types.c.obj)
                0x0000000010008298                rmw_uxrce_init_init_options_impl_memory
 .text.rmw_uxrce_init_wait_set_memory
                0x00000000100082e0       0x48 /home/ngochoan/micro_ros_ws/src/micro_ros_raspberrypi_pico_sdk/libmicroros/libmicroros.a(librmw_microxrcedds-types.c.obj)
                0x00000000100082e0                rmw_uxrce_init_wait_set_memory
 .text.rmw_uxrce_init_guard_condition_memory
                0x0000000010008328       0x48 /home/ngochoan/micro_ros_ws/src/micro_ros_raspberrypi_pico_sdk/libmicroros/libmicroros.a(librmw_microxrcedds-types.c.obj)
                0x0000000010008328                rmw_uxrce_init_guard_condition_memory
 .text.rmw_uxrce_fini_session_memory
                0x0000000010008370       0x10 /home/ngochoan/micro_ros_ws/src/micro_ros_raspberrypi_pico_sdk/libmicroros/libmicroros.a(librmw_microxrcedds-types.c.obj)
                0x0000000010008370                rmw_uxrce_fini_session_memory
 .text.rmw_uxrce_fini_node_memory
                0x0000000010008380       0x34 /home/ngochoan/micro_ros_ws/src/micro_ros_raspberrypi_pico_sdk/libmicroros/libmicroros.a(librmw_microxrcedds-types.c.obj)
                0x0000000010008380                rmw_uxrce_fini_node_memory
 .text.rmw_uxrce_fini_publisher_memory
                0x00000000100083b4       0x34 /home/ngochoan/micro_ros_ws/src/micro_ros_raspberrypi_pico_sdk/libmicroros/libmicroros.a(librmw_microxrcedds-types.c.obj)
                0x00000000100083b4                rmw_uxrce_fini_publisher_memory
 .text.rmw_uxrce_fini_subscription_memory
                0x00000000100083e8       0x34 /home/ngochoan/micro_ros_ws/src/micro_ros_raspberrypi_pico_sdk/libmicroros/libmicroros.a(librmw_microxrcedds-types.c.obj)
                0x00000000100083e8                rmw_uxrce_fini_subscription_memory
 .text.rmw_uxrce_fini_service_memory
                0x000000001000841c       0x34 /home/ngochoan/micro_ros_ws/src/micro_ros_raspberrypi_pico_sdk/libmicroros/libmicroros.a(librmw_microxrcedds-types.c.obj)
                0x000000001000841c                rmw_uxrce_fini_service_memory
 .text.rmw_uxrce_fini_client_memory
                0x0000000010008450       0x34 /home/ngochoan/micro_ros_ws/src/micro_ros_raspberrypi_pico_sdk/libmicroros/libmicroros.a(librmw_microxrcedds-types.c.obj)
                0x0000000010008450                rmw_uxrce_fini_client_memory
 .text.rmw_uxrce_fini_topic_memory
                0x0000000010008484       0x18 /home/ngochoan/micro_ros_ws/src/micro_ros_raspberrypi_pico_sdk/libmicroros/libmicroros.a(librmw_microxrcedds-types.c.obj)
                0x0000000010008484                rmw_uxrce_fini_topic_memory
 .text.rmw_uxrce_get_static_input_buffer_for_entity
                0x000000001000849c       0xbc /home/ngochoan/micro_ros_ws/src/micro_ros_raspberrypi_pico_sdk/libmicroros/libmicroros.a(librmw_microxrcedds-types.c.obj)
                0x000000001000849c                rmw_uxrce_get_static_input_buffer_for_entity
 .text.rmw_uxrce_find_static_input_buffer_by_owner
                0x0000000010008558       0x5c /home/ngochoan/micro_ros_ws/src/micro_ros_raspberrypi_pico_sdk/libmicroros/libmicroros.a(librmw_microxrcedds-types.c.obj)
                0x0000000010008558                rmw_uxrce_find_static_input_buffer_by_owner
 .text.rmw_uxrce_clean_expired_static_input_buffer
                0x00000000100085b4       0xfc /home/ngochoan/micro_ros_ws/src/micro_ros_raspberrypi_pico_sdk/libmicroros/libmicroros.a(librmw_microxrcedds-types.c.obj)
                0x00000000100085b4                rmw_uxrce_clean_expired_static_input_buffer
 .text.run_xrce_session
                0x00000000100086b0       0x40 /home/ngochoan/micro_ros_ws/src/micro_ros_raspberrypi_pico_sdk/libmicroros/libmicroros.a(librmw_microxrcedds-utils.c.obj)
                0x00000000100086b0                run_xrce_session
 .text.convert_qos_profile
                0x00000000100086f0       0x2c /home/ngochoan/micro_ros_ws/src/micro_ros_raspberrypi_pico_sdk/libmicroros/libmicroros.a(librmw_microxrcedds-utils.c.obj)
                0x00000000100086f0                convert_qos_profile
 .text.generate_type_name
                0x000000001000871c       0x68 /home/ngochoan/micro_ros_ws/src/micro_ros_raspberrypi_pico_sdk/libmicroros/libmicroros.a(librmw_microxrcedds-utils.c.obj)
                0x000000001000871c                generate_type_name
 .text.generate_topic_name
                0x0000000010008784       0x38 /home/ngochoan/micro_ros_ws/src/micro_ros_raspberrypi_pico_sdk/libmicroros/libmicroros.a(librmw_microxrcedds-utils.c.obj)
                0x0000000010008784                generate_topic_name
 .text.is_uxrce_rmw_identifier_valid
                0x00000000100087bc       0x20 /home/ngochoan/micro_ros_ws/src/micro_ros_raspberrypi_pico_sdk/libmicroros/libmicroros.a(librmw_microxrcedds-utils.c.obj)
                0x00000000100087bc                is_uxrce_rmw_identifier_valid
 .text.get_message_typesupport_handle
                0x00000000100087dc        0x8 /home/ngochoan/micro_ros_ws/src/micro_ros_raspberrypi_pico_sdk/libmicroros/libmicroros.a(librosidl_runtime_c-message_type_support.c.obj)
                0x00000000100087dc                get_message_typesupport_handle
 .text.get_message_typesupport_handle_function
                0x00000000100087e4       0x18 /home/ngochoan/micro_ros_ws/src/micro_ros_raspberrypi_pico_sdk/libmicroros/libmicroros.a(librosidl_runtime_c-message_type_support.c.obj)
                0x00000000100087e4                get_message_typesupport_handle_function
 .text.rosidl_typesupport_c__get_message_type_support_handle__std_msgs__msg__Float64
                0x00000000100087fc       0x1c /home/ngochoan/micro_ros_ws/src/micro_ros_raspberrypi_pico_sdk/libmicroros/libmicroros.a(libstd_msgs__rosidl_typesupport_c-float64__type_support.cpp.obj)
                0x00000000100087fc                rosidl_typesupport_c__get_message_type_support_handle__std_msgs__msg__Float64
 .text.startup._GLOBAL__sub_I_rosidl_typesupport_c__get_message_type_support_handle__std_msgs__msg__Float64
                0x0000000010008818       0x14 /home/ngochoan/micro_ros_ws/src/micro_ros_raspberrypi_pico_sdk/libmicroros/libmicroros.a(libstd_msgs__rosidl_typesupport_c-float64__type_support.cpp.obj)
 .text.std_msgs__msg__Float64__rosidl_typesupport_introspection_c__Float64_init_function
                0x000000001000882c        0x8 /home/ngochoan/micro_ros_ws/src/micro_ros_raspberrypi_pico_sdk/libmicroros/libmicroros.a(libstd_msgs__rosidl_typesupport_introspection_c-float64__type_support.c.obj)
                0x000000001000882c                std_msgs__msg__Float64__rosidl_typesupport_introspection_c__Float64_init_function
 .text.std_msgs__msg__Float64__rosidl_typesupport_introspection_c__Float64_fini_function
                0x0000000010008834        0x8 /home/ngochoan/micro_ros_ws/src/micro_ros_raspberrypi_pico_sdk/libmicroros/libmicroros.a(libstd_msgs__rosidl_typesupport_introspection_c-float64__type_support.c.obj)
                0x0000000010008834                std_msgs__msg__Float64__rosidl_typesupport_introspection_c__Float64_fini_function
 .text.rosidl_typesupport_introspection_c__get_message_type_support_handle__std_msgs__msg__Float64
                0x000000001000883c       0x1c /home/ngochoan/micro_ros_ws/src/micro_ros_raspberrypi_pico_sdk/libmicroros/libmicroros.a(libstd_msgs__rosidl_typesupport_introspection_c-float64__type_support.c.obj)
                0x000000001000883c                rosidl_typesupport_introspection_c__get_message_type_support_handle__std_msgs__msg__Float64
 .text._Float64__max_serialized_size
                0x0000000010008858       0x10 /home/ngochoan/micro_ros_ws/src/micro_ros_raspberrypi_pico_sdk/libmicroros/libmicroros.a(libstd_msgs__rosidl_typesupport_microxrcedds_c-float64__type_support_c.c.obj)
 .text._Float64__cdr_deserialize
                0x0000000010008868       0x10 /home/ngochoan/micro_ros_ws/src/micro_ros_raspberrypi_pico_sdk/libmicroros/libmicroros.a(libstd_msgs__rosidl_typesupport_microxrcedds_c-float64__type_support_c.c.obj)
 .text._Float64__get_serialized_size
                0x0000000010008878       0x18 /home/ngochoan/micro_ros_ws/src/micro_ros_raspberrypi_pico_sdk/libmicroros/libmicroros.a(libstd_msgs__rosidl_typesupport_microxrcedds_c-float64__type_support_c.c.obj)
 .text._Float64__cdr_serialize
                0x0000000010008890       0x18 /home/ngochoan/micro_ros_ws/src/micro_ros_raspberrypi_pico_sdk/libmicroros/libmicroros.a(libstd_msgs__rosidl_typesupport_microxrcedds_c-float64__type_support_c.c.obj)
 .text.get_serialized_size_std_msgs__msg__Float64
                0x00000000100088a8       0x18 /home/ngochoan/micro_ros_ws/src/micro_ros_raspberrypi_pico_sdk/libmicroros/libmicroros.a(libstd_msgs__rosidl_typesupport_microxrcedds_c-float64__type_support_c.c.obj)
                0x00000000100088a8                get_serialized_size_std_msgs__msg__Float64
 .text.rosidl_typesupport_microxrcedds_c__get_message_type_support_handle__std_msgs__msg__Float64
                0x00000000100088c0        0x8 /home/ngochoan/micro_ros_ws/src/micro_ros_raspberrypi_pico_sdk/libmicroros/libmicroros.a(libstd_msgs__rosidl_typesupport_microxrcedds_c-float64__type_support_c.c.obj)
                0x00000000100088c0                rosidl_typesupport_microxrcedds_c__get_message_type_support_handle__std_msgs__msg__Float64
 .text.ucdr_serialize_bool
                0x00000000100088c8       0x2c /home/ngochoan/micro_ros_ws/src/micro_ros_raspberrypi_pico_sdk/libmicroros/libmicroros.a(libmicrocdr-basic.c.obj)
                0x00000000100088c8                ucdr_serialize_bool
 .text.ucdr_deserialize_bool
                0x00000000100088f4       0x30 /home/ngochoan/micro_ros_ws/src/micro_ros_raspberrypi_pico_sdk/libmicroros/libmicroros.a(libmicrocdr-basic.c.obj)
                0x00000000100088f4                ucdr_deserialize_bool
 .text.ucdr_serialize_uint8_t
                0x0000000010008924       0x2c /home/ngochoan/micro_ros_ws/src/micro_ros_raspberrypi_pico_sdk/libmicroros/libmicroros.a(libmicrocdr-basic.c.obj)
                0x0000000010008924                ucdr_serialize_uint8_t
 .text.ucdr_deserialize_uint8_t
                0x0000000010008950       0x30 /home/ngochoan/micro_ros_ws/src/micro_ros_raspberrypi_pico_sdk/libmicroros/libmicroros.a(libmicrocdr-basic.c.obj)
                0x0000000010008950                ucdr_deserialize_uint8_t
 .text.ucdr_serialize_uint16_t
                0x0000000010008980       0xf4 /home/ngochoan/micro_ros_ws/src/micro_ros_raspberrypi_pico_sdk/libmicroros/libmicroros.a(libmicrocdr-basic.c.obj)
                0x0000000010008980                ucdr_serialize_uint16_t
 .text.ucdr_serialize_endian_uint16_t
                0x0000000010008a74      0x100 /home/ngochoan/micro_ros_ws/src/micro_ros_raspberrypi_pico_sdk/libmicroros/libmicroros.a(libmicrocdr-basic.c.obj)
                0x0000000010008a74                ucdr_serialize_endian_uint16_t
 .text.ucdr_deserialize_uint16_t
                0x0000000010008b74       0xec /home/ngochoan/micro_ros_ws/src/micro_ros_raspberrypi_pico_sdk/libmicroros/libmicroros.a(libmicrocdr-basic.c.obj)
                0x0000000010008b74                ucdr_deserialize_uint16_t
 .text.ucdr_deserialize_endian_uint16_t
                0x0000000010008c60       0xf8 /home/ngochoan/micro_ros_ws/src/micro_ros_raspberrypi_pico_sdk/libmicroros/libmicroros.a(libmicrocdr-basic.c.obj)
                0x0000000010008c60                ucdr_deserialize_endian_uint16_t
 .text.ucdr_serialize_uint32_t
                0x0000000010008d58      0x11c /home/ngochoan/micro_ros_ws/src/micro_ros_raspberrypi_pico_sdk/libmicroros/libmicroros.a(libmicrocdr-basic.c.obj)
                0x0000000010008d58                ucdr_serialize_uint32_t
 .text.ucdr_serialize_endian_uint32_t
                0x0000000010008e74      0x11c /home/ngochoan/micro_ros_ws/src/micro_ros_raspberrypi_pico_sdk/libmicroros/libmicroros.a(libmicrocdr-basic.c.obj)
                0x0000000010008e74                ucdr_serialize_endian_uint32_t
 .text.ucdr_deserialize_uint32_t
                0x0000000010008f90      0x11c /home/ngochoan/micro_ros_ws/src/micro_ros_raspberrypi_pico_sdk/libmicroros/libmicroros.a(libmicrocdr-basic.c.obj)
                0x0000000010008f90                ucdr_deserialize_uint32_t
 .text.ucdr_deserialize_endian_uint32_t
                0x00000000100090ac      0x12c /home/ngochoan/micro_ros_ws/src/micro_ros_raspberrypi_pico_sdk/libmicroros/libmicroros.a(libmicrocdr-basic.c.obj)
                0x00000000100090ac                ucdr_deserialize_endian_uint32_t
 .text.ucdr_serialize_uint64_t
                0x00000000100091d8      0x170 /home/ngochoan/micro_ros_ws/src/micro_ros_raspberrypi_pico_sdk/libmicroros/libmicroros.a(libmicrocdr-basic.c.obj)
                0x00000000100091d8                ucdr_serialize_uint64_t
 .text.ucdr_serialize_int16_t
                0x0000000010009348       0xf4 /home/ngochoan/micro_ros_ws/src/micro_ros_raspberrypi_pico_sdk/libmicroros/libmicroros.a(libmicrocdr-basic.c.obj)
                0x0000000010009348                ucdr_serialize_int16_t
 .text.ucdr_deserialize_int16_t
                0x000000001000943c       0xec /home/ngochoan/micro_ros_ws/src/micro_ros_raspberrypi_pico_sdk/libmicroros/libmicroros.a(libmicrocdr-basic.c.obj)
                0x000000001000943c                ucdr_deserialize_int16_t
 .text.ucdr_serialize_int32_t
                0x0000000010009528      0x11c /home/ngochoan/micro_ros_ws/src/micro_ros_raspberrypi_pico_sdk/libmicroros/libmicroros.a(libmicrocdr-basic.c.obj)
                0x0000000010009528                ucdr_serialize_int32_t
 .text.ucdr_deserialize_int32_t
                0x0000000010009644      0x11c /home/ngochoan/micro_ros_ws/src/micro_ros_raspberrypi_pico_sdk/libmicroros/libmicroros.a(libmicrocdr-basic.c.obj)
                0x0000000010009644                ucdr_deserialize_int32_t
 .text.ucdr_serialize_double
                0x0000000010009760      0x170 /home/ngochoan/micro_ros_ws/src/micro_ros_raspberrypi_pico_sdk/libmicroros/libmicroros.a(libmicrocdr-basic.c.obj)
                0x0000000010009760                ucdr_serialize_double
 .text.ucdr_deserialize_double
                0x00000000100098d0      0x180 /home/ngochoan/micro_ros_ws/src/micro_ros_raspberrypi_pico_sdk/libmicroros/libmicroros.a(libmicrocdr-basic.c.obj)
                0x00000000100098d0                ucdr_deserialize_double
 .text.ucdr_check_buffer_available_for
                0x0000000010009a50       0x1c /home/ngochoan/micro_ros_ws/src/micro_ros_raspberrypi_pico_sdk/libmicroros/libmicroros.a(libmicrocdr-common.c.obj)
                0x0000000010009a50                ucdr_check_buffer_available_for
 .text.ucdr_check_final_buffer_behavior
                0x0000000010009a6c       0x38 /home/ngochoan/micro_ros_ws/src/micro_ros_raspberrypi_pico_sdk/libmicroros/libmicroros.a(libmicrocdr-common.c.obj)
                0x0000000010009a6c                ucdr_check_final_buffer_behavior
 .text.ucdr_set_on_full_buffer_callback
                0x0000000010009aa4        0x8 /home/ngochoan/micro_ros_ws/src/micro_ros_raspberrypi_pico_sdk/libmicroros/libmicroros.a(libmicrocdr-common.c.obj)
                0x0000000010009aa4                ucdr_set_on_full_buffer_callback
 .text.ucdr_init_buffer_origin_offset_endian
                0x0000000010009aac       0x28 /home/ngochoan/micro_ros_ws/src/micro_ros_raspberrypi_pico_sdk/libmicroros/libmicroros.a(libmicrocdr-common.c.obj)
                0x0000000010009aac                ucdr_init_buffer_origin_offset_endian
 .text.ucdr_init_buffer_origin_offset
                0x0000000010009ad4       0x14 /home/ngochoan/micro_ros_ws/src/micro_ros_raspberrypi_pico_sdk/libmicroros/libmicroros.a(libmicrocdr-common.c.obj)
                0x0000000010009ad4                ucdr_init_buffer_origin_offset
 .text.ucdr_init_buffer_origin
                0x0000000010009ae8       0x10 /home/ngochoan/micro_ros_ws/src/micro_ros_raspberrypi_pico_sdk/libmicroros/libmicroros.a(libmicrocdr-common.c.obj)
                0x0000000010009ae8                ucdr_init_buffer_origin
 .text.ucdr_init_buffer
                0x0000000010009af8        0xc /home/ngochoan/micro_ros_ws/src/micro_ros_raspberrypi_pico_sdk/libmicroros/libmicroros.a(libmicrocdr-common.c.obj)
                0x0000000010009af8                ucdr_init_buffer
 .text.ucdr_alignment
                0x0000000010009b04       0x10 /home/ngochoan/micro_ros_ws/src/micro_ros_raspberrypi_pico_sdk/libmicroros/libmicroros.a(libmicrocdr-common.c.obj)
                0x0000000010009b04                ucdr_alignment
 .text.ucdr_buffer_alignment
                0x0000000010009b14       0x1c /home/ngochoan/micro_ros_ws/src/micro_ros_raspberrypi_pico_sdk/libmicroros/libmicroros.a(libmicrocdr-common.c.obj)
                0x0000000010009b14                ucdr_buffer_alignment
 .text.ucdr_align_to
                0x0000000010009b30       0x24 /home/ngochoan/micro_ros_ws/src/micro_ros_raspberrypi_pico_sdk/libmicroros/libmicroros.a(libmicrocdr-common.c.obj)
                0x0000000010009b30                ucdr_align_to
 .text.ucdr_buffer_length
                0x0000000010009b54        0x8 /home/ngochoan/micro_ros_ws/src/micro_ros_raspberrypi_pico_sdk/libmicroros/libmicroros.a(libmicrocdr-common.c.obj)
                0x0000000010009b54                ucdr_buffer_length
 .text.ucdr_buffer_remaining
                0x0000000010009b5c        0x8 /home/ngochoan/micro_ros_ws/src/micro_ros_raspberrypi_pico_sdk/libmicroros/libmicroros.a(libmicrocdr-common.c.obj)
                0x0000000010009b5c                ucdr_buffer_remaining
 .text.ucdr_check_final_buffer_behavior_array
                0x0000000010009b64       0x44 /home/ngochoan/micro_ros_ws/src/micro_ros_raspberrypi_pico_sdk/libmicroros/libmicroros.a(libmicrocdr-common.c.obj)
                0x0000000010009b64                ucdr_check_final_buffer_behavior_array
 .text.ucdr_advance_buffer
                0x0000000010009ba8       0x44 /home/ngochoan/micro_ros_ws/src/micro_ros_raspberrypi_pico_sdk/libmicroros/libmicroros.a(libmicrocdr-common.c.obj)
                0x0000000010009ba8                ucdr_advance_buffer
 .text.uxr_buffer_delete_entity
                0x0000000010009bec       0x40 /home/ngochoan/micro_ros_ws/src/micro_ros_raspberrypi_pico_sdk/libmicroros/libmicroros.a(libmicroxrcedds_client-common_create_entities.c.obj)
                0x0000000010009bec                uxr_buffer_delete_entity
 .text.uxr_common_create_entity
                0x0000000010009c2c       0x54 /home/ngochoan/micro_ros_ws/src/micro_ros_raspberrypi_pico_sdk/libmicroros/libmicroros.a(libmicroxrcedds_client-common_create_entities.c.obj)
                0x0000000010009c2c                uxr_common_create_entity
 .text.uxr_buffer_create_participant_bin
                0x0000000010009c80       0x68 /home/ngochoan/micro_ros_ws/src/micro_ros_raspberrypi_pico_sdk/libmicroros/libmicroros.a(libmicroxrcedds_client-create_entities_bin.c.obj)
                0x0000000010009c80                uxr_buffer_create_participant_bin
 .text.uxr_buffer_create_topic_bin
                0x0000000010009ce8       0x70 /home/ngochoan/micro_ros_ws/src/micro_ros_raspberrypi_pico_sdk/libmicroros/libmicroros.a(libmicroxrcedds_client-create_entities_bin.c.obj)
                0x0000000010009ce8                uxr_buffer_create_topic_bin
 .text.uxr_buffer_create_publisher_bin
                0x0000000010009d58       0x70 /home/ngochoan/micro_ros_ws/src/micro_ros_raspberrypi_pico_sdk/libmicroros/libmicroros.a(libmicroxrcedds_client-create_entities_bin.c.obj)
                0x0000000010009d58                uxr_buffer_create_publisher_bin
 .text.uxr_buffer_create_datawriter_bin
                0x0000000010009dc8      0x100 /home/ngochoan/micro_ros_ws/src/micro_ros_raspberrypi_pico_sdk/libmicroros/libmicroros.a(libmicroxrcedds_client-create_entities_bin.c.obj)
                0x0000000010009dc8                uxr_buffer_create_datawriter_bin
 .text.get_custom_error
                0x0000000010009ec8        0xc /home/ngochoan/micro_ros_ws/src/micro_ros_raspberrypi_pico_sdk/libmicroros/libmicroros.a(libmicroxrcedds_client-custom_transport.c.obj)
 .text.recv_custom_msg
                0x0000000010009ed4       0xb4 /home/ngochoan/micro_ros_ws/src/micro_ros_raspberrypi_pico_sdk/libmicroros/libmicroros.a(libmicroxrcedds_client-custom_transport.c.obj)
 .text.send_custom_msg
                0x0000000010009f88       0x64 /home/ngochoan/micro_ros_ws/src/micro_ros_raspberrypi_pico_sdk/libmicroros/libmicroros.a(libmicroxrcedds_client-custom_transport.c.obj)
 .text.uxr_set_custom_transport_callbacks
                0x0000000010009fec       0x24 /home/ngochoan/micro_ros_ws/src/micro_ros_raspberrypi_pico_sdk/libmicroros/libmicroros.a(libmicroxrcedds_client-custom_transport.c.obj)
                0x0000000010009fec                uxr_set_custom_transport_callbacks
 .text.uxr_init_custom_transport
                0x000000001000a010       0x88 /home/ngochoan/micro_ros_ws/src/micro_ros_raspberrypi_pico_sdk/libmicroros/libmicroros.a(libmicroxrcedds_client-custom_transport.c.obj)
                0x000000001000a010                uxr_init_custom_transport
 .text.uxr_close_custom_transport
                0x000000001000a098        0xc /home/ngochoan/micro_ros_ws/src/micro_ros_raspberrypi_pico_sdk/libmicroros/libmicroros.a(libmicroxrcedds_client-custom_transport.c.obj)
                0x000000001000a098                uxr_close_custom_transport
 .text.uxr_object_id
                0x000000001000a0a4       0x10 /home/ngochoan/micro_ros_ws/src/micro_ros_raspberrypi_pico_sdk/libmicroros/libmicroros.a(libmicroxrcedds_client-object_id.c.obj)
                0x000000001000a0a4                uxr_object_id
 .text.uxr_object_id_from_raw
                0x000000001000a0b4       0x20 /home/ngochoan/micro_ros_ws/src/micro_ros_raspberrypi_pico_sdk/libmicroros/libmicroros.a(libmicroxrcedds_client-object_id.c.obj)
                0x000000001000a0b4                uxr_object_id_from_raw
 .text.uxr_object_id_to_raw
                0x000000001000a0d4       0x18 /home/ngochoan/micro_ros_ws/src/micro_ros_raspberrypi_pico_sdk/libmicroros/libmicroros.a(libmicroxrcedds_client-object_id.c.obj)
                0x000000001000a0d4                uxr_object_id_to_raw
 .text.uxr_ping_agent_session
                0x000000001000a0ec       0x9c /home/ngochoan/micro_ros_ws/src/micro_ros_raspberrypi_pico_sdk/libmicroros/libmicroros.a(libmicroxrcedds_client-ping.c.obj)
                0x000000001000a0ec                uxr_ping_agent_session
 .text.uxr_ping_agent_attempts
                0x000000001000a188      0x198 /home/ngochoan/micro_ros_ws/src/micro_ros_raspberrypi_pico_sdk/libmicroros/libmicroros.a(libmicroxrcedds_client-ping.c.obj)
                0x000000001000a188                uxr_ping_agent_attempts
 .text.on_get_fragmentation_info
                0x000000001000a320       0x38 /home/ngochoan/micro_ros_ws/src/micro_ros_raspberrypi_pico_sdk/libmicroros/libmicroros.a(libmicroxrcedds_client-session.c.obj)
 .text.read_submessage_get_info
                0x000000001000a358       0x74 /home/ngochoan/micro_ros_ws/src/micro_ros_raspberrypi_pico_sdk/libmicroros/libmicroros.a(libmicroxrcedds_client-session.c.obj)
 .text.write_submessage_acknack.isra.0
                0x000000001000a3cc       0x6c /home/ngochoan/micro_ros_ws/src/micro_ros_raspberrypi_pico_sdk/libmicroros/libmicroros.a(libmicroxrcedds_client-session.c.obj)
 .text.uxr_init_session
                0x000000001000a438       0x48 /home/ngochoan/micro_ros_ws/src/micro_ros_raspberrypi_pico_sdk/libmicroros/libmicroros.a(libmicroxrcedds_client-session.c.obj)
                0x000000001000a438                uxr_init_session
 .text.uxr_set_status_callback
                0x000000001000a480        0xc /home/ngochoan/micro_ros_ws/src/micro_ros_raspberrypi_pico_sdk/libmicroros/libmicroros.a(libmicroxrcedds_client-session.c.obj)
                0x000000001000a480                uxr_set_status_callback
 .text.uxr_set_topic_callback
                0x000000001000a48c        0xc /home/ngochoan/micro_ros_ws/src/micro_ros_raspberrypi_pico_sdk/libmicroros/libmicroros.a(libmicroxrcedds_client-session.c.obj)
                0x000000001000a48c                uxr_set_topic_callback
 .text.uxr_set_request_callback
                0x000000001000a498        0xc /home/ngochoan/micro_ros_ws/src/micro_ros_raspberrypi_pico_sdk/libmicroros/libmicroros.a(libmicroxrcedds_client-session.c.obj)
                0x000000001000a498                uxr_set_request_callback
 .text.uxr_set_reply_callback
                0x000000001000a4a4        0xc /home/ngochoan/micro_ros_ws/src/micro_ros_raspberrypi_pico_sdk/libmicroros/libmicroros.a(libmicroxrcedds_client-session.c.obj)
                0x000000001000a4a4                uxr_set_reply_callback