Archive member included to satisfy reference by file (symbol)

/home/ngochoan/micro_ros_ws/src/micro_ros_raspberrypi_pico_sdk/libmicroros/libmicroros.a(librcl-publisher.c.obj)
                              CMakeFiles/pico_micro_ros_example.dir/pico_micro_ros_example.c.obj (rcl_publish)
/home/ngochoan/micro_ros_ws/src/micro_ros_raspberrypi_pico_sdk/libmicroros/libmicroros.a(librclc-executor.c.obj)
                              CMakeFiles/pico_micro_ros_example.dir/pico_micro_ros_example.c.obj (rclc_executor_init)
/home/ngochoan/micro_ros_ws/src/micro_ros_raspberrypi_pico_sdk/libmicroros/libmicroros.a(librclc-executor_handle.c.obj)
                              /home/ngochoan/micro_ros_ws/src/micro_ros_raspberrypi_pico_sdk/libmicroros/libmicroros.a(librclc-executor.c.obj) (rclc_executor_handle_counters_zero_init)
/home/ngochoan/micro_ros_ws/src/micro_ros_raspberrypi_pico_sdk/libmicroros/libmicroros.a(librclc-init.c.obj)
                              CMakeFiles/pico_micro_ros_example.dir/pico_micro_ros_example.c.obj (rclc_support_init)
/home/ngochoan/micro_ros_ws/src/micro_ros_raspberrypi_pico_sdk/libmicroros/libmicroros.a(librclc-node.c.obj)
                              CMakeFiles/pico_micro_ros_example.dir/pico_micro_ros_example.c.obj (rclc_node_init_default)
/home/ngochoan/micro_ros_ws/src/micro_ros_raspberrypi_pico_sdk/libmicroros/libmicroros.a(librclc-publisher.c.obj)
                              CMakeFiles/pico_micro_ros_example.dir/pico_micro_ros_example.c.obj (rclc_publisher_init_default)
/home/ngochoan/micro_ros_ws/src/micro_ros_raspberrypi_pico_sdk/libmicroros/libmicroros.a(librclc-sleep.c.obj)
                              /home/ngochoan/micro_ros_ws/src/micro_ros_raspberrypi_pico_sdk/libmicroros/libmicroros.a(librclc-executor.c.obj) (rclc_sleep_ms)
/home/ngochoan/micro_ros_ws/src/micro_ros_raspberrypi_pico_sdk/libmicroros/libmicroros.a(librclc-timer.c.obj)
                              CMakeFiles/pico_micro_ros_example.dir/pico_micro_ros_example.c.obj (rclc_timer_init_default)
/home/ngochoan/micro_ros_ws/src/micro_ros_raspberrypi_pico_sdk/libmicroros/libmicroros.a(librcutils-allocator.c.obj)
                              CMakeFiles/pico_micro_ros_example.dir/pico_micro_ros_example.c.obj (rcutils_get_default_allocator)
/home/ngochoan/micro_ros_ws/src/micro_ros_raspberrypi_pico_sdk/libmicroros/libmicroros.a(librcutils-error_handling.c.obj)
                              /home/ngochoan/micro_ros_ws/src/micro_ros_raspberrypi_pico_sdk/libmicroros/libmicroros.a(librcl-publisher.c.obj) (rcutils_reset_error)
/home/ngochoan/micro_ros_ws/src/micro_ros_raspberrypi_pico_sdk/libmicroros/libmicroros.a(librcutils-time_unix.c.obj)
                              /home/ngochoan/micro_ros_ws/src/micro_ros_raspberrypi_pico_sdk/libmicroros/libmicroros.a(librclc-executor.c.obj) (rcutils_system_time_now)
/home/ngochoan/micro_ros_ws/src/micro_ros_raspberrypi_pico_sdk/libmicroros/libmicroros.a(librmw-publisher_options.c.obj)
                              /home/ngochoan/micro_ros_ws/src/micro_ros_raspberrypi_pico_sdk/libmicroros/libmicroros.a(librcl-publisher.c.obj) (rmw_get_default_publisher_options)
/home/ngochoan/micro_ros_ws/src/micro_ros_raspberrypi_pico_sdk/libmicroros/libmicroros.a(librmw_microxrcedds-custom_transport.c.obj)
                              CMakeFiles/pico_micro_ros_example.dir/pico_micro_ros_example.c.obj (rmw_uros_set_custom_transport)
/home/ngochoan/micro_ros_ws/src/micro_ros_raspberrypi_pico_sdk/libmicroros/libmicroros.a(librmw_microxrcedds-ping.c.obj)
                              CMakeFiles/pico_micro_ros_example.dir/pico_micro_ros_example.c.obj (rmw_uros_ping_agent)
/home/ngochoan/micro_ros_ws/src/micro_ros_raspberrypi_pico_sdk/libmicroros/libmicroros.a(librmw_microxrcedds-rmw_publish.c.obj)
                              /home/ngochoan/micro_ros_ws/src/micro_ros_raspberrypi_pico_sdk/libmicroros/libmicroros.a(librcl-publisher.c.obj) (rmw_publish)
/home/ngochoan/micro_ros_ws/src/micro_ros_raspberrypi_pico_sdk/libmicroros/libmicroros.a(librmw_microxrcedds-rmw_publisher.c.obj)
                              /home/ngochoan/micro_ros_ws/src/micro_ros_raspberrypi_pico_sdk/libmicroros/libmicroros.a(librcl-publisher.c.obj) (rmw_create_publisher)
/home/ngochoan/micro_ros_ws/src/micro_ros_raspberrypi_pico_sdk/libmicroros/libmicroros.a(librmw_microxrcedds-rmw_uxrce_transports.c.obj)
                              /home/ngochoan/micro_ros_ws/src/micro_ros_raspberrypi_pico_sdk/libmicroros/libmicroros.a(librmw_microxrcedds-ping.c.obj) (rmw_uxrce_transport_init)
/home/ngochoan/micro_ros_ws/src/micro_ros_raspberrypi_pico_sdk/libmicroros/libmicroros.a(librmw_microxrcedds-types.c.obj)
                              /home/ngochoan/micro_ros_ws/src/micro_ros_raspberrypi_pico_sdk/libmicroros/libmicroros.a(librmw_microxrcedds-rmw_publisher.c.obj) (rmw_uxrce_fini_publisher_memory)
/home/ngochoan/micro_ros_ws/src/micro_ros_raspberrypi_pico_sdk/libmicroros/libmicroros.a(librmw_microxrcedds-utils.c.obj)
[...]
Memory Configuration

Name             Origin             Length             Attributes
FLASH            0x0000000010000000 0x0000000000200000 xr
RAM              0x0000000020000000 0x0000000000040000 xrw
SCRATCH_X        0x0000000020040000 0x0000000000001000 xrw
SCRATCH_Y        0x0000000020041000 0x0000000000001000 xrw
*default*        0x0000000000000000 0xffffffffffffffff

Linker script and memory map

LOAD /usr/lib/gcc/arm-none-eabi/10.3.1/thumb/v6-m/nofp/crti.o
LOAD /usr/lib/gcc/arm-none-eabi/10.3.1/thumb/v6-m/nofp/crtbegin.o
LOAD /usr/lib/gcc/arm-none-eabi/10.3.1/../../../arm-none-eabi/lib/thumb/v6-m/nofp/crt0.o

.flash_begin    0x0000000010000000        0x0
                0x0000000010000000                __flash_binary_start = .

.boot2          0x0000000010000000      0x100
                0x0000000010000000                __boot2_start__ = .
 *(.boot2)
 .boot2         0x0000000010000000      0x100 /tmp/ccMpL7GL.o
                0x0000000010000100                __boot2_end__ = .
                0x0000000000000001                ASSERT (((__boot2_end__ - __boot2_start__) == 0x100), ERROR: Pico second stage bootloader must be 256 bytes in size)

.text           0x0000000010000100    0x15b90
                0x0000000010000100                __logical_binary_start = .
 *(.vectors)
 .vectors       0x0000000010000100       0xd4 CMakeFiles/pico_micro_ros_example.dir/home/ngochoan/micro_ros_ws/src/pico-sdk/src/rp2_common/pico_standard_link/crt0.S.obj
                0x0000000010000100                __vectors
                0x0000000010000100                __VECTOR_TABLE
                0x00000000100001c0                isr_invalid
                0x00000000100001c0                __default_isrs_start
                0x00000000100001c2                isr_nmi
                0x00000000100001c4                isr_hardfault
                0x00000000100001c6                isr_svcall
                0x00000000100001c8                isr_pendsv
                0x00000000100001ca                isr_systick
                0x00000000100001cc                isr_irq30
                0x00000000100001cc                __unhandled_user_irq
                0x00000000100001cc                isr_irq13
                0x00000000100001cc                isr_irq27
                0x00000000100001cc                isr_irq31
                0x00000000100001cc                isr_irq5
                0x00000000100001cc                isr_irq11
                0x00000000100001cc                isr_irq23
                0x00000000100001cc                isr_irq18
                0x00000000100001cc                isr_irq28
                0x00000000100001cc                isr_irq19
                0x00000000100001cc                isr_irq0
                0x00000000100001cc                isr_irq6
                0x00000000100001cc                isr_irq22
                0x00000000100001cc                isr_irq17
                0x00000000100001cc                isr_irq14
                0x00000000100001cc                isr_irq2
                0x00000000100001cc                isr_irq10
                0x00000000100001cc                isr_irq8
                0x00000000100001cc                isr_irq24
                0x00000000100001cc                isr_irq1
                0x00000000100001cc                isr_irq7
                0x00000000100001cc                isr_irq21
                0x00000000100001cc                isr_irq20
                0x00000000100001cc                isr_irq15
                0x00000000100001cc                isr_irq25
                0x00000000100001cc                isr_irq4
                0x00000000100001cc                isr_irq16
                0x00000000100001cc                isr_irq29
                0x00000000100001cc                isr_irq26
                0x00000000100001cc                __default_isrs_end
                0x00000000100001cc                isr_irq3
                0x00000000100001cc                isr_irq12
                0x00000000100001cc                isr_irq9
                0x00000000100001d2                unhandled_user_irq_num_in_r0
 *(.binary_info_header)
 .binary_info_header
                0x00000000100001d4       0x14 CMakeFiles/pico_micro_ros_example.dir/home/ngochoan/micro_ros_ws/src/pico-sdk/src/rp2_common/pico_standard_link/crt0.S.obj
                0x00000000100001e8                __binary_info_header_end = .
 *(.reset)
 .reset         0x00000000100001e8       0xa0 CMakeFiles/pico_micro_ros_example.dir/home/ngochoan/micro_ros_ws/src/pico-sdk/src/rp2_common/pico_standard_link/crt0.S.obj
                0x00000000100001e8                _entry_point
 .reset         0x0000000010000288       0x30 CMakeFiles/pico_micro_ros_example.dir/home/ngochoan/micro_ros_ws/src/pico-sdk/src/rp2_common/pico_standard_link/binary_info.c.obj
 *(.init)
 .init          0x00000000100002b8        0x4 /usr/lib/gcc/arm-none-eabi/10.3.1/thumb/v6-m/nofp/crti.o
                0x00000000100002b8                _init
 *(EXCLUDE_FILE(*libm.a: *libc.a:*lib_a-mem*.o *libgcc.a:) .text*)
 .text          0x00000000100002bc       0x98 /usr/lib/gcc/arm-none-eabi/10.3.1/thumb/v6-m/nofp/crtbegin.o
 .text.timer_callback
                0x0000000010000354       0x28 CMakeFiles/pico_micro_ros_example.dir/pico_micro_ros_example.c.obj
                0x0000000010000354                timer_callback
 .text.startup.main
                0x000000001000037c       0xe4 CMakeFiles/pico_micro_ros_example.dir/pico_micro_ros_example.c.obj
                0x000000001000037c                main
 .text.clock_gettime
                0x0000000010000460       0x3c CMakeFiles/pico_micro_ros_example.dir/pico_uart_transport.c.obj
                0x0000000010000460                clock_gettime
 .text.pico_serial_transport_open
                0x000000001000049c        0xc CMakeFiles/pico_micro_ros_example.dir/pico_uart_transport.c.obj
                0x000000001000049c                pico_serial_transport_open
 .text.pico_serial_transport_close
                0x00000000100004a8        0x4 CMakeFiles/pico_micro_ros_example.dir/pico_uart_transport.c.obj
                0x00000000100004a8                pico_serial_transport_close
 .text.pico_serial_transport_write
                0x00000000100004ac       0x38 CMakeFiles/pico_micro_ros_example.dir/pico_uart_transport.c.obj
                0x00000000100004ac                pico_serial_transport_write
 .text.pico_serial_transport_read
                0x00000000100004e4       0x64 CMakeFiles/pico_micro_ros_example.dir/pico_uart_transport.c.obj
                0x00000000100004e4                pico_serial_transport_read
 .text.gpio_init
                0x0000000010000548       0x3c CMakeFiles/pico_micro_ros_example.dir/home/ngochoan/micro_ros_ws/src/pico-sdk/src/rp2_common/hardware_gpio/gpio.c.obj
                0x0000000010000548                gpio_init
 .text.running_on_fpga
                0x0000000010000584       0x10 CMakeFiles/pico_micro_ros_example.dir/home/ngochoan/micro_ros_ws/src/pico-sdk/src/rp2_common/pico_platform/platform.c.obj
                0x0000000010000584                running_on_fpga
 .text.hw_claim_or_assert
                0x0000000010000594       0x44 CMakeFiles/pico_micro_ros_example.dir/home/ngochoan/micro_ros_ws/src/pico-sdk/src/rp2_common/hardware_claim/claim.c.obj
                0x0000000010000594                hw_claim_or_assert
 .text.hw_claim_unused_from_range
                0x00000000100005d8       0x9c CMakeFiles/pico_micro_ros_example.dir/home/ngochoan/micro_ros_ws/src/pico-sdk/src/rp2_common/hardware_claim/claim.c.obj
                0x00000000100005d8                hw_claim_unused_from_range
 .text.spin_locks_reset
                0x0000000010000674       0x1c CMakeFiles/pico_micro_ros_example.dir/home/ngochoan/micro_ros_ws/src/pico-sdk/src/rp2_common/hardware_sync/sync.c.obj
                0x0000000010000674                spin_locks_reset
 .text.next_striped_spin_lock_num
                0x0000000010000690       0x18 CMakeFiles/pico_micro_ros_example.dir/home/ngochoan/micro_ros_ws/src/pico-sdk/src/rp2_common/hardware_sync/sync.c.obj
                0x0000000010000690                next_striped_spin_lock_num
 .text.spin_lock_claim_unused
                0x00000000100006a8       0x20 CMakeFiles/pico_micro_ros_example.dir/home/ngochoan/micro_ros_ws/src/pico-sdk/src/rp2_common/hardware_sync/sync.c.obj
                0x00000000100006a8                spin_lock_claim_unused
 .text.irq_set_enabled
                0x00000000100006c8       0x24 CMakeFiles/pico_micro_ros_example.dir/home/ngochoan/micro_ros_ws/src/pico-sdk/src/rp2_common/hardware_irq/irq.c.obj
                0x00000000100006c8                irq_set_enabled
 .text.irq_set_pending
                0x00000000100006ec       0x10 CMakeFiles/pico_micro_ros_example.dir/home/ngochoan/micro_ros_ws/src/pico-sdk/src/rp2_common/hardware_irq/irq.c.obj
                0x00000000100006ec                irq_set_pending
 .text.irq_has_shared_handler
                0x00000000100006fc       0x2c CMakeFiles/pico_micro_ros_example.dir/home/ngochoan/micro_ros_ws/src/pico-sdk/src/rp2_common/hardware_irq/irq.c.obj
                0x00000000100006fc                irq_has_shared_handler
 .text.irq_get_vtable_handler
                0x0000000010000728       0x10 CMakeFiles/pico_micro_ros_example.dir/home/ngochoan/micro_ros_ws/src/pico-sdk/src/rp2_common/hardware_irq/irq.c.obj
                0x0000000010000728                irq_get_vtable_handler
 .text.irq_set_exclusive_handler
                0x0000000010000738       0x54 CMakeFiles/pico_micro_ros_example.dir/home/ngochoan/micro_ros_ws/src/pico-sdk/src/rp2_common/hardware_irq/irq.c.obj
                0x0000000010000738                irq_set_exclusive_handler
 .text.irq_add_shared_handler
                0x000000001000078c      0x1e8 CMakeFiles/pico_micro_ros_example.dir/home/ngochoan/micro_ros_ws/src/pico-sdk/src/rp2_common/hardware_irq/irq.c.obj
                0x000000001000078c                irq_add_shared_handler
 .text.irq_remove_handler
                0x0000000010000974      0x1b0 CMakeFiles/pico_micro_ros_example.dir/home/ngochoan/micro_ros_ws/src/pico-sdk/src/rp2_common/hardware_irq/irq.c.obj
                0x0000000010000974                irq_remove_handler
 .text.irq_add_tail_to_free_list
                0x0000000010000b24       0xb4 CMakeFiles/pico_micro_ros_example.dir/home/ngochoan/micro_ros_ws/src/pico-sdk/src/rp2_common/hardware_irq/irq.c.obj
                0x0000000010000b24                irq_add_tail_to_free_list
 .text.irq_init_priorities
                0x0000000010000bd8       0x24 CMakeFiles/pico_micro_ros_example.dir/home/ngochoan/micro_ros_ws/src/pico-sdk/src/rp2_common/hardware_irq/irq.c.obj
                0x0000000010000bd8                irq_init_priorities
 .text.user_irq_claim_unused
                0x0000000010000bfc       0x28 CMakeFiles/pico_micro_ros_example.dir/home/ngochoan/micro_ros_ws/src/pico-sdk/src/rp2_common/hardware_irq/irq.c.obj
                0x0000000010000bfc                user_irq_claim_unused
 .text.lock_init
                0x0000000010000c24       0x10 CMakeFiles/pico_micro_ros_example.dir/home/ngochoan/micro_ros_ws/src/pico-sdk/src/common/pico_sync/lock_core.c.obj
                0x0000000010000c24                lock_init
 .text.mutex_init
                0x0000000010000c34       0x1c CMakeFiles/pico_micro_ros_example.dir/home/ngochoan/micro_ros_ws/src/pico-sdk/src/common/pico_sync/mutex.c.obj
                0x0000000010000c34                mutex_init
 .text.recursive_mutex_init
                0x0000000010000c50       0x1c CMakeFiles/pico_micro_ros_example.dir/home/ngochoan/micro_ros_ws/src/pico-sdk/src/common/pico_sync/mutex.c.obj
                0x0000000010000c50                recursive_mutex_init
 .text.critical_section_init
                0x0000000010000c6c       0x20 CMakeFiles/pico_micro_ros_example.dir/home/ngochoan/micro_ros_ws/src/pico-sdk/src/common/pico_sync/critical_section.c.obj
                0x0000000010000c6c                critical_section_init
 .text.critical_section_init_with_lock_num
                0x0000000010000c8c       0x14 CMakeFiles/pico_micro_ros_example.dir/home/ngochoan/micro_ros_ws/src/pico-sdk/src/common/pico_sync/critical_section.c.obj
                0x0000000010000c8c                critical_section_init_with_lock_num
 .text.timer_pool_entry_comparator
                0x0000000010000ca0       0x34 CMakeFiles/pico_micro_ros_example.dir/home/ngochoan/micro_ros_ws/src/pico-sdk/src/common/pico_time/time.c.obj
                0x0000000010000ca0                timer_pool_entry_comparator
 .text.sleep_until_callback
                0x0000000010000cd4       0x30 CMakeFiles/pico_micro_ros_example.dir/home/ngochoan/micro_ros_ws/src/pico-sdk/src/common/pico_time/time.c.obj
 .text.add_alarm_under_lock.isra.0
                0x0000000010000d04      0x100 CMakeFiles/pico_micro_ros_example.dir/home/ngochoan/micro_ros_ws/src/pico-sdk/src/common/pico_time/time.c.obj
 .text.alarm_pool_alarm_callback
                0x0000000010000e04      0x1bc CMakeFiles/pico_micro_ros_example.dir/home/ngochoan/micro_ros_ws/src/pico-sdk/src/common/pico_time/time.c.obj
 .text.alarm_pool_init_default
                0x0000000010000fc0       0x6c CMakeFiles/pico_micro_ros_example.dir/home/ngochoan/micro_ros_ws/src/pico-sdk/src/common/pico_time/time.c.obj
                0x0000000010000fc0                alarm_pool_init_default
 .text.alarm_pool_get_default
                0x000000001000102c        0x8 CMakeFiles/pico_micro_ros_example.dir/home/ngochoan/micro_ros_ws/src/pico-sdk/src/common/pico_time/time.c.obj
                0x000000001000102c                alarm_pool_get_default
 .text.alarm_pool_add_alarm_at
                0x0000000010001034      0x178 CMakeFiles/pico_micro_ros_example.dir/home/ngochoan/micro_ros_ws/src/pico-sdk/src/common/pico_time/time.c.obj
                0x0000000010001034                alarm_pool_add_alarm_at
 .text.alarm_pool_core_num
                0x00000000100011ac        0x4 CMakeFiles/pico_micro_ros_example.dir/home/ngochoan/micro_ros_ws/src/pico-sdk/src/common/pico_time/time.c.obj
                0x00000000100011ac                alarm_pool_core_num
 .text.best_effort_wfe_or_timeout
                0x00000000100011b0       0xd4 CMakeFiles/pico_micro_ros_example.dir/home/ngochoan/micro_ros_ws/src/pico-sdk/src/common/pico_time/time.c.obj
                0x00000000100011b0                best_effort_wfe_or_timeout
 .text.hardware_alarm_irq_handler
                0x0000000010001284       0xbc CMakeFiles/pico_micro_ros_example.dir/home/ngochoan/micro_ros_ws/src/pico-sdk/src/rp2_common/hardware_timer/timer.c.obj
 .text.hardware_alarm_claim
                0x0000000010001340       0x18 CMakeFiles/pico_micro_ros_example.dir/home/ngochoan/micro_ros_ws/src/pico-sdk/src/rp2_common/hardware_timer/timer.c.obj
                0x0000000010001340                hardware_alarm_claim
 .text.time_us_64
                0x0000000010001358       0x14 CMakeFiles/pico_micro_ros_example.dir/home/ngochoan/micro_ros_ws/src/pico-sdk/src/rp2_common/hardware_timer/timer.c.obj
                0x0000000010001358                time_us_64
 .text.busy_wait_us
                0x000000001000136c       0x54 CMakeFiles/pico_micro_ros_example.dir/home/ngochoan/micro_ros_ws/src/pico-sdk/src/rp2_common/hardware_timer/timer.c.obj
                0x000000001000136c                busy_wait_us
 .text.hardware_alarm_set_callback
                0x00000000100013c0       0x8c CMakeFiles/pico_micro_ros_example.dir/home/ngochoan/micro_ros_ws/src/pico-sdk/src/rp2_common/hardware_timer/timer.c.obj
                0x00000000100013c0                hardware_alarm_set_callback
 .text.hardware_alarm_set_target
                0x000000001000144c       0xd4 CMakeFiles/pico_micro_ros_example.dir/home/ngochoan/micro_ros_ws/src/pico-sdk/src/rp2_common/hardware_timer/timer.c.obj
                0x000000001000144c                hardware_alarm_set_target
 .text.hardware_alarm_cancel
                0x0000000010001520       0x3c CMakeFiles/pico_micro_ros_example.dir/home/ngochoan/micro_ros_ws/src/pico-sdk/src/rp2_common/hardware_timer/timer.c.obj
                0x0000000010001520                hardware_alarm_cancel
 .text.ph_merge_nodes
                0x000000001000155c       0x68 CMakeFiles/pico_micro_ros_example.dir/home/ngochoan/micro_ros_ws/src/pico-sdk/src/common/pico_util/pheap.c.obj
 .text.ph_post_alloc_init
                0x00000000100015c4       0x3c CMakeFiles/pico_micro_ros_example.dir/home/ngochoan/micro_ros_ws/src/pico-sdk/src/common/pico_util/pheap.c.obj
                0x00000000100015c4                ph_post_alloc_init
 .text.ph_merge_two_pass
                0x0000000010001600       0x90 CMakeFiles/pico_micro_ros_example.dir/home/ngochoan/micro_ros_ws/src/pico-sdk/src/common/pico_util/pheap.c.obj
                0x0000000010001600                ph_merge_two_pass
 .text.ph_remove_any_head
                0x0000000010001690      0x100 CMakeFiles/pico_micro_ros_example.dir/home/ngochoan/micro_ros_ws/src/pico-sdk/src/common/pico_util/pheap.c.obj
 .text.ph_remove_head
                0x0000000010001790      0x104 CMakeFiles/pico_micro_ros_example.dir/home/ngochoan/micro_ros_ws/src/pico-sdk/src/common/pico_util/pheap.c.obj
                0x0000000010001790                ph_remove_head
 .text.ph_remove_and_free_node
                0x0000000010001894       0x7c CMakeFiles/pico_micro_ros_example.dir/home/ngochoan/micro_ros_ws/src/pico-sdk/src/common/pico_util/pheap.c.obj
                0x0000000010001894                ph_remove_and_free_node
 .text.clocks_init
                0x0000000010001910      0x2d0 CMakeFiles/pico_micro_ros_example.dir/home/ngochoan/micro_ros_ws/src/pico-sdk/src/rp2_common/hardware_clocks/clocks.c.obj
                0x0000000010001910                clocks_init
 .text.pll_init
                0x0000000010001be0       0xa0 CMakeFiles/pico_micro_ros_example.dir/home/ngochoan/micro_ros_ws/src/pico-sdk/src/rp2_common/hardware_pll/pll.c.obj
                0x0000000010001be0                pll_init
 .text.watchdog_start_tick
                0x0000000010001c80       0x10 CMakeFiles/pico_micro_ros_example.dir/home/ngochoan/micro_ros_ws/src/pico-sdk/src/rp2_common/hardware_watchdog/watchdog.c.obj
                0x0000000010001c80                watchdog_start_tick
 .text.watchdog_reboot
                0x0000000010001c90       0x98 CMakeFiles/pico_micro_ros_example.dir/home/ngochoan/micro_ros_ws/src/pico-sdk/src/rp2_common/hardware_watchdog/watchdog.c.obj
                0x0000000010001c90                watchdog_reboot
 .text.xosc_init
                0x0000000010001d28       0x28 CMakeFiles/pico_micro_ros_example.dir/home/ngochoan/micro_ros_ws/src/pico-sdk/src/rp2_common/hardware_xosc/xosc.c.obj
                0x0000000010001d28                xosc_init
 .text.runtime_init
                0x0000000010001d50       0xf0 CMakeFiles/pico_micro_ros_example.dir/home/ngochoan/micro_ros_ws/src/pico-sdk/src/rp2_common/pico_runtime/runtime.c.obj
                0x0000000010001d50                runtime_init
 .text._exit    0x0000000010001e40        0x4 CMakeFiles/pico_micro_ros_example.dir/home/ngochoan/micro_ros_ws/src/pico-sdk/src/rp2_common/pico_runtime/runtime.c.obj
                0x0000000010001e40                _exit
 .text._sbrk    0x0000000010001e44       0x34 CMakeFiles/pico_micro_ros_example.dir/home/ngochoan/micro_ros_ws/src/pico-sdk/src/rp2_common/pico_runtime/runtime.c.obj
                0x0000000010001e44                _sbrk
 .text.exit     0x0000000010001e78        0x8 CMakeFiles/pico_micro_ros_example.dir/home/ngochoan/micro_ros_ws/src/pico-sdk/src/rp2_common/pico_runtime/runtime.c.obj
                0x0000000010001e78                exit
 .text.panic    0x0000000010001e80       0x30 CMakeFiles/pico_micro_ros_example.dir/home/ngochoan/micro_ros_ws/src/pico-sdk/src/rp2_common/pico_runtime/runtime.c.obj
                0x0000000010001e80                panic
 .text.hard_assertion_failure
                0x0000000010001eb0        0xc CMakeFiles/pico_micro_ros_example.dir/home/ngochoan/micro_ros_ws/src/pico-sdk/src/rp2_common/pico_runtime/runtime.c.obj
                0x0000000010001eb0                hard_assertion_failure
 .text._out_buffer
                0x0000000010001ebc        0x8 CMakeFiles/pico_micro_ros_example.dir/home/ngochoan/micro_ros_ws/src/pico-sdk/src/rp2_common/pico_printf/printf.c.obj
 .text._out_null
                0x0000000010001ec4        0x4 CMakeFiles/pico_micro_ros_example.dir/home/ngochoan/micro_ros_ws/src/pico-sdk/src/rp2_common/pico_printf/printf.c.obj
 .text._out_rev
                0x0000000010001ec8       0x9c CMakeFiles/pico_micro_ros_example.dir/home/ngochoan/micro_ros_ws/src/pico-sdk/src/rp2_common/pico_printf/printf.c.obj
 .text._ntoa_format
                0x0000000010001f64      0x1cc CMakeFiles/pico_micro_ros_example.dir/home/ngochoan/micro_ros_ws/src/pico-sdk/src/rp2_common/pico_printf/printf.c.obj
 .text._out_char
                0x0000000010002130       0x10 CMakeFiles/pico_micro_ros_example.dir/home/ngochoan/micro_ros_ws/src/pico-sdk/src/rp2_common/pico_printf/printf.c.obj
 .text._etoa    0x0000000010002140      0x44c CMakeFiles/pico_micro_ros_example.dir/home/ngochoan/micro_ros_ws/src/pico-sdk/src/rp2_common/pico_printf/printf.c.obj
 .text._ftoa    0x000000001000258c      0x398 CMakeFiles/pico_micro_ros_example.dir/home/ngochoan/micro_ros_ws/src/pico-sdk/src/rp2_common/pico_printf/printf.c.obj
 .text._vsnprintf
                0x0000000010002924      0xb04 CMakeFiles/pico_micro_ros_example.dir/home/ngochoan/micro_ros_ws/src/pico-sdk/src/rp2_common/pico_printf/printf.c.obj
 .text.__wrap_snprintf
                0x0000000010003428       0x28 CMakeFiles/pico_micro_ros_example.dir/home/ngochoan/micro_ros_ws/src/pico-sdk/src/rp2_common/pico_printf/printf.c.obj
                0x0000000010003428                __wrap_snprintf
 .text.__wrap_vsnprintf
                0x0000000010003450       0x1c CMakeFiles/pico_micro_ros_example.dir/home/ngochoan/micro_ros_ws/src/pico-sdk/src/rp2_common/pico_printf/printf.c.obj
                0x0000000010003450                __wrap_vsnprintf
 .text.weak_raw_vprintf
                0x000000001000346c       0x30 CMakeFiles/pico_micro_ros_example.dir/home/ngochoan/micro_ros_ws/src/pico-sdk/src/rp2_common/pico_printf/printf.c.obj
                0x000000001000346c                weak_raw_vprintf
 .text          0x000000001000349c       0x10 CMakeFiles/pico_micro_ros_example.dir/home/ngochoan/micro_ros_ws/src/pico-sdk/src/rp2_common/pico_bit_ops/bit_ops_aeabi.S.obj
 .text.rom_func_lookup
                0x00000000100034ac       0x10 CMakeFiles/pico_micro_ros_example.dir/home/ngochoan/micro_ros_ws/src/pico-sdk/src/rp2_common/pico_bootrom/bootrom.c.obj
                0x00000000100034ac                rom_func_lookup
 .text.rom_data_lookup
                0x00000000100034bc       0x10 CMakeFiles/pico_micro_ros_example.dir/home/ngochoan/micro_ros_ws/src/pico-sdk/src/rp2_common/pico_bootrom/bootrom.c.obj
                0x00000000100034bc                rom_data_lookup
 .text.rom_funcs_lookup
                0x00000000100034cc       0x44 CMakeFiles/pico_micro_ros_example.dir/home/ngochoan/micro_ros_ws/src/pico-sdk/src/rp2_common/pico_bootrom/bootrom.c.obj
                0x00000000100034cc                rom_funcs_lookup
 .text.__wrap___aeabi_idiv
                0x0000000010003510       0x50 CMakeFiles/pico_micro_ros_example.dir/home/ngochoan/micro_ros_ws/src/pico-sdk/src/rp2_common/pico_divider/divider.S.obj
                0x0000000010003510                __wrap___aeabi_idivmod
                0x0000000010003510                divmod_s32s32
                0x0000000010003510                div_s32s32
                0x0000000010003510                __wrap___aeabi_idiv
                0x0000000010003518                divmod_s32s32_unsafe
                0x0000000010003544                divmod_s32s32_savestate
 .text.__wrap___aeabi_uidiv
                0x0000000010003560       0x4c CMakeFiles/pico_micro_ros_example.dir/home/ngochoan/micro_ros_ws/src/pico-sdk/src/rp2_common/pico_divider/divider.S.obj
                0x0000000010003560                __wrap___aeabi_uidiv
                0x0000000010003560                __wrap___aeabi_uidivmod
                0x0000000010003560                div_u32u32
                0x0000000010003560                divmod_u32u32
                0x0000000010003568                divmod_u32u32_unsafe
                0x0000000010003590                divmod_u32u32_savestate
 .text.__wrap___aeabi_ldiv
                0x00000000100035ac      0x424 CMakeFiles/pico_micro_ros_example.dir/home/ngochoan/micro_ros_ws/src/pico-sdk/src/rp2_common/pico_divider/divider.S.obj
                0x00000000100035ac                div_s64s64
                0x00000000100035ac                divmod_s64s64
                0x00000000100035ac                __wrap___aeabi_ldivmod
                0x00000000100035dc                div_u64u64
                0x00000000100035dc                divmod_u64u64
                0x00000000100035dc                __wrap___aeabi_uldivmod
                0x00000000100035ec                divmod_u64u64_savestate
                0x000000001000360c                divmod_s64s64_unsafe
                0x0000000010003694                divmod_u64u64_unsafe
 .text.__wrap___aeabi_darithmetic
                0x00000000100039d0       0x80 CMakeFiles/pico_micro_ros_example.dir/home/ngochoan/micro_ros_ws/src/pico-sdk/src/rp2_common/pico_double/double_aeabi.S.obj
                0x00000000100039d0                __wrap___aeabi_drsub
                0x00000000100039d6                __wrap___aeabi_dsub
                0x00000000100039e8                __wrap___aeabi_dadd
                0x00000000100039fa                __wrap___aeabi_ddiv
                0x0000000010003a36                __wrap___aeabi_dmul
 .text.__wrap___aeabi_cdcmple
                0x0000000010003a50       0x6c CMakeFiles/pico_micro_ros_example.dir/home/ngochoan/micro_ros_ws/src/pico-sdk/src/rp2_common/pico_double/double_aeabi.S.obj
                0x0000000010003a50                __wrap___aeabi_cdrcmple
                0x0000000010003a60                __wrap___aeabi_cdcmple
                0x0000000010003a60                __wrap___aeabi_cdcmpeq
 .text.__wrap___aeabi_dcmplt
                0x0000000010003abc        0xc CMakeFiles/pico_micro_ros_example.dir/home/ngochoan/micro_ros_ws/src/pico-sdk/src/rp2_common/pico_double/double_aeabi.S.obj
                0x0000000010003abc                __wrap___aeabi_dcmplt
 .text.__wrap___aeabi_dcmple
                0x0000000010003ac8       0x10 CMakeFiles/pico_micro_ros_example.dir/home/ngochoan/micro_ros_ws/src/pico-sdk/src/rp2_common/pico_double/double_aeabi.S.obj
                0x0000000010003ac8                __wrap___aeabi_dcmple
 .text.__wrap___aeabi_dcmpge
                0x0000000010003ad8       0x10 CMakeFiles/pico_micro_ros_example.dir/home/ngochoan/micro_ros_ws/src/pico-sdk/src/rp2_common/pico_double/double_aeabi.S.obj
                0x0000000010003ad8                __wrap___aeabi_dcmpge
 .text.__wrap___aeabi_dcmpgt
                0x0000000010003ae8        0xa CMakeFiles/pico_micro_ros_example.dir/home/ngochoan/micro_ros_ws/src/pico-sdk/src/rp2_common/pico_double/double_aeabi.S.obj
                0x0000000010003ae8                __wrap___aeabi_dcmpgt
 .text.__wrap___aeabi_dcmpun
                0x0000000010003af2       0x1c CMakeFiles/pico_micro_ros_example.dir/home/ngochoan/micro_ros_ws/src/pico-sdk/src/rp2_common/pico_double/double_aeabi.S.obj
                0x0000000010003af2                __wrap___aeabi_dcmpun
 *fill*         0x0000000010003b0e        0x2 
 .text.__wrap___aeabi_i2d
                0x0000000010003b10       0x38 CMakeFiles/pico_micro_ros_example.dir/home/ngochoan/micro_ros_ws/src/pico-sdk/src/rp2_common/pico_double/double_aeabi.S.obj
                0x0000000010003b10                __wrap___aeabi_ui2d
                0x0000000010003b18                __wrap___aeabi_i2d
 .text.__wrap___aeabi_d2iz
                0x0000000010003b48       0x48 CMakeFiles/pico_micro_ros_example.dir/home/ngochoan/micro_ros_ws/src/pico-sdk/src/rp2_common/pico_double/double_aeabi.S.obj
                0x0000000010003b48                __wrap___aeabi_d2iz
                0x0000000010003b48                double2int_z
 .text.__wrap___aeabi_d2uiz
                0x0000000010003b90       0x18 CMakeFiles/pico_micro_ros_example.dir/home/ngochoan/micro_ros_ws/src/pico-sdk/src/rp2_common/pico_double/double_aeabi.S.obj
                0x0000000010003b90                double2uint
                0x0000000010003b90                __wrap___aeabi_d2uiz
 .text.__aeabi_double_init
                0x0000000010003ba8       0x94 CMakeFiles/pico_micro_ros_example.dir/home/ngochoan/micro_ros_ws/src/pico-sdk/src/rp2_common/pico_double/double_init_rom.c.obj
                0x0000000010003ba8                __aeabi_double_init
 .text.double_table_shim_on_use_helper
                0x0000000010003c3c       0x2c CMakeFiles/pico_micro_ros_example.dir/home/ngochoan/micro_ros_ws/src/pico-sdk/src/rp2_common/pico_double/double_v1_rom_shim.S.obj
                0x0000000010003c3c                double_table_shim_on_use_helper
 .text.__wrap___aeabi_dsub
                0x0000000010003c68       0x10 CMakeFiles/pico_micro_ros_example.dir/home/ngochoan/micro_ros_ws/src/pico-sdk/src/rp2_common/pico_double/double_v1_rom_shim.S.obj
                0x0000000010003c68                drsub_shim
                0x0000000010003c6e                dsub_shim
 .text.dadd_shim
                0x0000000010003c78      0x15c CMakeFiles/pico_micro_ros_example.dir/home/ngochoan/micro_ros_ws/src/pico-sdk/src/rp2_common/pico_double/double_v1_rom_shim.S.obj
                0x0000000010003c78                dadd_shim
 .text.dmul_shim
                0x0000000010003dd4      0x15c CMakeFiles/pico_micro_ros_example.dir/home/ngochoan/micro_ros_ws/src/pico-sdk/src/rp2_common/pico_double/double_v1_rom_shim.S.obj
                0x0000000010003dd4                dmul_shim
 .text.ddiv_shim
                0x0000000010003f30      0x1b0 CMakeFiles/pico_micro_ros_example.dir/home/ngochoan/micro_ros_ws/src/pico-sdk/src/rp2_common/pico_double/double_v1_rom_shim.S.obj
                0x0000000010003f30                ddiv_shim
 .text.double2uint_shim
                0x00000000100040e0        0xe CMakeFiles/pico_micro_ros_example.dir/home/ngochoan/micro_ros_ws/src/pico-sdk/src/rp2_common/pico_double/double_v1_rom_shim.S.obj
                0x00000000100040e0                double2uint_shim
                0x00000000100040e2                double2ufix_shim
 *fill*         0x00000000100040ee        0x2 
 .text.double2uint64_shim
                0x00000000100040f0       0x70 CMakeFiles/pico_micro_ros_example.dir/home/ngochoan/micro_ros_ws/src/pico-sdk/src/rp2_common/pico_double/double_v1_rom_shim.S.obj
                0x00000000100040f0                double2uint64_shim
                0x00000000100040f2                double2ufix64_shim
                0x0000000010004112                d2fix_a
 .text.dunpacks
                0x0000000010004160       0x3c CMakeFiles/pico_micro_ros_example.dir/home/ngochoan/micro_ros_ws/src/pico-sdk/src/rp2_common/pico_double/double_v1_rom_shim.S.obj
                0x0000000010004160                dunpacks
 .text.__aeabi_lmul
                0x000000001000419c       0x32 CMakeFiles/pico_micro_ros_example.dir/home/ngochoan/micro_ros_ws/src/pico-sdk/src/rp2_common/pico_int64_ops/pico_int64_ops_aeabi.S.obj
                0x000000001000419c                __wrap___aeabi_lmul
 *fill*         0x00000000100041ce        0x2 
 .text.__wrap___aeabi_farithmetic
                0x00000000100041d0       0x48 CMakeFiles/pico_micro_ros_example.dir/home/ngochoan/micro_ros_ws/src/pico-sdk/src/rp2_common/pico_float/float_aeabi.S.obj
                0x00000000100041d0                __wrap___aeabi_frsub
                0x00000000100041d6                __wrap___aeabi_fsub
                0x00000000100041dc                __wrap___aeabi_fadd
                0x00000000100041e2                __wrap___aeabi_fdiv
                0x000000001000420a                __wrap___aeabi_fmul
 .text.__wrap___aeabi_ui2f
                0x0000000010004218        0xa CMakeFiles/pico_micro_ros_example.dir/home/ngochoan/micro_ros_ws/src/pico-sdk/src/rp2_common/pico_float/float_aeabi.S.obj
                0x0000000010004218                __wrap___aeabi_ui2f
 *fill*         0x0000000010004222        0x2 
 .text.__wrap___aeabi_i2f
                0x0000000010004224       0x44 CMakeFiles/pico_micro_ros_example.dir/home/ngochoan/micro_ros_ws/src/pico-sdk/src/rp2_common/pico_float/float_aeabi.S.obj
                0x0000000010004224                __wrap___aeabi_i2f
 .text.__wrap___aeabi_f2iz
                0x0000000010004268       0x4e CMakeFiles/pico_micro_ros_example.dir/home/ngochoan/micro_ros_ws/src/pico-sdk/src/rp2_common/pico_float/float_aeabi.S.obj
                0x0000000010004268                __wrap___aeabi_f2iz
                0x0000000010004268                float2int_z
 *fill*         0x00000000100042b6        0x2 
 .text.float2int
                0x00000000100042b8       0x14 CMakeFiles/pico_micro_ros_example.dir/home/ngochoan/micro_ros_ws/src/pico-sdk/src/rp2_common/pico_float/float_aeabi.S.obj
                0x00000000100042b8                float2int
 .text.__wrap___aeabi_f2uiz
                0x00000000100042cc        0xc CMakeFiles/pico_micro_ros_example.dir/home/ngochoan/micro_ros_ws/src/pico-sdk/src/rp2_common/pico_float/float_aeabi.S.obj
                0x00000000100042cc                __wrap___aeabi_f2uiz
 .text.__aeabi_float_init
                0x00000000100042d8       0x64 CMakeFiles/pico_micro_ros_example.dir/home/ngochoan/micro_ros_ws/src/pico-sdk/src/rp2_common/pico_float/float_init_rom.c.obj
                0x00000000100042d8                __aeabi_float_init
 .text.float_table_shim_on_use_helper
                0x000000001000433c       0x2c CMakeFiles/pico_micro_ros_example.dir/home/ngochoan/micro_ros_ws/src/pico-sdk/src/rp2_common/pico_float/float_v1_rom_shim.S.obj
                0x000000001000433c                float_table_shim_on_use_helper
 .text.float232_shims
                0x0000000010004368       0x18 CMakeFiles/pico_micro_ros_example.dir/home/ngochoan/micro_ros_ws/src/pico-sdk/src/rp2_common/pico_float/float_v1_rom_shim.S.obj
                0x0000000010004368                float2int_shim
                0x000000001000436a                float2fix_shim
 .text.__wrap_malloc
                0x0000000010004380       0x24 CMakeFiles/pico_micro_ros_example.dir/home/ngochoan/micro_ros_ws/src/pico-sdk/src/rp2_common/pico_malloc/pico_malloc.c.obj
                0x0000000010004380                __wrap_malloc
 .text.__wrap_calloc
                0x00000000100043a4       0x24 CMakeFiles/pico_micro_ros_example.dir/home/ngochoan/micro_ros_ws/src/pico-sdk/src/rp2_common/pico_malloc/pico_malloc.c.obj
                0x00000000100043a4                __wrap_calloc
 .text.__wrap_realloc
                0x00000000100043c8       0x24 CMakeFiles/pico_micro_ros_example.dir/home/ngochoan/micro_ros_ws/src/pico-sdk/src/rp2_common/pico_malloc/pico_malloc.c.obj
                0x00000000100043c8                __wrap_realloc
 .text.__wrap_free
                0x00000000100043ec        0x8 CMakeFiles/pico_micro_ros_example.dir/home/ngochoan/micro_ros_ws/src/pico-sdk/src/rp2_common/pico_malloc/pico_malloc.c.obj
                0x00000000100043ec                __wrap_free
 .text          0x00000000100043f4       0x10 CMakeFiles/pico_micro_ros_example.dir/home/ngochoan/micro_ros_ws/src/pico-sdk/src/rp2_common/pico_mem_ops/mem_ops_aeabi.S.obj
                0x00000000100043f4                __aeabi_mem_init
 .text.memset   0x0000000010004404        0xc CMakeFiles/pico_micro_ros_example.dir/home/ngochoan/micro_ros_ws/src/pico-sdk/src/rp2_common/pico_mem_ops/mem_ops_aeabi.S.obj
                0x0000000010004404                __wrap_memset
 .text.memcpy   0x0000000010004410        0xc CMakeFiles/pico_micro_ros_example.dir/home/ngochoan/micro_ros_ws/src/pico-sdk/src/rp2_common/pico_mem_ops/mem_ops_aeabi.S.obj
                0x0000000010004410                __wrap___aeabi_memcpy
                0x0000000010004410                __wrap_memcpy
 .text.stdio_out_chars_no_crlf
                0x000000001000441c       0x10 CMakeFiles/pico_micro_ros_example.dir/home/ngochoan/micro_ros_ws/src/pico-sdk/src/rp2_common/pico_stdio/stdio.c.obj
 .text.stdio_out_chars_crlf
                0x000000001000442c       0x10 CMakeFiles/pico_micro_ros_example.dir/home/ngochoan/micro_ros_ws/src/pico-sdk/src/rp2_common/pico_stdio/stdio.c.obj
 .text.stdio_put_string.isra.0
                0x000000001000443c       0xfc CMakeFiles/pico_micro_ros_example.dir/home/ngochoan/micro_ros_ws/src/pico-sdk/src/rp2_common/pico_stdio/stdio.c.obj
 .text.__wrap_putchar
                0x0000000010004538       0x98 CMakeFiles/pico_micro_ros_example.dir/home/ngochoan/micro_ros_ws/src/pico-sdk/src/rp2_common/pico_stdio/stdio.c.obj
                0x0000000010004538                __wrap_putchar
 .text.__wrap_puts
                0x00000000100045d0       0x3c CMakeFiles/pico_micro_ros_example.dir/home/ngochoan/micro_ros_ws/src/pico-sdk/src/rp2_common/pico_stdio/stdio.c.obj
                0x00000000100045d0                __wrap_puts
 .text.stdio_set_driver_enabled
                0x000000001000460c       0x30 CMakeFiles/pico_micro_ros_example.dir/home/ngochoan/micro_ros_ws/src/pico-sdk/src/rp2_common/pico_stdio/stdio.c.obj
                0x000000001000460c                stdio_set_driver_enabled
 .text.stdio_init_all
                0x000000001000463c        0x8 CMakeFiles/pico_micro_ros_example.dir/home/ngochoan/micro_ros_ws/src/pico-sdk/src/rp2_common/pico_stdio/stdio.c.obj
                0x000000001000463c                stdio_init_all
 .text.getchar_timeout_us
                0x0000000010004644       0x98 CMakeFiles/pico_micro_ros_example.dir/home/ngochoan/micro_ros_ws/src/pico-sdk/src/rp2_common/pico_stdio/stdio.c.obj
                0x0000000010004644                getchar_timeout_us
 .text.resetd_init
                0x00000000100046dc        0x4 CMakeFiles/pico_micro_ros_example.dir/home/ngochoan/micro_ros_ws/src/pico-sdk/src/rp2_common/pico_stdio_usb/reset_interface.c.obj
 .text.resetd_reset
                0x00000000100046e0        0xc CMakeFiles/pico_micro_ros_example.dir/home/ngochoan/micro_ros_ws/src/pico-sdk/src/rp2_common/pico_stdio_usb/reset_interface.c.obj
 .text.resetd_open
                0x00000000100046ec       0x28 CMakeFiles/pico_micro_ros_example.dir/home/ngochoan/micro_ros_ws/src/pico-sdk/src/rp2_common/pico_stdio_usb/reset_interface.c.obj
 .text.resetd_xfer_cb
                0x0000000010004714        0x4 CMakeFiles/pico_micro_ros_example.dir/home/ngochoan/micro_ros_ws/src/pico-sdk/src/rp2_common/pico_stdio_usb/reset_interface.c.obj
 .text.resetd_control_xfer_cb
                0x0000000010004718       0x64 CMakeFiles/pico_micro_ros_example.dir/home/ngochoan/micro_ros_ws/src/pico-sdk/src/rp2_common/pico_stdio_usb/reset_interface.c.obj
 .text.usbd_app_driver_get_cb
                0x000000001000477c        0xc CMakeFiles/pico_micro_ros_example.dir/home/ngochoan/micro_ros_ws/src/pico-sdk/src/rp2_common/pico_stdio_usb/reset_interface.c.obj
                0x000000001000477c                usbd_app_driver_get_cb
 .text.tud_cdc_line_coding_cb
                0x0000000010004788       0x34 CMakeFiles/pico_micro_ros_example.dir/home/ngochoan/micro_ros_ws/src/pico-sdk/src/rp2_common/pico_stdio_usb/reset_interface.c.obj
                0x0000000010004788                tud_cdc_line_coding_cb
 .text.stdio_usb_set_chars_available_callback
                0x00000000100047bc       0x14 CMakeFiles/pico_micro_ros_example.dir/home/ngochoan/micro_ros_ws/src/pico-sdk/src/rp2_common/pico_stdio_usb/stdio_usb.c.obj
                0x00000000100047bc                stdio_usb_set_chars_available_callback
 .text.usb_irq  0x00000000100047d0       0x10 CMakeFiles/pico_micro_ros_example.dir/home/ngochoan/micro_ros_ws/src/pico-sdk/src/rp2_common/pico_stdio_usb/stdio_usb.c.obj
 .text.timer_task
                0x00000000100047e0       0x54 CMakeFiles/pico_micro_ros_example.dir/home/ngochoan/micro_ros_ws/src/pico-sdk/src/rp2_common/pico_stdio_usb/stdio_usb.c.obj
 .text.stdio_usb_in_chars
                0x0000000010004834       0x90 CMakeFiles/pico_micro_ros_example.dir/home/ngochoan/micro_ros_ws/src/pico-sdk/src/rp2_common/pico_stdio_usb/stdio_usb.c.obj
                0x0000000010004834                stdio_usb_in_chars
 .text.stdio_usb_out_chars
                0x00000000100048c4      0x100 CMakeFiles/pico_micro_ros_example.dir/home/ngochoan/micro_ros_ws/src/pico-sdk/src/rp2_common/pico_stdio_usb/stdio_usb.c.obj
 .text.low_priority_worker_irq
                0x00000000100049c4       0xa8 CMakeFiles/pico_micro_ros_example.dir/home/ngochoan/micro_ros_ws/src/pico-sdk/src/rp2_common/pico_stdio_usb/stdio_usb.c.obj
 .text.tud_cdc_rx_cb
                0x0000000010004a6c       0x20 CMakeFiles/pico_micro_ros_example.dir/home/ngochoan/micro_ros_ws/src/pico-sdk/src/rp2_common/pico_stdio_usb/stdio_usb.c.obj
                0x0000000010004a6c                tud_cdc_rx_cb
 .text.stdio_usb_init
                0x0000000010004a8c       0xdc CMakeFiles/pico_micro_ros_example.dir/home/ngochoan/micro_ros_ws/src/pico-sdk/src/rp2_common/pico_stdio_usb/stdio_usb.c.obj
                0x0000000010004a8c                stdio_usb_init
 .text.tud_descriptor_device_cb
                0x0000000010004b68        0x8 CMakeFiles/pico_micro_ros_example.dir/home/ngochoan/micro_ros_ws/src/pico-sdk/src/rp2_common/pico_stdio_usb/stdio_usb_descriptors.c.obj
                0x0000000010004b68                tud_descriptor_device_cb
 .text.tud_descriptor_configuration_cb
                0x0000000010004b70        0x8 CMakeFiles/pico_micro_ros_example.dir/home/ngochoan/micro_ros_ws/src/pico-sdk/src/rp2_common/pico_stdio_usb/stdio_usb_descriptors.c.obj
                0x0000000010004b70                tud_descriptor_configuration_cb
 .text.tud_descriptor_string_cb
                0x0000000010004b78       0x74 CMakeFiles/pico_micro_ros_example.dir/home/ngochoan/micro_ros_ws/src/pico-sdk/src/rp2_common/pico_stdio_usb/stdio_usb_descriptors.c.obj
                0x0000000010004b78                tud_descriptor_string_cb
 .text.startup._retrieve_unique_id_on_boot
                0x0000000010004bec       0x10 CMakeFiles/pico_micro_ros_example.dir/home/ngochoan/micro_ros_ws/src/pico-sdk/src/rp2_common/pico_unique_id/unique_id.c.obj
 .text.pico_get_unique_board_id_string
                0x0000000010004bfc      0x1a8 CMakeFiles/pico_micro_ros_example.dir/home/ngochoan/micro_ros_ws/src/pico-sdk/src/rp2_common/pico_unique_id/unique_id.c.obj
                0x0000000010004bfc                pico_get_unique_board_id_string
 .text.flash_get_unique_id
                0x0000000010004da4       0x40 CMakeFiles/pico_micro_ros_example.dir/home/ngochoan/micro_ros_ws/src/pico-sdk/src/rp2_common/hardware_flash/flash.c.obj
                0x0000000010004da4                flash_get_unique_id
 .text.dcd_int_enable
                0x0000000010004de4        0xc CMakeFiles/pico_micro_ros_example.dir/home/ngochoan/micro_ros_ws/src/pico-sdk/lib/tinyusb/src/portable/raspberrypi/rp2040/dcd_rp2040.c.obj
                0x0000000010004de4                dcd_int_enable
 .text.dcd_set_address
                0x0000000010004df0       0x14 CMakeFiles/pico_micro_ros_example.dir/home/ngochoan/micro_ros_ws/src/pico-sdk/lib/tinyusb/src/portable/raspberrypi/rp2040/dcd_rp2040.c.obj
                0x0000000010004df0                dcd_set_address
 .text.dcd_connect
                0x0000000010004e04       0x10 CMakeFiles/pico_micro_ros_example.dir/home/ngochoan/micro_ros_ws/src/pico-sdk/lib/tinyusb/src/portable/raspberrypi/rp2040/dcd_rp2040.c.obj
                0x0000000010004e04                dcd_connect
 .text.dcd_init
                0x0000000010004e14       0x98 CMakeFiles/pico_micro_ros_example.dir/home/ngochoan/micro_ros_ws/src/pico-sdk/lib/tinyusb/src/portable/raspberrypi/rp2040/dcd_rp2040.c.obj
                0x0000000010004e14                dcd_init
 .text.dcd_edpt0_status_complete
                0x0000000010004eac       0x1c CMakeFiles/pico_micro_ros_example.dir/home/ngochoan/micro_ros_ws/src/pico-sdk/lib/tinyusb/src/portable/raspberrypi/rp2040/dcd_rp2040.c.obj
                0x0000000010004eac                dcd_edpt0_status_complete
 .text.dcd_edpt_open
                0x0000000010004ec8      0x108 CMakeFiles/pico_micro_ros_example.dir/home/ngochoan/micro_ros_ws/src/pico-sdk/lib/tinyusb/src/portable/raspberrypi/rp2040/dcd_rp2040.c.obj
                0x0000000010004ec8                dcd_edpt_open
 .text.dcd_edpt_close_all
                0x0000000010004fd0        0x8 CMakeFiles/pico_micro_ros_example.dir/home/ngochoan/micro_ros_ws/src/pico-sdk/lib/tinyusb/src/portable/raspberrypi/rp2040/dcd_rp2040.c.obj
                0x0000000010004fd0                dcd_edpt_close_all
 .text.dcd_edpt_xfer
                0x0000000010004fd8       0x24 CMakeFiles/pico_micro_ros_example.dir/home/ngochoan/micro_ros_ws/src/pico-sdk/lib/tinyusb/src/portable/raspberrypi/rp2040/dcd_rp2040.c.obj
                0x0000000010004fd8                dcd_edpt_xfer
 .text.dcd_edpt_stall
                0x0000000010004ffc       0x38 CMakeFiles/pico_micro_ros_example.dir/home/ngochoan/micro_ros_ws/src/pico-sdk/lib/tinyusb/src/portable/raspberrypi/rp2040/dcd_rp2040.c.obj
                0x0000000010004ffc                dcd_edpt_stall
 .text.dcd_edpt_clear_stall
                0x0000000010005034       0x30 CMakeFiles/pico_micro_ros_example.dir/home/ngochoan/micro_ros_ws/src/pico-sdk/lib/tinyusb/src/portable/raspberrypi/rp2040/dcd_rp2040.c.obj
                0x0000000010005034                dcd_edpt_clear_stall
 .text.rp2040_usb_init
                0x0000000010005064       0x4c CMakeFiles/pico_micro_ros_example.dir/home/ngochoan/micro_ros_ws/src/pico-sdk/lib/tinyusb/src/portable/raspberrypi/rp2040/rp2040_usb.c.obj
                0x0000000010005064                rp2040_usb_init
 .text.hw_endpoint_xfer_start
                0x00000000100050b0       0x50 CMakeFiles/pico_micro_ros_example.dir/home/ngochoan/micro_ros_ws/src/pico-sdk/lib/tinyusb/src/portable/raspberrypi/rp2040/rp2040_usb.c.obj
                0x00000000100050b0                hw_endpoint_xfer_start
 .text.tud_mounted
                0x0000000010005100       0x10 CMakeFiles/pico_micro_ros_example.dir/home/ngochoan/micro_ros_ws/src/pico-sdk/lib/tinyusb/src/device/usbd.c.obj
                0x0000000010005100                tud_mounted
 .text.tud_suspended
                0x0000000010005110       0x10 CMakeFiles/pico_micro_ros_example.dir/home/ngochoan/micro_ros_ws/src/pico-sdk/lib/tinyusb/src/device/usbd.c.obj
                0x0000000010005110                tud_suspended
 .text.tud_inited
                0x0000000010005120       0x14 CMakeFiles/pico_micro_ros_example.dir/home/ngochoan/micro_ros_ws/src/pico-sdk/lib/tinyusb/src/device/usbd.c.obj
                0x0000000010005120                tud_inited
 .text.tud_init
                0x0000000010005134       0xe4 CMakeFiles/pico_micro_ros_example.dir/home/ngochoan/micro_ros_ws/src/pico-sdk/lib/tinyusb/src/device/usbd.c.obj
                0x0000000010005134                tud_init
 .text.tud_task_ext
                0x0000000010005218      0x854 CMakeFiles/pico_micro_ros_example.dir/home/ngochoan/micro_ros_ws/src/pico-sdk/lib/tinyusb/src/device/usbd.c.obj
                0x0000000010005218                tud_task_ext
 .text.usbd_open_edpt_pair
                0x0000000010005a6c       0x9c CMakeFiles/pico_micro_ros_example.dir/home/ngochoan/micro_ros_ws/src/pico-sdk/lib/tinyusb/src/device/usbd.c.obj
                0x0000000010005a6c                usbd_open_edpt_pair
 .text.usbd_defer_func
                0x0000000010005b08       0x48 CMakeFiles/pico_micro_ros_example.dir/home/ngochoan/micro_ros_ws/src/pico-sdk/lib/tinyusb/src/device/usbd.c.obj
                0x0000000010005b08                usbd_defer_func
 .text.usbd_edpt_open
                0x0000000010005b50       0x34 CMakeFiles/pico_micro_ros_example.dir/home/ngochoan/micro_ros_ws/src/pico-sdk/lib/tinyusb/src/device/usbd.c.obj
                0x0000000010005b50                usbd_edpt_open
 .text.usbd_edpt_claim
                0x0000000010005b84       0x28 CMakeFiles/pico_micro_ros_example.dir/home/ngochoan/micro_ros_ws/src/pico-sdk/lib/tinyusb/src/device/usbd.c.obj
                0x0000000010005b84                usbd_edpt_claim
 .text.usbd_edpt_release
                0x0000000010005bac       0x28 CMakeFiles/pico_micro_ros_example.dir/home/ngochoan/micro_ros_ws/src/pico-sdk/lib/tinyusb/src/device/usbd.c.obj
                0x0000000010005bac                usbd_edpt_release
 .text.usbd_edpt_xfer
                0x0000000010005bd4       0x4c CMakeFiles/pico_micro_ros_example.dir/home/ngochoan/micro_ros_ws/src/pico-sdk/lib/tinyusb/src/device/usbd.c.obj
                0x0000000010005bd4                usbd_edpt_xfer
 .text.tud_control_status
                0x0000000010005c20       0x30 CMakeFiles/pico_micro_ros_example.dir/home/ngochoan/micro_ros_ws/src/pico-sdk/lib/tinyusb/src/device/usbd_control.c.obj
                0x0000000010005c20                tud_control_status
 .text.tud_control_xfer
                0x0000000010005c50       0xbc CMakeFiles/pico_micro_ros_example.dir/home/ngochoan/micro_ros_ws/src/pico-sdk/lib/tinyusb/src/device/usbd_control.c.obj
                0x0000000010005c50                tud_control_xfer
 .text.usbd_control_reset
                0x0000000010005d0c       0x14 CMakeFiles/pico_micro_ros_example.dir/home/ngochoan/micro_ros_ws/src/pico-sdk/lib/tinyusb/src/device/usbd_control.c.obj
                0x0000000010005d0c                usbd_control_reset
 .text.usbd_control_set_complete_callback
                0x0000000010005d20        0xc CMakeFiles/pico_micro_ros_example.dir/home/ngochoan/micro_ros_ws/src/pico-sdk/lib/tinyusb/src/device/usbd_control.c.obj
                0x0000000010005d20                usbd_control_set_complete_callback
 .text.usbd_control_set_request
                0x0000000010005d2c       0x1c CMakeFiles/pico_micro_ros_example.dir/home/ngochoan/micro_ros_ws/src/pico-sdk/lib/tinyusb/src/device/usbd_control.c.obj
                0x0000000010005d2c                usbd_control_set_request
 .text.usbd_control_xfer_cb
                0x0000000010005d48       0xfc CMakeFiles/pico_micro_ros_example.dir/home/ngochoan/micro_ros_ws/src/pico-sdk/lib/tinyusb/src/device/usbd_control.c.obj
                0x0000000010005d48                usbd_control_xfer_cb
 .text.tud_cdc_n_connected
                0x0000000010005e44       0x30 CMakeFiles/pico_micro_ros_example.dir/home/ngochoan/micro_ros_ws/src/pico-sdk/lib/tinyusb/src/class/cdc/cdc_device.c.obj
                0x0000000010005e44                tud_cdc_n_connected
 .text.tud_cdc_n_available
                0x0000000010005e74       0x18 CMakeFiles/pico_micro_ros_example.dir/home/ngochoan/micro_ros_ws/src/pico-sdk/lib/tinyusb/src/class/cdc/cdc_device.c.obj
                0x0000000010005e74                tud_cdc_n_available
 .text.tud_cdc_n_read
                0x0000000010005e8c       0x70 CMakeFiles/pico_micro_ros_example.dir/home/ngochoan/micro_ros_ws/src/pico-sdk/lib/tinyusb/src/class/cdc/cdc_device.c.obj
                0x0000000010005e8c                tud_cdc_n_read
 .text.tud_cdc_n_write_flush
                0x0000000010005efc       0x78 CMakeFiles/pico_micro_ros_example.dir/home/ngochoan/micro_ros_ws/src/pico-sdk/lib/tinyusb/src/class/cdc/cdc_device.c.obj
                0x0000000010005efc                tud_cdc_n_write_flush
 .text.tud_cdc_n_write
                0x0000000010005f74       0x34 CMakeFiles/pico_micro_ros_example.dir/home/ngochoan/micro_ros_ws/src/pico-sdk/lib/tinyusb/src/class/cdc/cdc_device.c.obj
                0x0000000010005f74                tud_cdc_n_write
 .text.tud_cdc_n_write_available
                0x0000000010005fa8       0x18 CMakeFiles/pico_micro_ros_example.dir/home/ngochoan/micro_ros_ws/src/pico-sdk/lib/tinyusb/src/class/cdc/cdc_device.c.obj
                0x0000000010005fa8                tud_cdc_n_write_available
 .text.cdcd_init
                0x0000000010005fc0       0x7c CMakeFiles/pico_micro_ros_example.dir/home/ngochoan/micro_ros_ws/src/pico-sdk/lib/tinyusb/src/class/cdc/cdc_device.c.obj
                0x0000000010005fc0                cdcd_init
 .text.cdcd_reset
                0x000000001000603c       0x2c CMakeFiles/pico_micro_ros_example.dir/home/ngochoan/micro_ros_ws/src/pico-sdk/lib/tinyusb/src/class/cdc/cdc_device.c.obj
                0x000000001000603c                cdcd_reset
 .text.cdcd_open
                0x0000000010006068       0xe8 CMakeFiles/pico_micro_ros_example.dir/home/ngochoan/micro_ros_ws/src/pico-sdk/lib/tinyusb/src/class/cdc/cdc_device.c.obj
                0x0000000010006068                cdcd_open
 .text.cdcd_control_xfer_cb
                0x0000000010006150       0xe4 CMakeFiles/pico_micro_ros_example.dir/home/ngochoan/micro_ros_ws/src/pico-sdk/lib/tinyusb/src/class/cdc/cdc_device.c.obj
                0x0000000010006150                cdcd_control_xfer_cb
 .text.cdcd_xfer_cb
                0x0000000010006234      0x148 CMakeFiles/pico_micro_ros_example.dir/home/ngochoan/micro_ros_ws/src/pico-sdk/lib/tinyusb/src/class/cdc/cdc_device.c.obj
                0x0000000010006234                cdcd_xfer_cb
 .text.tusb_init
                0x000000001000637c        0xc CMakeFiles/pico_micro_ros_example.dir/home/ngochoan/micro_ros_ws/src/pico-sdk/lib/tinyusb/src/tusb.c.obj
                0x000000001000637c                tusb_init
 .text.tusb_inited
                0x0000000010006388        0x8 CMakeFiles/pico_micro_ros_example.dir/home/ngochoan/micro_ros_ws/src/pico-sdk/lib/tinyusb/src/tusb.c.obj
                0x0000000010006388                tusb_inited
 .text.tu_edpt_claim
                0x0000000010006390       0x50 CMakeFiles/pico_micro_ros_example.dir/home/ngochoan/micro_ros_ws/src/pico-sdk/lib/tinyusb/src/tusb.c.obj
                0x0000000010006390                tu_edpt_claim
 .text.tu_edpt_release
                0x00000000100063e0       0x38 CMakeFiles/pico_micro_ros_example.dir/home/ngochoan/micro_ros_ws/src/pico-sdk/lib/tinyusb/src/tusb.c.obj
                0x00000000100063e0                tu_edpt_release
 .text.tu_edpt_validate
                0x0000000010006418       0x78 CMakeFiles/pico_micro_ros_example.dir/home/ngochoan/micro_ros_ws/src/pico-sdk/lib/tinyusb/src/tusb.c.obj
                0x0000000010006418                tu_edpt_validate
 .text.tu_edpt_bind_driver
                0x0000000010006490       0x34 CMakeFiles/pico_micro_ros_example.dir/home/ngochoan/micro_ros_ws/src/pico-sdk/lib/tinyusb/src/tusb.c.obj
                0x0000000010006490                tu_edpt_bind_driver
 .text.tu_fifo_config
                0x00000000100064c4       0x70 CMakeFiles/pico_micro_ros_example.dir/home/ngochoan/micro_ros_ws/src/pico-sdk/lib/tinyusb/src/common/tusb_fifo.c.obj
                0x00000000100064c4                tu_fifo_config
 .text.tu_fifo_count
                0x0000000010006534       0x2c CMakeFiles/pico_micro_ros_example.dir/home/ngochoan/micro_ros_ws/src/pico-sdk/lib/tinyusb/src/common/tusb_fifo.c.obj
                0x0000000010006534                tu_fifo_count
 .text.tu_fifo_empty
                0x0000000010006560       0x10 CMakeFiles/pico_micro_ros_example.dir/home/ngochoan/micro_ros_ws/src/pico-sdk/lib/tinyusb/src/common/tusb_fifo.c.obj
                0x0000000010006560                tu_fifo_empty
 .text.tu_fifo_remaining
                0x0000000010006570       0x2c CMakeFiles/pico_micro_ros_example.dir/home/ngochoan/micro_ros_ws/src/pico-sdk/lib/tinyusb/src/common/tusb_fifo.c.obj
                0x0000000010006570                tu_fifo_remaining
 .text.tu_fifo_read
                0x000000001000659c       0xa0 CMakeFiles/pico_micro_ros_example.dir/home/ngochoan/micro_ros_ws/src/pico-sdk/lib/tinyusb/src/common/tusb_fifo.c.obj
                0x000000001000659c                tu_fifo_read
 .text.tu_fifo_read_n
                0x000000001000663c       0xec CMakeFiles/pico_micro_ros_example.dir/home/ngochoan/micro_ros_ws/src/pico-sdk/lib/tinyusb/src/common/tusb_fifo.c.obj
                0x000000001000663c                tu_fifo_read_n
 .text.tu_fifo_write
                0x0000000010006728       0x88 CMakeFiles/pico_micro_ros_example.dir/home/ngochoan/micro_ros_ws/src/pico-sdk/lib/tinyusb/src/common/tusb_fifo.c.obj
                0x0000000010006728                tu_fifo_write
 .text.tu_fifo_write_n
                0x00000000100067b0      0x168 CMakeFiles/pico_micro_ros_example.dir/home/ngochoan/micro_ros_ws/src/pico-sdk/lib/tinyusb/src/common/tusb_fifo.c.obj
                0x00000000100067b0                tu_fifo_write_n
 .text.tu_fifo_clear
                0x0000000010006918       0x40 CMakeFiles/pico_micro_ros_example.dir/home/ngochoan/micro_ros_ws/src/pico-sdk/lib/tinyusb/src/common/tusb_fifo.c.obj
                0x0000000010006918                tu_fifo_clear
 .text.tu_fifo_set_overwritable
                0x0000000010006958       0x48 CMakeFiles/pico_micro_ros_example.dir/home/ngochoan/micro_ros_ws/src/pico-sdk/lib/tinyusb/src/common/tusb_fifo.c.obj
                0x0000000010006958                tu_fifo_set_overwritable
 .text.rcl_get_zero_initialized_publisher
                0x00000000100069a0        0xc /home/ngochoan/micro_ros_ws/src/micro_ros_raspberrypi_pico_sdk/libmicroros/libmicroros.a(librcl-publisher.c.obj)
                0x00000000100069a0                rcl_get_zero_initialized_publisher
 .text.rcl_publisher_init
                0x00000000100069ac      0x13c /home/ngochoan/micro_ros_ws/src/micro_ros_raspberrypi_pico_sdk/libmicroros/libmicroros.a(librcl-publisher.c.obj)
                0x00000000100069ac                rcl_publisher_init
 .text.rcl_publisher_get_default_options
                0x0000000010006ae8       0x7c /home/ngochoan/micro_ros_ws/src/micro_ros_raspberrypi_pico_sdk/libmicroros/libmicroros.a(librcl-publisher.c.obj)
                0x0000000010006ae8                rcl_publisher_get_default_options
 .text.rcl_publish
                0x0000000010006b64       0x4c /home/ngochoan/micro_ros_ws/src/micro_ros_raspberrypi_pico_sdk/libmicroros/libmicroros.a(librcl-publisher.c.obj)
                0x0000000010006b64                rcl_publish
 .text.rcl_publisher_is_valid
                0x0000000010006bb0       0x30 /home/ngochoan/micro_ros_ws/src/micro_ros_raspberrypi_pico_sdk/libmicroros/libmicroros.a(librcl-publisher.c.obj)
                0x0000000010006bb0                rcl_publisher_is_valid
 .text.rcl_publisher_is_valid_except_context
                0x0000000010006be0       0x1c /home/ngochoan/micro_ros_ws/src/micro_ros_raspberrypi_pico_sdk/libmicroros/libmicroros.a(librcl-publisher.c.obj)
                0x0000000010006be0                rcl_publisher_is_valid_except_context
 .text._rclc_check_for_new_data
                0x0000000010006bfc       0x90 /home/ngochoan/micro_ros_ws/src/micro_ros_raspberrypi_pico_sdk/libmicroros/libmicroros.a(librclc-executor.c.obj)
 .text._rclc_take_new_data
                0x0000000010006c8c      0x2c8 /home/ngochoan/micro_ros_ws/src/micro_ros_raspberrypi_pico_sdk/libmicroros/libmicroros.a(librclc-executor.c.obj)
 .text._rclc_execute.part.0
                0x0000000010006f54      0x29c /home/ngochoan/micro_ros_ws/src/micro_ros_raspberrypi_pico_sdk/libmicroros/libmicroros.a(librclc-executor.c.obj)
 .text.rclc_executor_trigger_any
                0x00000000100071f0       0x7c /home/ngochoan/micro_ros_ws/src/micro_ros_raspberrypi_pico_sdk/libmicroros/libmicroros.a(librclc-executor.c.obj)
                0x00000000100071f0                rclc_executor_trigger_any
 .text.rclc_executor_init
                0x000000001000726c       0xc4 /home/ngochoan/micro_ros_ws/src/micro_ros_raspberrypi_pico_sdk/libmicroros/libmicroros.a(librclc-executor.c.obj)
                0x000000001000726c                rclc_executor_init
 .text.rclc_executor_add_timer
                0x0000000010007330       0x58 /home/ngochoan/micro_ros_ws/src/micro_ros_raspberrypi_pico_sdk/libmicroros/libmicroros.a(librclc-executor.c.obj)
                0x0000000010007330                rclc_executor_add_timer
 .text.rclc_executor_prepare
                0x0000000010007388       0x88 /home/ngochoan/micro_ros_ws/src/micro_ros_raspberrypi_pico_sdk/libmicroros/libmicroros.a(librclc-executor.c.obj)
                0x0000000010007388                rclc_executor_prepare
 .text.rclc_executor_spin_some.part.0
                0x0000000010007410      0x384 /home/ngochoan/micro_ros_ws/src/micro_ros_raspberrypi_pico_sdk/libmicroros/libmicroros.a(librclc-executor.c.obj)
 .text.rclc_executor_spin_some
                0x0000000010007794       0x30 /home/ngochoan/micro_ros_ws/src/micro_ros_raspberrypi_pico_sdk/libmicroros/libmicroros.a(librclc-executor.c.obj)
                0x0000000010007794                rclc_executor_spin_some
 .text.rclc_executor_handle_counters_zero_init
                0x00000000100077c4       0x18 /home/ngochoan/micro_ros_ws/src/micro_ros_raspberrypi_pico_sdk/libmicroros/libmicroros.a(librclc-executor_handle.c.obj)
                0x00000000100077c4                rclc_executor_handle_counters_zero_init
 .text.rclc_executor_handle_init
                0x00000000100077dc       0x28 /home/ngochoan/micro_ros_ws/src/micro_ros_raspberrypi_pico_sdk/libmicroros/libmicroros.a(librclc-executor_handle.c.obj)
                0x00000000100077dc                rclc_executor_handle_init
 .text.rclc_support_init
                0x0000000010007804       0x94 /home/ngochoan/micro_ros_ws/src/micro_ros_raspberrypi_pico_sdk/libmicroros/libmicroros.a(librclc-init.c.obj)
                0x0000000010007804                rclc_support_init
 .text.rclc_node_init_default
                0x0000000010007898       0x74 /home/ngochoan/micro_ros_ws/src/micro_ros_raspberrypi_pico_sdk/libmicroros/libmicroros.a(librclc-node.c.obj)
                0x0000000010007898                rclc_node_init_default
 .text.rclc_publisher_init_default
                0x000000001000790c       0x68 /home/ngochoan/micro_ros_ws/src/micro_ros_raspberrypi_pico_sdk/libmicroros/libmicroros.a(librclc-publisher.c.obj)
                0x000000001000790c                rclc_publisher_init_default
 .text.rclc_timer_init_default
                0x0000000010007974       0x60 /home/ngochoan/micro_ros_ws/src/micro_ros_raspberrypi_pico_sdk/libmicroros/libmicroros.a(librclc-timer.c.obj)
                0x0000000010007974                rclc_timer_init_default
 .text.__default_zero_allocate
                0x00000000100079d4        0x8 /home/ngochoan/micro_ros_ws/src/micro_ros_raspberrypi_pico_sdk/libmicroros/libmicroros.a(librcutils-allocator.c.obj)
 .text.__default_reallocate
                0x00000000100079dc        0x8 /home/ngochoan/micro_ros_ws/src/micro_ros_raspberrypi_pico_sdk/libmicroros/libmicroros.a(librcutils-allocator.c.obj)
 .text.__default_deallocate
                0x00000000100079e4        0x8 /home/ngochoan/micro_ros_ws/src/micro_ros_raspberrypi_pico_sdk/libmicroros/libmicroros.a(librcutils-allocator.c.obj)
 .text.__default_allocate
                0x00000000100079ec        0x8 /home/ngochoan/micro_ros_ws/src/micro_ros_raspberrypi_pico_sdk/libmicroros/libmicroros.a(librcutils-allocator.c.obj)
 .text.rcutils_get_zero_initialized_allocator
                0x00000000100079f4       0x14 /home/ngochoan/micro_ros_ws/src/micro_ros_raspberrypi_pico_sdk/libmicroros/libmicroros.a(librcutils-allocator.c.obj)
                0x00000000100079f4                rcutils_get_zero_initialized_allocator
 .text.rcutils_get_default_allocator
                0x0000000010007a08       0x14 /home/ngochoan/micro_ros_ws/src/micro_ros_raspberrypi_pico_sdk/libmicroros/libmicroros.a(librcutils-allocator.c.obj)
                0x0000000010007a08                rcutils_get_default_allocator
 .text.rcutils_allocator_is_valid
                0x0000000010007a1c       0x24 /home/ngochoan/micro_ros_ws/src/micro_ros_raspberrypi_pico_sdk/libmicroros/libmicroros.a(librcutils-allocator.c.obj)
                0x0000000010007a1c                rcutils_allocator_is_valid
 .text.rcutils_get_error_string
                0x0000000010007a40       0x34 /home/ngochoan/micro_ros_ws/src/micro_ros_raspberrypi_pico_sdk/libmicroros/libmicroros.a(librcutils-error_handling.c.obj)
                0x0000000010007a40                rcutils_get_error_string
 .text.rcutils_reset_error
                0x0000000010007a74       0x38 /home/ngochoan/micro_ros_ws/src/micro_ros_raspberrypi_pico_sdk/libmicroros/libmicroros.a(librcutils-error_handling.c.obj)
                0x0000000010007a74                rcutils_reset_error
 .text.rcutils_system_time_now
                0x0000000010007aac       0x58 /home/ngochoan/micro_ros_ws/src/micro_ros_raspberrypi_pico_sdk/libmicroros/libmicroros.a(librcutils-time_unix.c.obj)
                0x0000000010007aac                rcutils_system_time_now
 .text.rcutils_steady_time_now
                0x0000000010007b04       0x58 /home/ngochoan/micro_ros_ws/src/micro_ros_raspberrypi_pico_sdk/libmicroros/libmicroros.a(librcutils-time_unix.c.obj)
                0x0000000010007b04                rcutils_steady_time_now
 .text.rmw_get_default_publisher_options
                0x0000000010007b5c        0x8 /home/ngochoan/micro_ros_ws/src/micro_ros_raspberrypi_pico_sdk/libmicroros/libmicroros.a(librmw-publisher_options.c.obj)
                0x0000000010007b5c                rmw_get_default_publisher_options
 .text.rmw_uros_set_custom_transport
                0x0000000010007b64       0x34 /home/ngochoan/micro_ros_ws/src/micro_ros_raspberrypi_pico_sdk/libmicroros/libmicroros.a(librmw_microxrcedds-custom_transport.c.obj)
                0x0000000010007b64                rmw_uros_set_custom_transport
 .text.rmw_uros_ping_agent
                0x0000000010007b98       0xa0 /home/ngochoan/micro_ros_ws/src/micro_ros_raspberrypi_pico_sdk/libmicroros/libmicroros.a(librmw_microxrcedds-ping.c.obj)
                0x0000000010007b98                rmw_uros_ping_agent
 .text.flush_session
                0x0000000010007c38        0xc /home/ngochoan/micro_ros_ws/src/micro_ros_raspberrypi_pico_sdk/libmicroros/libmicroros.a(librmw_microxrcedds-rmw_publish.c.obj)
                0x0000000010007c38                flush_session
 .text.rmw_publish
                0x0000000010007c44       0xd8 /home/ngochoan/micro_ros_ws/src/micro_ros_raspberrypi_pico_sdk/libmicroros/libmicroros.a(librmw_microxrcedds-rmw_publish.c.obj)
                0x0000000010007c44                rmw_publish
 .text.rmw_create_publisher
                0x0000000010007d1c      0x20c /home/ngochoan/micro_ros_ws/src/micro_ros_raspberrypi_pico_sdk/libmicroros/libmicroros.a(librmw_microxrcedds-rmw_publisher.c.obj)
                0x0000000010007d1c                rmw_create_publisher
 .text.rmw_publisher_get_actual_qos
                0x0000000010007f28       0x20 /home/ngochoan/micro_ros_ws/src/micro_ros_raspberrypi_pico_sdk/libmicroros/libmicroros.a(librmw_microxrcedds-rmw_publisher.c.obj)
                0x0000000010007f28                rmw_publisher_get_actual_qos
 .text.rmw_destroy_publisher
                0x0000000010007f48       0xf4 /home/ngochoan/micro_ros_ws/src/micro_ros_raspberrypi_pico_sdk/libmicroros/libmicroros.a(librmw_microxrcedds-rmw_publisher.c.obj)
                0x0000000010007f48                rmw_destroy_publisher
 .text.rmw_uxrce_transport_init
                0x000000001000803c       0x2c /home/ngochoan/micro_ros_ws/src/micro_ros_raspberrypi_pico_sdk/libmicroros/libmicroros.a(librmw_microxrcedds-rmw_uxrce_transports.c.obj)
                0x000000001000803c                rmw_uxrce_transport_init
 .text.rmw_uxrce_init_service_memory
                0x0000000010008068       0x48 /home/ngochoan/micro_ros_ws/src/micro_ros_raspberrypi_pico_sdk/libmicroros/libmicroros.a(librmw_microxrcedds-types.c.obj)
                0x0000000010008068                rmw_uxrce_init_service_memory
 .text.rmw_uxrce_init_client_memory
                0x00000000100080b0       0x48 /home/ngochoan/micro_ros_ws/src/micro_ros_raspberrypi_pico_sdk/libmicroros/libmicroros.a(librmw_microxrcedds-types.c.obj)
                0x00000000100080b0                rmw_uxrce_init_client_memory
 .text.rmw_uxrce_init_publisher_memory
                0x00000000100080f8       0x48 /home/ngochoan/micro_ros_ws/src/micro_ros_raspberrypi_pico_sdk/libmicroros/libmicroros.a(librmw_microxrcedds-types.c.obj)
                0x00000000100080f8                rmw_uxrce_init_publisher_memory
 .text.rmw_uxrce_init_subscription_memory
                0x0000000010008140       0x48 /home/ngochoan/micro_ros_ws/src/micro_ros_raspberrypi_pico_sdk/libmicroros/libmicroros.a(librmw_microxrcedds-types.c.obj)
                0x0000000010008140                rmw_uxrce_init_subscription_memory
 .text.rmw_uxrce_init_node_memory
                0x0000000010008188       0x48 /home/ngochoan/micro_ros_ws/src/micro_ros_raspberrypi_pico_sdk/libmicroros/libmicroros.a(librmw_microxrcedds-types.c.obj)
                0x0000000010008188                rmw_uxrce_init_node_memory
 .text.rmw_uxrce_init_session_memory
                0x00000000100081d0       0x50 /home/ngochoan/micro_ros_ws/src/micro_ros_raspberrypi_pico_sdk/libmicroros/libmicroros.a(librmw_microxrcedds-types.c.obj)
                0x00000000100081d0                rmw_uxrce_init_session_memory
 .text.rmw_uxrce_init_topic_memory
                0x0000000010008220       0x48 /home/ngochoan/micro_ros_ws/src/micro_ros_raspberrypi_pico_sdk/libmicroros/libmicroros.a(librmw_microxrcedds-types.c.obj)
                0x0000000010008220                rmw_uxrce_init_topic_memory
 .text.rmw_uxrce_init_static_input_buffer_memory
                0x0000000010008268       0x50 /home/ngochoan/micro_ros_ws/src/micro_ros_raspberrypi_pico_sdk/libmicroros/libmicroros.a(librmw_microxrcedds-types.c.obj)
                0x0000000010008268                rmw_uxrce_init_static_input_buffer_memory
 .text.rmw_uxrce_init_init_options_impl_memory
                0x00000000100082b8       0x48 /home/ngochoan/micro_ros_ws/src/micro_ros_raspberrypi_pico_sdk/libmicroros/libmicroros.a(librmw_microxrcedds-types.c.obj)
                0x00000000100082b8                rmw_uxrce_init_init_options_impl_memory
 .text.rmw_uxrce_init_wait_set_memory
                0x0000000010008300       0x48 /home/ngochoan/micro_ros_ws/src/micro_ros_raspberrypi_pico_sdk/libmicroros/libmicroros.a(librmw_microxrcedds-types.c.obj)
                0x0000000010008300                rmw_uxrce_init_wait_set_memory
 .text.rmw_uxrce_init_guard_condition_memory
                0x0000000010008348       0x48 /home/ngochoan/micro_ros_ws/src/micro_ros_raspberrypi_pico_sdk/libmicroros/libmicroros.a(librmw_microxrcedds-types.c.obj)
                0x0000000010008348                rmw_uxrce_init_guard_condition_memory
 .text.rmw_uxrce_fini_session_memory
                0x0000000010008390       0x10 /home/ngochoan/micro_ros_ws/src/micro_ros_raspberrypi_pico_sdk/libmicroros/libmicroros.a(librmw_microxrcedds-types.c.obj)
                0x0000000010008390                rmw_uxrce_fini_session_memory
 .text.rmw_uxrce_fini_node_memory
                0x00000000100083a0       0x34 /home/ngochoan/micro_ros_ws/src/micro_ros_raspberrypi_pico_sdk/libmicroros/libmicroros.a(librmw_microxrcedds-types.c.obj)
                0x00000000100083a0                rmw_uxrce_fini_node_memory
 .text.rmw_uxrce_fini_publisher_memory
                0x00000000100083d4       0x34 /home/ngochoan/micro_ros_ws/src/micro_ros_raspberrypi_pico_sdk/libmicroros/libmicroros.a(librmw_microxrcedds-types.c.obj)
                0x00000000100083d4                rmw_uxrce_fini_publisher_memory
 .text.rmw_uxrce_fini_subscription_memory
                0x0000000010008408       0x34 /home/ngochoan/micro_ros_ws/src/micro_ros_raspberrypi_pico_sdk/libmicroros/libmicroros.a(librmw_microxrcedds-types.c.obj)
                0x0000000010008408                rmw_uxrce_fini_subscription_memory
 .text.rmw_uxrce_fini_service_memory
                0x000000001000843c       0x34 /home/ngochoan/micro_ros_ws/src/micro_ros_raspberrypi_pico_sdk/libmicroros/libmicroros.a(librmw_microxrcedds-types.c.obj)
                0x000000001000843c                rmw_uxrce_fini_service_memory
 .text.rmw_uxrce_fini_client_memory
                0x0000000010008470       0x34 /home/ngochoan/micro_ros_ws/src/micro_ros_raspberrypi_pico_sdk/libmicroros/libmicroros.a(librmw_microxrcedds-types.c.obj)
                0x0000000010008470                rmw_uxrce_fini_client_memory
 .text.rmw_uxrce_fini_topic_memory
                0x00000000100084a4       0x18 /home/ngochoan/micro_ros_ws/src/micro_ros_raspberrypi_pico_sdk/libmicroros/libmicroros.a(librmw_microxrcedds-types.c.obj)
                0x00000000100084a4                rmw_uxrce_fini_topic_memory
 .text.rmw_uxrce_get_static_input_buffer_for_entity
                0x00000000100084bc       0xbc /home/ngochoan/micro_ros_ws/src/micro_ros_raspberrypi_pico_sdk/libmicroros/libmicroros.a(librmw_microxrcedds-types.c.obj)
                0x00000000100084bc                rmw_uxrce_get_static_input_buffer_for_entity
 .text.rmw_uxrce_find_static_input_buffer_by_owner
                0x0000000010008578       0x5c /home/ngochoan/micro_ros_ws/src/micro_ros_raspberrypi_pico_sdk/libmicroros/libmicroros.a(librmw_microxrcedds-types.c.obj)
                0x0000000010008578                rmw_uxrce_find_static_input_buffer_by_owner
 .text.rmw_uxrce_clean_expired_static_input_buffer
                0x00000000100085d4       0xfc /home/ngochoan/micro_ros_ws/src/micro_ros_raspberrypi_pico_sdk/libmicroros/libmicroros.a(librmw_microxrcedds-types.c.obj)
                0x00000000100085d4                rmw_uxrce_clean_expired_static_input_buffer
 .text.run_xrce_session
                0x00000000100086d0       0x40 /home/ngochoan/micro_ros_ws/src/micro_ros_raspberrypi_pico_sdk/libmicroros/libmicroros.a(librmw_microxrcedds-utils.c.obj)
                0x00000000100086d0                run_xrce_session
 .text.convert_qos_profile
                0x0000000010008710       0x2c /home/ngochoan/micro_ros_ws/src/micro_ros_raspberrypi_pico_sdk/libmicroros/libmicroros.a(librmw_microxrcedds-utils.c.obj)
                0x0000000010008710                convert_qos_profile
 .text.generate_type_name
                0x000000001000873c       0x68 /home/ngochoan/micro_ros_ws/src/micro_ros_raspberrypi_pico_sdk/libmicroros/libmicroros.a(librmw_microxrcedds-utils.c.obj)
                0x000000001000873c                generate_type_name
 .text.generate_topic_name
                0x00000000100087a4       0x38 /home/ngochoan/micro_ros_ws/src/micro_ros_raspberrypi_pico_sdk/libmicroros/libmicroros.a(librmw_microxrcedds-utils.c.obj)
                0x00000000100087a4                generate_topic_name
 .text.is_uxrce_rmw_identifier_valid
                0x00000000100087dc       0x20 /home/ngochoan/micro_ros_ws/src/micro_ros_raspberrypi_pico_sdk/libmicroros/libmicroros.a(librmw_microxrcedds-utils.c.obj)
                0x00000000100087dc                is_uxrce_rmw_identifier_valid
 .text.get_message_typesupport_handle
                0x00000000100087fc        0x8 /home/ngochoan/micro_ros_ws/src/micro_ros_raspberrypi_pico_sdk/libmicroros/libmicroros.a(librosidl_runtime_c-message_type_support.c.obj)
                0x00000000100087fc                get_message_typesupport_handle
 .text.get_message_typesupport_handle_function
                0x0000000010008804       0x18 /home/ngochoan/micro_ros_ws/src/micro_ros_raspberrypi_pico_sdk/libmicroros/libmicroros.a(librosidl_runtime_c-message_type_support.c.obj)
                0x0000000010008804                get_message_typesupport_handle_function
 .text.rosidl_typesupport_c__get_message_type_support_handle__std_msgs__msg__Float64
                0x000000001000881c       0x1c /home/ngochoan/micro_ros_ws/src/micro_ros_raspberrypi_pico_sdk/libmicroros/libmicroros.a(libstd_msgs__rosidl_typesupport_c-float64__type_support.cpp.obj)
                0x000000001000881c                rosidl_typesupport_c__get_message_type_support_handle__std_msgs__msg__Float64
 .text.startup._GLOBAL__sub_I_rosidl_typesupport_c__get_message_type_support_handle__std_msgs__msg__Float64
                0x0000000010008838       0x14 /home/ngochoan/micro_ros_ws/src/micro_ros_raspberrypi_pico_sdk/libmicroros/libmicroros.a(libstd_msgs__rosidl_typesupport_c-float64__type_support.cpp.obj)
 .text.std_msgs__msg__Float64__rosidl_typesupport_introspection_c__Float64_init_function
                0x000000001000884c        0x8 /home/ngochoan/micro_ros_ws/src/micro_ros_raspberrypi_pico_sdk/libmicroros/libmicroros.a(libstd_msgs__rosidl_typesupport_introspection_c-float64__type_support.c.obj)
                0x000000001000884c                std_msgs__msg__Float64__rosidl_typesupport_introspection_c__Float64_init_function
 .text.std_msgs__msg__Float64__rosidl_typesupport_introspection_c__Float64_fini_function
                0x0000000010008854        0x8 /home/ngochoan/micro_ros_ws/src/micro_ros_raspberrypi_pico_sdk/libmicroros/libmicroros.a(libstd_msgs__rosidl_typesupport_introspection_c-float64__type_support.c.obj)
                0x0000000010008854                std_msgs__msg__Float64__rosidl_typesupport_introspection_c__Float64_fini_function
 .text.rosidl_typesupport_introspection_c__get_message_type_support_handle__std_msgs__msg__Float64
                0x000000001000885c       0x1c /home/ngochoan/micro_ros_ws/src/micro_ros_raspberrypi_pico_sdk/libmicroros/libmicroros.a(libstd_msgs__rosidl_typesupport_introspection_c-float64__type_support.c.obj)
                0x000000001000885c                rosidl_typesupport_introspection_c__get_message_type_support_handle__std_msgs__msg__Float64
 .text._Float64__max_serialized_size
                0x0000000010008878       0x10 /home/ngochoan/micro_ros_ws/src/micro_ros_raspberrypi_pico_sdk/libmicroros/libmicroros.a(libstd_msgs__rosidl_typesupport_microxrcedds_c-float64__type_support_c.c.obj)
 .text._Float64__cdr_deserialize
                0x0000000010008888       0x10 /home/ngochoan/micro_ros_ws/src/micro_ros_raspberrypi_pico_sdk/libmicroros/libmicroros.a(libstd_msgs__rosidl_typesupport_microxrcedds_c-float64__type_support_c.c.obj)
 .text._Float64__get_serialized_size
                0x0000000010008898       0x18 /home/ngochoan/micro_ros_ws/src/micro_ros_raspberrypi_pico_sdk/libmicroros/libmicroros.a(libstd_msgs__rosidl_typesupport_microxrcedds_c-float64__type_support_c.c.obj)
 .text._Float64__cdr_serialize
                0x00000000100088b0       0x18 /home/ngochoan/micro_ros_ws/src/micro_ros_raspberrypi_pico_sdk/libmicroros/libmicroros.a(libstd_msgs__rosidl_typesupport_microxrcedds_c-float64__type_support_c.c.obj)
 .text.get_serialized_size_std_msgs__msg__Float64
                0x00000000100088c8       0x18 /home/ngochoan/micro_ros_ws/src/micro_ros_raspberrypi_pico_sdk/libmicroros/libmicroros.a(libstd_msgs__rosidl_typesupport_microxrcedds_c-float64__type_support_c.c.obj)
                0x00000000100088c8                get_serialized_size_std_msgs__msg__Float64
 .text.rosidl_typesupport_microxrcedds_c__get_message_type_support_handle__std_msgs__msg__Float64
                0x00000000100088e0        0x8 /home/ngochoan/micro_ros_ws/src/micro_ros_raspberrypi_pico_sdk/libmicroros/libmicroros.a(libstd_msgs__rosidl_typesupport_microxrcedds_c-float64__type_support_c.c.obj)
                0x00000000100088e0                rosidl_typesupport_microxrcedds_c__get_message_type_support_handle__std_msgs__msg__Float64
 .text.ucdr_serialize_bool
                0x00000000100088e8       0x2c /home/ngochoan/micro_ros_ws/src/micro_ros_raspberrypi_pico_sdk/libmicroros/libmicroros.a(libmicrocdr-basic.c.obj)
                0x00000000100088e8                ucdr_serialize_bool
 .text.ucdr_deserialize_bool
                0x0000000010008914       0x30 /home/ngochoan/micro_ros_ws/src/micro_ros_raspberrypi_pico_sdk/libmicroros/libmicroros.a(libmicrocdr-basic.c.obj)
                0x0000000010008914                ucdr_deserialize_bool
 .text.ucdr_serialize_uint8_t
                0x0000000010008944       0x2c /home/ngochoan/micro_ros_ws/src/micro_ros_raspberrypi_pico_sdk/libmicroros/libmicroros.a(libmicrocdr-basic.c.obj)
                0x0000000010008944                ucdr_serialize_uint8_t
 .text.ucdr_deserialize_uint8_t
                0x0000000010008970       0x30 /home/ngochoan/micro_ros_ws/src/micro_ros_raspberrypi_pico_sdk/libmicroros/libmicroros.a(libmicrocdr-basic.c.obj)
                0x0000000010008970                ucdr_deserialize_uint8_t
 .text.ucdr_serialize_uint16_t
                0x00000000100089a0       0xf4 /home/ngochoan/micro_ros_ws/src/micro_ros_raspberrypi_pico_sdk/libmicroros/libmicroros.a(libmicrocdr-basic.c.obj)
                0x00000000100089a0                ucdr_serialize_uint16_t
 .text.ucdr_serialize_endian_uint16_t
                0x0000000010008a94      0x100 /home/ngochoan/micro_ros_ws/src/micro_ros_raspberrypi_pico_sdk/libmicroros/libmicroros.a(libmicrocdr-basic.c.obj)
                0x0000000010008a94                ucdr_serialize_endian_uint16_t
 .text.ucdr_deserialize_uint16_t
                0x0000000010008b94       0xec /home/ngochoan/micro_ros_ws/src/micro_ros_raspberrypi_pico_sdk/libmicroros/libmicroros.a(libmicrocdr-basic.c.obj)
                0x0000000010008b94                ucdr_deserialize_uint16_t
 .text.ucdr_deserialize_endian_uint16_t
                0x0000000010008c80       0xf8 /home/ngochoan/micro_ros_ws/src/micro_ros_raspberrypi_pico_sdk/libmicroros/libmicroros.a(libmicrocdr-basic.c.obj)
                0x0000000010008c80                ucdr_deserialize_endian_uint16_t
 .text.ucdr_serialize_uint32_t
                0x0000000010008d78      0x11c /home/ngochoan/micro_ros_ws/src/micro_ros_raspberrypi_pico_sdk/libmicroros/libmicroros.a(libmicrocdr-basic.c.obj)
                0x0000000010008d78                ucdr_serialize_uint32_t
 .text.ucdr_serialize_endian_uint32_t
                0x0000000010008e94      0x11c /home/ngochoan/micro_ros_ws/src/micro_ros_raspberrypi_pico_sdk/libmicroros/libmicroros.a(libmicrocdr-basic.c.obj)
                0x0000000010008e94                ucdr_serialize_endian_uint32_t
 .text.ucdr_deserialize_uint32_t
                0x0000000010008fb0      0x11c /home/ngochoan/micro_ros_ws/src/micro_ros_raspberrypi_pico_sdk/libmicroros/libmicroros.a(libmicrocdr-basic.c.obj)
                0x0000000010008fb0                ucdr_deserialize_uint32_t
 .text.ucdr_deserialize_endian_uint32_t
                0x00000000100090cc      0x12c /home/ngochoan/micro_ros_ws/src/micro_ros_raspberrypi_pico_sdk/libmicroros/libmicroros.a(libmicrocdr-basic.c.obj)
                0x00000000100090cc                ucdr_deserialize_endian_uint32_t
 .text.ucdr_serialize_uint64_t
                0x00000000100091f8      0x170 /home/ngochoan/micro_ros_ws/src/micro_ros_raspberrypi_pico_sdk/libmicroros/libmicroros.a(libmicrocdr-basic.c.obj)
                0x00000000100091f8                ucdr_serialize_uint64_t
 .text.ucdr_serialize_int16_t
                0x0000000010009368       0xf4 /home/ngochoan/micro_ros_ws/src/micro_ros_raspberrypi_pico_sdk/libmicroros/libmicroros.a(libmicrocdr-basic.c.obj)
                0x0000000010009368                ucdr_serialize_int16_t
 .text.ucdr_deserialize_int16_t
                0x000000001000945c       0xec /home/ngochoan/micro_ros_ws/src/micro_ros_raspberrypi_pico_sdk/libmicroros/libmicroros.a(libmicrocdr-basic.c.obj)
                0x000000001000945c                ucdr_deserialize_int16_t
 .text.ucdr_serialize_int32_t
                0x0000000010009548      0x11c /home/ngochoan/micro_ros_ws/src/micro_ros_raspberrypi_pico_sdk/libmicroros/libmicroros.a(libmicrocdr-basic.c.obj)
                0x0000000010009548                ucdr_serialize_int32_t
 .text.ucdr_deserialize_int32_t
                0x0000000010009664      0x11c /home/ngochoan/micro_ros_ws/src/micro_ros_raspberrypi_pico_sdk/libmicroros/libmicroros.a(libmicrocdr-basic.c.obj)
                0x0000000010009664                ucdr_deserialize_int32_t
 .text.ucdr_serialize_double
                0x0000000010009780      0x170 /home/ngochoan/micro_ros_ws/src/micro_ros_raspberrypi_pico_sdk/libmicroros/libmicroros.a(libmicrocdr-basic.c.obj)
                0x0000000010009780                ucdr_serialize_double
 .text.ucdr_deserialize_double
                0x00000000100098f0      0x180 /home/ngochoan/micro_ros_ws/src/micro_ros_raspberrypi_pico_sdk/libmicroros/libmicroros.a(libmicrocdr-basic.c.obj)
                0x00000000100098f0                ucdr_deserialize_double
 .text.ucdr_check_buffer_available_for
                0x0000000010009a70       0x1c /home/ngochoan/micro_ros_ws/src/micro_ros_raspberrypi_pico_sdk/libmicroros/libmicroros.a(libmicrocdr-common.c.obj)
                0x0000000010009a70                ucdr_check_buffer_available_for
 .text.ucdr_check_final_buffer_behavior
                0x0000000010009a8c       0x38 /home/ngochoan/micro_ros_ws/src/micro_ros_raspberrypi_pico_sdk/libmicroros/libmicroros.a(libmicrocdr-common.c.obj)
                0x0000000010009a8c                ucdr_check_final_buffer_behavior
 .text.ucdr_set_on_full_buffer_callback
                0x0000000010009ac4        0x8 /home/ngochoan/micro_ros_ws/src/micro_ros_raspberrypi_pico_sdk/libmicroros/libmicroros.a(libmicrocdr-common.c.obj)
                0x0000000010009ac4                ucdr_set_on_full_buffer_callback
 .text.ucdr_init_buffer_origin_offset_endian
                0x0000000010009acc       0x28 /home/ngochoan/micro_ros_ws/src/micro_ros_raspberrypi_pico_sdk/libmicroros/libmicroros.a(libmicrocdr-common.c.obj)
                0x0000000010009acc                ucdr_init_buffer_origin_offset_endian
 .text.ucdr_init_buffer_origin_offset
                0x0000000010009af4       0x14 /home/ngochoan/micro_ros_ws/src/micro_ros_raspberrypi_pico_sdk/libmicroros/libmicroros.a(libmicrocdr-common.c.obj)
                0x0000000010009af4                ucdr_init_buffer_origin_offset
 .text.ucdr_init_buffer_origin
                0x0000000010009b08       0x10 /home/ngochoan/micro_ros_ws/src/micro_ros_raspberrypi_pico_sdk/libmicroros/libmicroros.a(libmicrocdr-common.c.obj)
                0x0000000010009b08                ucdr_init_buffer_origin
 .text.ucdr_init_buffer
                0x0000000010009b18        0xc /home/ngochoan/micro_ros_ws/src/micro_ros_raspberrypi_pico_sdk/libmicroros/libmicroros.a(libmicrocdr-common.c.obj)
                0x0000000010009b18                ucdr_init_buffer
 .text.ucdr_alignment
                0x0000000010009b24       0x10 /home/ngochoan/micro_ros_ws/src/micro_ros_raspberrypi_pico_sdk/libmicroros/libmicroros.a(libmicrocdr-common.c.obj)
                0x0000000010009b24                ucdr_alignment
 .text.ucdr_buffer_alignment
                0x0000000010009b34       0x1c /home/ngochoan/micro_ros_ws/src/micro_ros_raspberrypi_pico_sdk/libmicroros/libmicroros.a(libmicrocdr-common.c.obj)
                0x0000000010009b34                ucdr_buffer_alignment
 .text.ucdr_align_to
                0x0000000010009b50       0x24 /home/ngochoan/micro_ros_ws/src/micro_ros_raspberrypi_pico_sdk/libmicroros/libmicroros.a(libmicrocdr-common.c.obj)
                0x0000000010009b50                ucdr_align_to
 .text.ucdr_buffer_length
                0x0000000010009b74        0x8 /home/ngochoan/micro_ros_ws/src/micro_ros_raspberrypi_pico_sdk/libmicroros/libmicroros.a(libmicrocdr-common.c.obj)
                0x0000000010009b74                ucdr_buffer_length
 .text.ucdr_buffer_remaining
                0x0000000010009b7c        0x8 /home/ngochoan/micro_ros_ws/src/micro_ros_raspberrypi_pico_sdk/libmicroros/libmicroros.a(libmicrocdr-common.c.obj)
                0x0000000010009b7c                ucdr_buffer_remaining
 .text.ucdr_check_final_buffer_behavior_array
                0x0000000010009b84       0x44 /home/ngochoan/micro_ros_ws/src/micro_ros_raspberrypi_pico_sdk/libmicroros/libmicroros.a(libmicrocdr-common.c.obj)
                0x0000000010009b84                ucdr_check_final_buffer_behavior_array
 .text.ucdr_advance_buffer
                0x0000000010009bc8       0x44 /home/ngochoan/micro_ros_ws/src/micro_ros_raspberrypi_pico_sdk/libmicroros/libmicroros.a(libmicrocdr-common.c.obj)
                0x0000000010009bc8                ucdr_advance_buffer
 .text.uxr_buffer_delete_entity
                0x0000000010009c0c       0x40 /home/ngochoan/micro_ros_ws/src/micro_ros_raspberrypi_pico_sdk/libmicroros/libmicroros.a(libmicroxrcedds_client-common_create_entities.c.obj)
                0x0000000010009c0c                uxr_buffer_delete_entity
 .text.uxr_common_create_entity
                0x0000000010009c4c       0x54 /home/ngochoan/micro_ros_ws/src/micro_ros_raspberrypi_pico_sdk/libmicroros/libmicroros.a(libmicroxrcedds_client-common_create_entities.c.obj)
                0x0000000010009c4c                uxr_common_create_entity
 .text.uxr_buffer_create_participant_bin
                0x0000000010009ca0       0x68 /home/ngochoan/micro_ros_ws/src/micro_ros_raspberrypi_pico_sdk/libmicroros/libmicroros.a(libmicroxrcedds_client-create_entities_bin.c.obj)
                0x0000000010009ca0                uxr_buffer_create_participant_bin
 .text.uxr_buffer_create_topic_bin
                0x0000000010009d08       0x70 /home/ngochoan/micro_ros_ws/src/micro_ros_raspberrypi_pico_sdk/libmicroros/libmicroros.a(libmicroxrcedds_client-create_entities_bin.c.obj)
                0x0000000010009d08                uxr_buffer_create_topic_bin
 .text.uxr_buffer_create_publisher_bin
                0x0000000010009d78       0x70 /home/ngochoan/micro_ros_ws/src/micro_ros_raspberrypi_pico_sdk/libmicroros/libmicroros.a(libmicroxrcedds_client-create_entities_bin.c.obj)
                0x0000000010009d78                uxr_buffer_create_publisher_bin
 .text.uxr_buffer_create_datawriter_bin
                0x0000000010009de8      0x100 /home/ngochoan/micro_ros_ws/src/micro_ros_raspberrypi_pico_sdk/libmicroros/libmicroros.a(libmicroxrcedds_client-create_entities_bin.c.obj)
                0x0000000010009de8                uxr_buffer_create_datawriter_bin
 .text.get_custom_error
                0x0000000010009ee8        0xc /home/ngochoan/micro_ros_ws/src/micro_ros_raspberrypi_pico_sdk/libmicroros/libmicroros.a(libmicroxrcedds_client-custom_transport.c.obj)
 .text.recv_custom_msg
                0x0000000010009ef4       0xb4 /home/ngochoan/micro_ros_ws/src/micro_ros_raspberrypi_pico_sdk/libmicroros/libmicroros.a(libmicroxrcedds_client-custom_transport.c.obj)
 .text.send_custom_msg
                0x0000000010009fa8       0x64 /home/ngochoan/micro_ros_ws/src/micro_ros_raspberrypi_pico_sdk/libmicroros/libmicroros.a(libmicroxrcedds_client-custom_transport.c.obj)
 .text.uxr_set_custom_transport_callbacks
                0x000000001000a00c       0x24 /home/ngochoan/micro_ros_ws/src/micro_ros_raspberrypi_pico_sdk/libmicroros/libmicroros.a(libmicroxrcedds_client-custom_transport.c.obj)
                0x000000001000a00c                uxr_set_custom_transport_callbacks
 .text.uxr_init_custom_transport
                0x000000001000a030       0x88 /home/ngochoan/micro_ros_ws/src/micro_ros_raspberrypi_pico_sdk/libmicroros/libmicroros.a(libmicroxrcedds_client-custom_transport.c.obj)
                0x000000001000a030                uxr_init_custom_transport
 .text.uxr_close_custom_transport
                0x000000001000a0b8        0xc /home/ngochoan/micro_ros_ws/src/micro_ros_raspberrypi_pico_sdk/libmicroros/libmicroros.a(libmicroxrcedds_client-custom_transport.c.obj)
                0x000000001000a0b8                uxr_close_custom_transport
 .text.uxr_object_id
                0x000000001000a0c4       0x10 /home/ngochoan/micro_ros_ws/src/micro_ros_raspberrypi_pico_sdk/libmicroros/libmicroros.a(libmicroxrcedds_client-object_id.c.obj)
                0x000000001000a0c4                uxr_object_id
 .text.uxr_object_id_from_raw
                0x000000001000a0d4       0x20 /home/ngochoan/micro_ros_ws/src/micro_ros_raspberrypi_pico_sdk/libmicroros/libmicroros.a(libmicroxrcedds_client-object_id.c.obj)
                0x000000001000a0d4                uxr_object_id_from_raw
 .text.uxr_object_id_to_raw
                0x000000001000a0f4       0x18 /home/ngochoan/micro_ros_ws/src/micro_ros_raspberrypi_pico_sdk/libmicroros/libmicroros.a(libmicroxrcedds_client-object_id.c.obj)
                0x000000001000a0f4                uxr_object_id_to_raw
 .text.uxr_ping_agent_session
                0x000000001000a10c       0x9c /home/ngochoan/micro_ros_ws/src/micro_ros_raspberrypi_pico_sdk/libmicroros/libmicroros.a(libmicroxrcedds_client-ping.c.obj)
                0x000000001000a10c                uxr_ping_agent_session
 .text.uxr_ping_agent_attempts
                0x000000001000a1a8      0x198 /home/ngochoan/micro_ros_ws/src/micro_ros_raspberrypi_pico_sdk/libmicroros/libmicroros.a(libmicroxrcedds_client-ping.c.obj)
                0x000000001000a1a8                uxr_ping_agent_attempts
 .text.on_get_fragmentation_info
                0x000000001000a340       0x38 /home/ngochoan/micro_ros_ws/src/micro_ros_raspberrypi_pico_sdk/libmicroros/libmicroros.a(libmicroxrcedds_client-session.c.obj)
 .text.read_submessage_get_info
                0x000000001000a378       0x74 /home/ngochoan/micro_ros_ws/src/micro_ros_raspberrypi_pico_sdk/libmicroros/libmicroros.a(libmicroxrcedds_client-session.c.obj)
 .text.write_submessage_acknack.isra.0
                0x000000001000a3ec       0x6c /home/ngochoan/micro_ros_ws/src/micro_ros_raspberrypi_pico_sdk/libmicroros/libmicroros.a(libmicroxrcedds_client-session.c.obj)
 .text.uxr_init_session
                0x000000001000a458       0x48 /home/ngochoan/micro_ros_ws/src/micro_ros_raspberrypi_pico_sdk/libmicroros/libmicroros.a(libmicroxrcedds_client-session.c.obj)
                0x000000001000a458                uxr_init_session
 .text.uxr_set_status_callback
                0x000000001000a4a0        0xc /home/ngochoan/micro_ros_ws/src/micro_ros_raspberrypi_pico_sdk/libmicroros/libmicroros.a(libmicroxrcedds_client-session.c.obj)
                0x000000001000a4a0                uxr_set_status_callback