Archive member included to satisfy reference by file (symbol)

/home/ngochoan/micro_ros_ws/src/micro_ros_raspberrypi_pico_sdk/libmicroros/libmicroros.a(librcl-publisher.c.obj)
                              CMakeFiles/pico_micro_ros_main.dir/pico_micro_ros_main.c.obj (rcl_publish)
/home/ngochoan/micro_ros_ws/src/micro_ros_raspberrypi_pico_sdk/libmicroros/libmicroros.a(librclc-executor.c.obj)
                              CMakeFiles/pico_micro_ros_main.dir/pico_micro_ros_main.c.obj (rclc_executor_init)
/home/ngochoan/micro_ros_ws/src/micro_ros_raspberrypi_pico_sdk/libmicroros/libmicroros.a(librclc-executor_handle.c.obj)
                              /home/ngochoan/micro_ros_ws/src/micro_ros_raspberrypi_pico_sdk/libmicroros/libmicroros.a(librclc-executor.c.obj) (rclc_executor_handle_counters_zero_init)
/home/ngochoan/micro_ros_ws/src/micro_ros_raspberrypi_pico_sdk/libmicroros/libmicroros.a(librclc-init.c.obj)
                              CMakeFiles/pico_micro_ros_main.dir/pico_micro_ros_main.c.obj (rclc_support_init)
/home/ngochoan/micro_ros_ws/src/micro_ros_raspberrypi_pico_sdk/libmicroros/libmicroros.a(librclc-node.c.obj)
                              CMakeFiles/pico_micro_ros_main.dir/pico_micro_ros_main.c.obj (rclc_node_init_default)
/home/ngochoan/micro_ros_ws/src/micro_ros_raspberrypi_pico_sdk/libmicroros/libmicroros.a(librclc-publisher.c.obj)
                              CMakeFiles/pico_micro_ros_main.dir/pico_micro_ros_main.c.obj (rclc_publisher_init_default)
/home/ngochoan/micro_ros_ws/src/micro_ros_raspberrypi_pico_sdk/libmicroros/libmicroros.a(librclc-sleep.c.obj)
                              /home/ngochoan/micro_ros_ws/src/micro_ros_raspberrypi_pico_sdk/libmicroros/libmicroros.a(librclc-executor.c.obj) (rclc_sleep_ms)
/home/ngochoan/micro_ros_ws/src/micro_ros_raspberrypi_pico_sdk/libmicroros/libmicroros.a(librclc-subscription.c.obj)
                              CMakeFiles/pico_micro_ros_main.dir/pico_micro_ros_main.c.obj (rclc_subscription_init_default)
/home/ngochoan/micro_ros_ws/src/micro_ros_raspberrypi_pico_sdk/libmicroros/libmicroros.a(librcutils-allocator.c.obj)
                              CMakeFiles/pico_micro_ros_main.dir/pico_micro_ros_main.c.obj (rcutils_get_default_allocator)
/home/ngochoan/micro_ros_ws/src/micro_ros_raspberrypi_pico_sdk/libmicroros/libmicroros.a(librcutils-error_handling.c.obj)
                              /home/ngochoan/micro_ros_ws/src/micro_ros_raspberrypi_pico_sdk/libmicroros/libmicroros.a(librcl-publisher.c.obj) (rcutils_reset_error)
/home/ngochoan/micro_ros_ws/src/micro_ros_raspberrypi_pico_sdk/libmicroros/libmicroros.a(librcutils-time_unix.c.obj)
                              /home/ngochoan/micro_ros_ws/src/micro_ros_raspberrypi_pico_sdk/libmicroros/libmicroros.a(librclc-executor.c.obj) (rcutils_system_time_now)
/home/ngochoan/micro_ros_ws/src/micro_ros_raspberrypi_pico_sdk/libmicroros/libmicroros.a(librmw-publisher_options.c.obj)
                              /home/ngochoan/micro_ros_ws/src/micro_ros_raspberrypi_pico_sdk/libmicroros/libmicroros.a(librcl-publisher.c.obj) (rmw_get_default_publisher_options)
/home/ngochoan/micro_ros_ws/src/micro_ros_raspberrypi_pico_sdk/libmicroros/libmicroros.a(librmw_microxrcedds-custom_transport.c.obj)
                              CMakeFiles/pico_micro_ros_main.dir/pico_micro_ros_main.c.obj (rmw_uros_set_custom_transport)
/home/ngochoan/micro_ros_ws/src/micro_ros_raspberrypi_pico_sdk/libmicroros/libmicroros.a(librmw_microxrcedds-rmw_publish.c.obj)
                              /home/ngochoan/micro_ros_ws/src/micro_ros_raspberrypi_pico_sdk/libmicroros/libmicroros.a(librcl-publisher.c.obj) (rmw_publish)
/home/ngochoan/micro_ros_ws/src/micro_ros_raspberrypi_pico_sdk/libmicroros/libmicroros.a(librmw_microxrcedds-rmw_publisher.c.obj)
                              /home/ngochoan/micro_ros_ws/src/micro_ros_raspberrypi_pico_sdk/libmicroros/libmicroros.a(librcl-publisher.c.obj) (rmw_create_publisher)
/home/ngochoan/micro_ros_ws/src/micro_ros_raspberrypi_pico_sdk/libmicroros/libmicroros.a(librmw_microxrcedds-types.c.obj)
                              /home/ngochoan/micro_ros_ws/src/micro_ros_raspberrypi_pico_sdk/libmicroros/libmicroros.a(librmw_microxrcedds-rmw_publisher.c.obj) (rmw_uxrce_fini_publisher_memory)
/home/ngochoan/micro_ros_ws/src/micro_ros_raspberrypi_pico_sdk/libmicroros/libmicroros.a(librmw_microxrcedds-utils.c.obj)
                              /home/ngochoan/micro_ros_ws/src/micro_ros_raspberrypi_pico_sdk/libmicroros/libmicroros.a(librmw_microxrcedds-rmw_publisher.c.obj) (run_xrce_session)
/home/ngochoan/micro_ros_ws/src/micro_ros_raspberrypi_pico_sdk/libmicroros/libmicroros.a(librosidl_runtime_c-message_type_support.c.obj)
                              /home/ngochoan/micro_ros_ws/src/micro_ros_raspberrypi_pico_sdk/libmicroros/libmicroros.a(librmw_microxrcedds-rmw_publisher.c.obj) (get_message_typesupport_handle)
[...]
Memory Configuration

Name             Origin             Length             Attributes
FLASH            0x0000000010000000 0x0000000000200000 xr
RAM              0x0000000020000000 0x0000000000040000 xrw
SCRATCH_X        0x0000000020040000 0x0000000000001000 xrw
SCRATCH_Y        0x0000000020041000 0x0000000000001000 xrw
*default*        0x0000000000000000 0xffffffffffffffff

Linker script and memory map

LOAD /usr/lib/gcc/arm-none-eabi/10.3.1/thumb/v6-m/nofp/crti.o
LOAD /usr/lib/gcc/arm-none-eabi/10.3.1/thumb/v6-m/nofp/crtbegin.o
LOAD /usr/lib/gcc/arm-none-eabi/10.3.1/../../../arm-none-eabi/lib/thumb/v6-m/nofp/crt0.o

.flash_begin    0x0000000010000000        0x0
                0x0000000010000000                __flash_binary_start = .

.boot2          0x0000000010000000      0x100
                0x0000000010000000                __boot2_start__ = .
 *(.boot2)
 .boot2         0x0000000010000000      0x100 /tmp/ccPC79JQ.o
                0x0000000010000100                __boot2_end__ = .
                0x0000000000000001                ASSERT (((__boot2_end__ - __boot2_start__) == 0x100), ERROR: Pico second stage bootloader must be 256 bytes in size)

.text           0x0000000010000100    0x15b80
                0x0000000010000100                __logical_binary_start = .
 *(.vectors)
 .vectors       0x0000000010000100       0xd4 CMakeFiles/pico_micro_ros_main.dir/home/ngochoan/micro_ros_ws/src/pico-sdk/src/rp2_common/pico_standard_link/crt0.S.obj
                0x0000000010000100                __vectors
                0x0000000010000100                __VECTOR_TABLE
                0x00000000100001c0                isr_invalid
                0x00000000100001c0                __default_isrs_start
                0x00000000100001c2                isr_nmi
                0x00000000100001c4                isr_hardfault
                0x00000000100001c6                isr_svcall
                0x00000000100001c8                isr_pendsv
                0x00000000100001ca                isr_systick
                0x00000000100001cc                isr_irq30
                0x00000000100001cc                __unhandled_user_irq
                0x00000000100001cc                isr_irq13
                0x00000000100001cc                isr_irq27
                0x00000000100001cc                isr_irq31
                0x00000000100001cc                isr_irq5
                0x00000000100001cc                isr_irq11
                0x00000000100001cc                isr_irq23
                0x00000000100001cc                isr_irq18
                0x00000000100001cc                isr_irq28
                0x00000000100001cc                isr_irq19
                0x00000000100001cc                isr_irq0
                0x00000000100001cc                isr_irq6
                0x00000000100001cc                isr_irq22
                0x00000000100001cc                isr_irq17
                0x00000000100001cc                isr_irq14
                0x00000000100001cc                isr_irq2
                0x00000000100001cc                isr_irq10
                0x00000000100001cc                isr_irq8
                0x00000000100001cc                isr_irq24
                0x00000000100001cc                isr_irq1
                0x00000000100001cc                isr_irq7
                0x00000000100001cc                isr_irq21
                0x00000000100001cc                isr_irq20
                0x00000000100001cc                isr_irq15
                0x00000000100001cc                isr_irq25
                0x00000000100001cc                isr_irq4
                0x00000000100001cc                isr_irq16
                0x00000000100001cc                isr_irq29
                0x00000000100001cc                isr_irq26
                0x00000000100001cc                __default_isrs_end
                0x00000000100001cc                isr_irq3
                0x00000000100001cc                isr_irq12
                0x00000000100001cc                isr_irq9
                0x00000000100001d2                unhandled_user_irq_num_in_r0
 *(.binary_info_header)
 .binary_info_header
                0x00000000100001d4       0x14 CMakeFiles/pico_micro_ros_main.dir/home/ngochoan/micro_ros_ws/src/pico-sdk/src/rp2_common/pico_standard_link/crt0.S.obj
                0x00000000100001e8                __binary_info_header_end = .
 *(.reset)
 .reset         0x00000000100001e8       0xa0 CMakeFiles/pico_micro_ros_main.dir/home/ngochoan/micro_ros_ws/src/pico-sdk/src/rp2_common/pico_standard_link/crt0.S.obj
                0x00000000100001e8                _entry_point
 .reset         0x0000000010000288       0x30 CMakeFiles/pico_micro_ros_main.dir/home/ngochoan/micro_ros_ws/src/pico-sdk/src/rp2_common/pico_standard_link/binary_info.c.obj
 *(.init)
 .init          0x00000000100002b8        0x4 /usr/lib/gcc/arm-none-eabi/10.3.1/thumb/v6-m/nofp/crti.o
                0x00000000100002b8                _init
 *(EXCLUDE_FILE(*libm.a: *libc.a:*lib_a-mem*.o *libgcc.a:) .text*)
 .text          0x00000000100002bc       0x98 /usr/lib/gcc/arm-none-eabi/10.3.1/thumb/v6-m/nofp/crtbegin.o
 .text.subscription_callback
                0x0000000010000354       0x14 CMakeFiles/pico_micro_ros_main.dir/pico_micro_ros_main.c.obj
                0x0000000010000354                subscription_callback
 .text.startup.main
                0x0000000010000368       0xc4 CMakeFiles/pico_micro_ros_main.dir/pico_micro_ros_main.c.obj
                0x0000000010000368                main
 .text.clock_gettime
                0x000000001000042c       0x3c CMakeFiles/pico_micro_ros_main.dir/pico_uart_transport.c.obj
                0x000000001000042c                clock_gettime
 .text.pico_serial_transport_open
                0x0000000010000468        0xc CMakeFiles/pico_micro_ros_main.dir/pico_uart_transport.c.obj
                0x0000000010000468                pico_serial_transport_open
 .text.pico_serial_transport_close
                0x0000000010000474        0x4 CMakeFiles/pico_micro_ros_main.dir/pico_uart_transport.c.obj
                0x0000000010000474                pico_serial_transport_close
 .text.pico_serial_transport_write
                0x0000000010000478       0x38 CMakeFiles/pico_micro_ros_main.dir/pico_uart_transport.c.obj
                0x0000000010000478                pico_serial_transport_write
 .text.pico_serial_transport_read
                0x00000000100004b0       0x64 CMakeFiles/pico_micro_ros_main.dir/pico_uart_transport.c.obj
                0x00000000100004b0                pico_serial_transport_read
 .text.running_on_fpga
                0x0000000010000514       0x10 CMakeFiles/pico_micro_ros_main.dir/home/ngochoan/micro_ros_ws/src/pico-sdk/src/rp2_common/pico_platform/platform.c.obj
                0x0000000010000514                running_on_fpga
 .text.hw_claim_or_assert
                0x0000000010000524       0x44 CMakeFiles/pico_micro_ros_main.dir/home/ngochoan/micro_ros_ws/src/pico-sdk/src/rp2_common/hardware_claim/claim.c.obj
                0x0000000010000524                hw_claim_or_assert
 .text.hw_claim_unused_from_range
                0x0000000010000568       0x9c CMakeFiles/pico_micro_ros_main.dir/home/ngochoan/micro_ros_ws/src/pico-sdk/src/rp2_common/hardware_claim/claim.c.obj
                0x0000000010000568                hw_claim_unused_from_range
 .text.spin_locks_reset
                0x0000000010000604       0x1c CMakeFiles/pico_micro_ros_main.dir/home/ngochoan/micro_ros_ws/src/pico-sdk/src/rp2_common/hardware_sync/sync.c.obj
                0x0000000010000604                spin_locks_reset
 .text.next_striped_spin_lock_num
                0x0000000010000620       0x18 CMakeFiles/pico_micro_ros_main.dir/home/ngochoan/micro_ros_ws/src/pico-sdk/src/rp2_common/hardware_sync/sync.c.obj
                0x0000000010000620                next_striped_spin_lock_num
 .text.spin_lock_claim_unused
                0x0000000010000638       0x20 CMakeFiles/pico_micro_ros_main.dir/home/ngochoan/micro_ros_ws/src/pico-sdk/src/rp2_common/hardware_sync/sync.c.obj
                0x0000000010000638                spin_lock_claim_unused
 .text.irq_set_enabled
                0x0000000010000658       0x24 CMakeFiles/pico_micro_ros_main.dir/home/ngochoan/micro_ros_ws/src/pico-sdk/src/rp2_common/hardware_irq/irq.c.obj
                0x0000000010000658                irq_set_enabled
 .text.irq_set_pending
                0x000000001000067c       0x10 CMakeFiles/pico_micro_ros_main.dir/home/ngochoan/micro_ros_ws/src/pico-sdk/src/rp2_common/hardware_irq/irq.c.obj
                0x000000001000067c                irq_set_pending
 .text.irq_has_shared_handler
                0x000000001000068c       0x2c CMakeFiles/pico_micro_ros_main.dir/home/ngochoan/micro_ros_ws/src/pico-sdk/src/rp2_common/hardware_irq/irq.c.obj
                0x000000001000068c                irq_has_shared_handler
 .text.irq_get_vtable_handler
                0x00000000100006b8       0x10 CMakeFiles/pico_micro_ros_main.dir/home/ngochoan/micro_ros_ws/src/pico-sdk/src/rp2_common/hardware_irq/irq.c.obj
                0x00000000100006b8                irq_get_vtable_handler
 .text.irq_set_exclusive_handler
                0x00000000100006c8       0x54 CMakeFiles/pico_micro_ros_main.dir/home/ngochoan/micro_ros_ws/src/pico-sdk/src/rp2_common/hardware_irq/irq.c.obj
                0x00000000100006c8                irq_set_exclusive_handler
 .text.irq_add_shared_handler
                0x000000001000071c      0x1e8 CMakeFiles/pico_micro_ros_main.dir/home/ngochoan/micro_ros_ws/src/pico-sdk/src/rp2_common/hardware_irq/irq.c.obj
                0x000000001000071c                irq_add_shared_handler
 .text.irq_remove_handler
                0x0000000010000904      0x1b0 CMakeFiles/pico_micro_ros_main.dir/home/ngochoan/micro_ros_ws/src/pico-sdk/src/rp2_common/hardware_irq/irq.c.obj
                0x0000000010000904                irq_remove_handler
 .text.irq_add_tail_to_free_list
                0x0000000010000ab4       0xb4 CMakeFiles/pico_micro_ros_main.dir/home/ngochoan/micro_ros_ws/src/pico-sdk/src/rp2_common/hardware_irq/irq.c.obj
                0x0000000010000ab4                irq_add_tail_to_free_list
 .text.irq_init_priorities
                0x0000000010000b68       0x24 CMakeFiles/pico_micro_ros_main.dir/home/ngochoan/micro_ros_ws/src/pico-sdk/src/rp2_common/hardware_irq/irq.c.obj
                0x0000000010000b68                irq_init_priorities
 .text.user_irq_claim_unused
                0x0000000010000b8c       0x28 CMakeFiles/pico_micro_ros_main.dir/home/ngochoan/micro_ros_ws/src/pico-sdk/src/rp2_common/hardware_irq/irq.c.obj
                0x0000000010000b8c                user_irq_claim_unused
 .text.lock_init
                0x0000000010000bb4       0x10 CMakeFiles/pico_micro_ros_main.dir/home/ngochoan/micro_ros_ws/src/pico-sdk/src/common/pico_sync/lock_core.c.obj
                0x0000000010000bb4                lock_init
 .text.mutex_init
                0x0000000010000bc4       0x1c CMakeFiles/pico_micro_ros_main.dir/home/ngochoan/micro_ros_ws/src/pico-sdk/src/common/pico_sync/mutex.c.obj
                0x0000000010000bc4                mutex_init
 .text.recursive_mutex_init
                0x0000000010000be0       0x1c CMakeFiles/pico_micro_ros_main.dir/home/ngochoan/micro_ros_ws/src/pico-sdk/src/common/pico_sync/mutex.c.obj
                0x0000000010000be0                recursive_mutex_init
 .text.critical_section_init
                0x0000000010000bfc       0x20 CMakeFiles/pico_micro_ros_main.dir/home/ngochoan/micro_ros_ws/src/pico-sdk/src/common/pico_sync/critical_section.c.obj
                0x0000000010000bfc                critical_section_init
 .text.critical_section_init_with_lock_num
                0x0000000010000c1c       0x14 CMakeFiles/pico_micro_ros_main.dir/home/ngochoan/micro_ros_ws/src/pico-sdk/src/common/pico_sync/critical_section.c.obj
                0x0000000010000c1c                critical_section_init_with_lock_num
 .text.timer_pool_entry_comparator
                0x0000000010000c30       0x34 CMakeFiles/pico_micro_ros_main.dir/home/ngochoan/micro_ros_ws/src/pico-sdk/src/common/pico_time/time.c.obj
                0x0000000010000c30                timer_pool_entry_comparator
 .text.sleep_until_callback
                0x0000000010000c64       0x30 CMakeFiles/pico_micro_ros_main.dir/home/ngochoan/micro_ros_ws/src/pico-sdk/src/common/pico_time/time.c.obj
 .text.add_alarm_under_lock.isra.0
                0x0000000010000c94      0x100 CMakeFiles/pico_micro_ros_main.dir/home/ngochoan/micro_ros_ws/src/pico-sdk/src/common/pico_time/time.c.obj
 .text.alarm_pool_alarm_callback
                0x0000000010000d94      0x1bc CMakeFiles/pico_micro_ros_main.dir/home/ngochoan/micro_ros_ws/src/pico-sdk/src/common/pico_time/time.c.obj
 .text.alarm_pool_init_default
                0x0000000010000f50       0x6c CMakeFiles/pico_micro_ros_main.dir/home/ngochoan/micro_ros_ws/src/pico-sdk/src/common/pico_time/time.c.obj
                0x0000000010000f50                alarm_pool_init_default
 .text.alarm_pool_get_default
                0x0000000010000fbc        0x8 CMakeFiles/pico_micro_ros_main.dir/home/ngochoan/micro_ros_ws/src/pico-sdk/src/common/pico_time/time.c.obj
                0x0000000010000fbc                alarm_pool_get_default
 .text.alarm_pool_add_alarm_at
                0x0000000010000fc4      0x178 CMakeFiles/pico_micro_ros_main.dir/home/ngochoan/micro_ros_ws/src/pico-sdk/src/common/pico_time/time.c.obj
                0x0000000010000fc4                alarm_pool_add_alarm_at
 .text.alarm_pool_core_num
                0x000000001000113c        0x4 CMakeFiles/pico_micro_ros_main.dir/home/ngochoan/micro_ros_ws/src/pico-sdk/src/common/pico_time/time.c.obj
                0x000000001000113c                alarm_pool_core_num
 .text.best_effort_wfe_or_timeout
                0x0000000010001140       0xd4 CMakeFiles/pico_micro_ros_main.dir/home/ngochoan/micro_ros_ws/src/pico-sdk/src/common/pico_time/time.c.obj
                0x0000000010001140                best_effort_wfe_or_timeout
 .text.hardware_alarm_irq_handler
                0x0000000010001214       0xbc CMakeFiles/pico_micro_ros_main.dir/home/ngochoan/micro_ros_ws/src/pico-sdk/src/rp2_common/hardware_timer/timer.c.obj
 .text.hardware_alarm_claim
                0x00000000100012d0       0x18 CMakeFiles/pico_micro_ros_main.dir/home/ngochoan/micro_ros_ws/src/pico-sdk/src/rp2_common/hardware_timer/timer.c.obj
                0x00000000100012d0                hardware_alarm_claim
 .text.time_us_64
                0x00000000100012e8       0x14 CMakeFiles/pico_micro_ros_main.dir/home/ngochoan/micro_ros_ws/src/pico-sdk/src/rp2_common/hardware_timer/timer.c.obj
                0x00000000100012e8                time_us_64
 .text.busy_wait_us
                0x00000000100012fc       0x54 CMakeFiles/pico_micro_ros_main.dir/home/ngochoan/micro_ros_ws/src/pico-sdk/src/rp2_common/hardware_timer/timer.c.obj
                0x00000000100012fc                busy_wait_us
 .text.hardware_alarm_set_callback
                0x0000000010001350       0x8c CMakeFiles/pico_micro_ros_main.dir/home/ngochoan/micro_ros_ws/src/pico-sdk/src/rp2_common/hardware_timer/timer.c.obj
                0x0000000010001350                hardware_alarm_set_callback
 .text.hardware_alarm_set_target
                0x00000000100013dc       0xd4 CMakeFiles/pico_micro_ros_main.dir/home/ngochoan/micro_ros_ws/src/pico-sdk/src/rp2_common/hardware_timer/timer.c.obj
                0x00000000100013dc                hardware_alarm_set_target
 .text.hardware_alarm_cancel
                0x00000000100014b0       0x3c CMakeFiles/pico_micro_ros_main.dir/home/ngochoan/micro_ros_ws/src/pico-sdk/src/rp2_common/hardware_timer/timer.c.obj
                0x00000000100014b0                hardware_alarm_cancel
 .text.ph_merge_nodes
                0x00000000100014ec       0x68 CMakeFiles/pico_micro_ros_main.dir/home/ngochoan/micro_ros_ws/src/pico-sdk/src/common/pico_util/pheap.c.obj
 .text.ph_post_alloc_init
                0x0000000010001554       0x3c CMakeFiles/pico_micro_ros_main.dir/home/ngochoan/micro_ros_ws/src/pico-sdk/src/common/pico_util/pheap.c.obj
                0x0000000010001554                ph_post_alloc_init
 .text.ph_merge_two_pass
                0x0000000010001590       0x90 CMakeFiles/pico_micro_ros_main.dir/home/ngochoan/micro_ros_ws/src/pico-sdk/src/common/pico_util/pheap.c.obj
                0x0000000010001590                ph_merge_two_pass
 .text.ph_remove_any_head
                0x0000000010001620      0x100 CMakeFiles/pico_micro_ros_main.dir/home/ngochoan/micro_ros_ws/src/pico-sdk/src/common/pico_util/pheap.c.obj
 .text.ph_remove_head
                0x0000000010001720      0x104 CMakeFiles/pico_micro_ros_main.dir/home/ngochoan/micro_ros_ws/src/pico-sdk/src/common/pico_util/pheap.c.obj
                0x0000000010001720                ph_remove_head
 .text.ph_remove_and_free_node
                0x0000000010001824       0x7c CMakeFiles/pico_micro_ros_main.dir/home/ngochoan/micro_ros_ws/src/pico-sdk/src/common/pico_util/pheap.c.obj
                0x0000000010001824                ph_remove_and_free_node
 .text.clocks_init
                0x00000000100018a0      0x2d0 CMakeFiles/pico_micro_ros_main.dir/home/ngochoan/micro_ros_ws/src/pico-sdk/src/rp2_common/hardware_clocks/clocks.c.obj
                0x00000000100018a0                clocks_init
 .text.pll_init
                0x0000000010001b70       0xa0 CMakeFiles/pico_micro_ros_main.dir/home/ngochoan/micro_ros_ws/src/pico-sdk/src/rp2_common/hardware_pll/pll.c.obj
                0x0000000010001b70                pll_init
 .text.watchdog_start_tick
                0x0000000010001c10       0x10 CMakeFiles/pico_micro_ros_main.dir/home/ngochoan/micro_ros_ws/src/pico-sdk/src/rp2_common/hardware_watchdog/watchdog.c.obj
                0x0000000010001c10                watchdog_start_tick
 .text.watchdog_reboot
                0x0000000010001c20       0x98 CMakeFiles/pico_micro_ros_main.dir/home/ngochoan/micro_ros_ws/src/pico-sdk/src/rp2_common/hardware_watchdog/watchdog.c.obj
                0x0000000010001c20                watchdog_reboot
 .text.xosc_init
                0x0000000010001cb8       0x28 CMakeFiles/pico_micro_ros_main.dir/home/ngochoan/micro_ros_ws/src/pico-sdk/src/rp2_common/hardware_xosc/xosc.c.obj
                0x0000000010001cb8                xosc_init
 .text.runtime_init
                0x0000000010001ce0       0xf0 CMakeFiles/pico_micro_ros_main.dir/home/ngochoan/micro_ros_ws/src/pico-sdk/src/rp2_common/pico_runtime/runtime.c.obj
                0x0000000010001ce0                runtime_init
 .text._exit    0x0000000010001dd0        0x4 CMakeFiles/pico_micro_ros_main.dir/home/ngochoan/micro_ros_ws/src/pico-sdk/src/rp2_common/pico_runtime/runtime.c.obj
                0x0000000010001dd0                _exit
 .text._sbrk    0x0000000010001dd4       0x34 CMakeFiles/pico_micro_ros_main.dir/home/ngochoan/micro_ros_ws/src/pico-sdk/src/rp2_common/pico_runtime/runtime.c.obj
                0x0000000010001dd4                _sbrk
 .text.exit     0x0000000010001e08        0x8 CMakeFiles/pico_micro_ros_main.dir/home/ngochoan/micro_ros_ws/src/pico-sdk/src/rp2_common/pico_runtime/runtime.c.obj
                0x0000000010001e08                exit
 .text.panic    0x0000000010001e10       0x30 CMakeFiles/pico_micro_ros_main.dir/home/ngochoan/micro_ros_ws/src/pico-sdk/src/rp2_common/pico_runtime/runtime.c.obj
                0x0000000010001e10                panic
 .text.hard_assertion_failure
                0x0000000010001e40        0xc CMakeFiles/pico_micro_ros_main.dir/home/ngochoan/micro_ros_ws/src/pico-sdk/src/rp2_common/pico_runtime/runtime.c.obj
                0x0000000010001e40                hard_assertion_failure
 .text._out_buffer
                0x0000000010001e4c        0x8 CMakeFiles/pico_micro_ros_main.dir/home/ngochoan/micro_ros_ws/src/pico-sdk/src/rp2_common/pico_printf/printf.c.obj
 .text._out_null
                0x0000000010001e54        0x4 CMakeFiles/pico_micro_ros_main.dir/home/ngochoan/micro_ros_ws/src/pico-sdk/src/rp2_common/pico_printf/printf.c.obj
 .text._out_rev
                0x0000000010001e58       0x9c CMakeFiles/pico_micro_ros_main.dir/home/ngochoan/micro_ros_ws/src/pico-sdk/src/rp2_common/pico_printf/printf.c.obj
 .text._ntoa_format
                0x0000000010001ef4      0x1cc CMakeFiles/pico_micro_ros_main.dir/home/ngochoan/micro_ros_ws/src/pico-sdk/src/rp2_common/pico_printf/printf.c.obj
 .text._out_char
                0x00000000100020c0       0x10 CMakeFiles/pico_micro_ros_main.dir/home/ngochoan/micro_ros_ws/src/pico-sdk/src/rp2_common/pico_printf/printf.c.obj
 .text._etoa    0x00000000100020d0      0x44c CMakeFiles/pico_micro_ros_main.dir/home/ngochoan/micro_ros_ws/src/pico-sdk/src/rp2_common/pico_printf/printf.c.obj
 .text._ftoa    0x000000001000251c      0x398 CMakeFiles/pico_micro_ros_main.dir/home/ngochoan/micro_ros_ws/src/pico-sdk/src/rp2_common/pico_printf/printf.c.obj
 .text._vsnprintf
                0x00000000100028b4      0xb04 CMakeFiles/pico_micro_ros_main.dir/home/ngochoan/micro_ros_ws/src/pico-sdk/src/rp2_common/pico_printf/printf.c.obj
 .text.__wrap_snprintf
                0x00000000100033b8       0x28 CMakeFiles/pico_micro_ros_main.dir/home/ngochoan/micro_ros_ws/src/pico-sdk/src/rp2_common/pico_printf/printf.c.obj
                0x00000000100033b8                __wrap_snprintf
 .text.__wrap_vsnprintf
                0x00000000100033e0       0x1c CMakeFiles/pico_micro_ros_main.dir/home/ngochoan/micro_ros_ws/src/pico-sdk/src/rp2_common/pico_printf/printf.c.obj
                0x00000000100033e0                __wrap_vsnprintf
 .text.weak_raw_vprintf
                0x00000000100033fc       0x30 CMakeFiles/pico_micro_ros_main.dir/home/ngochoan/micro_ros_ws/src/pico-sdk/src/rp2_common/pico_printf/printf.c.obj
                0x00000000100033fc                weak_raw_vprintf
 .text          0x000000001000342c       0x10 CMakeFiles/pico_micro_ros_main.dir/home/ngochoan/micro_ros_ws/src/pico-sdk/src/rp2_common/pico_bit_ops/bit_ops_aeabi.S.obj
 .text.rom_func_lookup
                0x000000001000343c       0x10 CMakeFiles/pico_micro_ros_main.dir/home/ngochoan/micro_ros_ws/src/pico-sdk/src/rp2_common/pico_bootrom/bootrom.c.obj
                0x000000001000343c                rom_func_lookup
 .text.rom_data_lookup
                0x000000001000344c       0x10 CMakeFiles/pico_micro_ros_main.dir/home/ngochoan/micro_ros_ws/src/pico-sdk/src/rp2_common/pico_bootrom/bootrom.c.obj
                0x000000001000344c                rom_data_lookup
 .text.rom_funcs_lookup
                0x000000001000345c       0x44 CMakeFiles/pico_micro_ros_main.dir/home/ngochoan/micro_ros_ws/src/pico-sdk/src/rp2_common/pico_bootrom/bootrom.c.obj
                0x000000001000345c                rom_funcs_lookup
 .text.__wrap___aeabi_idiv
                0x00000000100034a0       0x50 CMakeFiles/pico_micro_ros_main.dir/home/ngochoan/micro_ros_ws/src/pico-sdk/src/rp2_common/pico_divider/divider.S.obj
                0x00000000100034a0                __wrap___aeabi_idivmod
                0x00000000100034a0                divmod_s32s32
                0x00000000100034a0                div_s32s32
                0x00000000100034a0                __wrap___aeabi_idiv
                0x00000000100034a8                divmod_s32s32_unsafe
                0x00000000100034d4                divmod_s32s32_savestate
 .text.__wrap___aeabi_uidiv
                0x00000000100034f0       0x4c CMakeFiles/pico_micro_ros_main.dir/home/ngochoan/micro_ros_ws/src/pico-sdk/src/rp2_common/pico_divider/divider.S.obj
                0x00000000100034f0                __wrap___aeabi_uidiv
                0x00000000100034f0                __wrap___aeabi_uidivmod
                0x00000000100034f0                div_u32u32
                0x00000000100034f0                divmod_u32u32
                0x00000000100034f8                divmod_u32u32_unsafe
                0x0000000010003520                divmod_u32u32_savestate
 .text.__wrap___aeabi_ldiv
                0x000000001000353c      0x424 CMakeFiles/pico_micro_ros_main.dir/home/ngochoan/micro_ros_ws/src/pico-sdk/src/rp2_common/pico_divider/divider.S.obj
                0x000000001000353c                div_s64s64
                0x000000001000353c                divmod_s64s64
                0x000000001000353c                __wrap___aeabi_ldivmod
                0x000000001000356c                div_u64u64
                0x000000001000356c                divmod_u64u64
                0x000000001000356c                __wrap___aeabi_uldivmod
                0x000000001000357c                divmod_u64u64_savestate
                0x000000001000359c                divmod_s64s64_unsafe
                0x0000000010003624                divmod_u64u64_unsafe
 .text.__wrap___aeabi_darithmetic
                0x0000000010003960       0x80 CMakeFiles/pico_micro_ros_main.dir/home/ngochoan/micro_ros_ws/src/pico-sdk/src/rp2_common/pico_double/double_aeabi.S.obj
                0x0000000010003960                __wrap___aeabi_drsub
                0x0000000010003966                __wrap___aeabi_dsub
                0x0000000010003978                __wrap___aeabi_dadd
                0x000000001000398a                __wrap___aeabi_ddiv
                0x00000000100039c6                __wrap___aeabi_dmul
 .text.__wrap___aeabi_cdcmple
                0x00000000100039e0       0x6c CMakeFiles/pico_micro_ros_main.dir/home/ngochoan/micro_ros_ws/src/pico-sdk/src/rp2_common/pico_double/double_aeabi.S.obj
                0x00000000100039e0                __wrap___aeabi_cdrcmple
                0x00000000100039f0                __wrap___aeabi_cdcmple
                0x00000000100039f0                __wrap___aeabi_cdcmpeq
 .text.__wrap___aeabi_dcmplt
                0x0000000010003a4c        0xc CMakeFiles/pico_micro_ros_main.dir/home/ngochoan/micro_ros_ws/src/pico-sdk/src/rp2_common/pico_double/double_aeabi.S.obj
                0x0000000010003a4c                __wrap___aeabi_dcmplt
 .text.__wrap___aeabi_dcmple
                0x0000000010003a58       0x10 CMakeFiles/pico_micro_ros_main.dir/home/ngochoan/micro_ros_ws/src/pico-sdk/src/rp2_common/pico_double/double_aeabi.S.obj
                0x0000000010003a58                __wrap___aeabi_dcmple
 .text.__wrap___aeabi_dcmpge
                0x0000000010003a68       0x10 CMakeFiles/pico_micro_ros_main.dir/home/ngochoan/micro_ros_ws/src/pico-sdk/src/rp2_common/pico_double/double_aeabi.S.obj
                0x0000000010003a68                __wrap___aeabi_dcmpge
 .text.__wrap___aeabi_dcmpgt
                0x0000000010003a78        0xa CMakeFiles/pico_micro_ros_main.dir/home/ngochoan/micro_ros_ws/src/pico-sdk/src/rp2_common/pico_double/double_aeabi.S.obj
                0x0000000010003a78                __wrap___aeabi_dcmpgt
 .text.__wrap___aeabi_dcmpun
                0x0000000010003a82       0x1c CMakeFiles/pico_micro_ros_main.dir/home/ngochoan/micro_ros_ws/src/pico-sdk/src/rp2_common/pico_double/double_aeabi.S.obj
                0x0000000010003a82                __wrap___aeabi_dcmpun
 *fill*         0x0000000010003a9e        0x2 
 .text.__wrap___aeabi_i2d
                0x0000000010003aa0       0x38 CMakeFiles/pico_micro_ros_main.dir/home/ngochoan/micro_ros_ws/src/pico-sdk/src/rp2_common/pico_double/double_aeabi.S.obj
                0x0000000010003aa0                __wrap___aeabi_ui2d
                0x0000000010003aa8                __wrap___aeabi_i2d
 .text.__wrap___aeabi_d2iz
                0x0000000010003ad8       0x48 CMakeFiles/pico_micro_ros_main.dir/home/ngochoan/micro_ros_ws/src/pico-sdk/src/rp2_common/pico_double/double_aeabi.S.obj
                0x0000000010003ad8                __wrap___aeabi_d2iz
                0x0000000010003ad8                double2int_z
 .text.__wrap___aeabi_d2uiz
                0x0000000010003b20       0x18 CMakeFiles/pico_micro_ros_main.dir/home/ngochoan/micro_ros_ws/src/pico-sdk/src/rp2_common/pico_double/double_aeabi.S.obj
                0x0000000010003b20                double2uint
                0x0000000010003b20                __wrap___aeabi_d2uiz
 .text.__aeabi_double_init
                0x0000000010003b38       0x94 CMakeFiles/pico_micro_ros_main.dir/home/ngochoan/micro_ros_ws/src/pico-sdk/src/rp2_common/pico_double/double_init_rom.c.obj
                0x0000000010003b38                __aeabi_double_init
 .text.double_table_shim_on_use_helper
                0x0000000010003bcc       0x2c CMakeFiles/pico_micro_ros_main.dir/home/ngochoan/micro_ros_ws/src/pico-sdk/src/rp2_common/pico_double/double_v1_rom_shim.S.obj
                0x0000000010003bcc                double_table_shim_on_use_helper
 .text.__wrap___aeabi_dsub
                0x0000000010003bf8       0x10 CMakeFiles/pico_micro_ros_main.dir/home/ngochoan/micro_ros_ws/src/pico-sdk/src/rp2_common/pico_double/double_v1_rom_shim.S.obj
                0x0000000010003bf8                drsub_shim
                0x0000000010003bfe                dsub_shim
 .text.dadd_shim
                0x0000000010003c08      0x15c CMakeFiles/pico_micro_ros_main.dir/home/ngochoan/micro_ros_ws/src/pico-sdk/src/rp2_common/pico_double/double_v1_rom_shim.S.obj
                0x0000000010003c08                dadd_shim
 .text.dmul_shim
                0x0000000010003d64      0x15c CMakeFiles/pico_micro_ros_main.dir/home/ngochoan/micro_ros_ws/src/pico-sdk/src/rp2_common/pico_double/double_v1_rom_shim.S.obj
                0x0000000010003d64                dmul_shim
 .text.ddiv_shim
                0x0000000010003ec0      0x1b0 CMakeFiles/pico_micro_ros_main.dir/home/ngochoan/micro_ros_ws/src/pico-sdk/src/rp2_common/pico_double/double_v1_rom_shim.S.obj
                0x0000000010003ec0                ddiv_shim
 .text.double2uint_shim
                0x0000000010004070        0xe CMakeFiles/pico_micro_ros_main.dir/home/ngochoan/micro_ros_ws/src/pico-sdk/src/rp2_common/pico_double/double_v1_rom_shim.S.obj
                0x0000000010004070                double2uint_shim
                0x0000000010004072                double2ufix_shim
 *fill*         0x000000001000407e        0x2 
 .text.double2uint64_shim
                0x0000000010004080       0x70 CMakeFiles/pico_micro_ros_main.dir/home/ngochoan/micro_ros_ws/src/pico-sdk/src/rp2_common/pico_double/double_v1_rom_shim.S.obj
                0x0000000010004080                double2uint64_shim
                0x0000000010004082                double2ufix64_shim
                0x00000000100040a2                d2fix_a
 .text.dunpacks
                0x00000000100040f0       0x3c CMakeFiles/pico_micro_ros_main.dir/home/ngochoan/micro_ros_ws/src/pico-sdk/src/rp2_common/pico_double/double_v1_rom_shim.S.obj
                0x00000000100040f0                dunpacks
 .text.__aeabi_lmul
                0x000000001000412c       0x32 CMakeFiles/pico_micro_ros_main.dir/home/ngochoan/micro_ros_ws/src/pico-sdk/src/rp2_common/pico_int64_ops/pico_int64_ops_aeabi.S.obj
                0x000000001000412c                __wrap___aeabi_lmul
 *fill*         0x000000001000415e        0x2 
 .text.__wrap___aeabi_farithmetic
                0x0000000010004160       0x48 CMakeFiles/pico_micro_ros_main.dir/home/ngochoan/micro_ros_ws/src/pico-sdk/src/rp2_common/pico_float/float_aeabi.S.obj
                0x0000000010004160                __wrap___aeabi_frsub
                0x0000000010004166                __wrap___aeabi_fsub
                0x000000001000416c                __wrap___aeabi_fadd
                0x0000000010004172                __wrap___aeabi_fdiv
                0x000000001000419a                __wrap___aeabi_fmul
 .text.__wrap___aeabi_ui2f
                0x00000000100041a8        0xa CMakeFiles/pico_micro_ros_main.dir/home/ngochoan/micro_ros_ws/src/pico-sdk/src/rp2_common/pico_float/float_aeabi.S.obj
                0x00000000100041a8                __wrap___aeabi_ui2f
 *fill*         0x00000000100041b2        0x2 
 .text.__wrap___aeabi_i2f
                0x00000000100041b4       0x44 CMakeFiles/pico_micro_ros_main.dir/home/ngochoan/micro_ros_ws/src/pico-sdk/src/rp2_common/pico_float/float_aeabi.S.obj
                0x00000000100041b4                __wrap___aeabi_i2f
 .text.__wrap___aeabi_f2iz
                0x00000000100041f8       0x4e CMakeFiles/pico_micro_ros_main.dir/home/ngochoan/micro_ros_ws/src/pico-sdk/src/rp2_common/pico_float/float_aeabi.S.obj
                0x00000000100041f8                __wrap___aeabi_f2iz
                0x00000000100041f8                float2int_z
 *fill*         0x0000000010004246        0x2 
 .text.float2int
                0x0000000010004248       0x14 CMakeFiles/pico_micro_ros_main.dir/home/ngochoan/micro_ros_ws/src/pico-sdk/src/rp2_common/pico_float/float_aeabi.S.obj
                0x0000000010004248                float2int
 .text.__wrap___aeabi_f2uiz
                0x000000001000425c        0xc CMakeFiles/pico_micro_ros_main.dir/home/ngochoan/micro_ros_ws/src/pico-sdk/src/rp2_common/pico_float/float_aeabi.S.obj
                0x000000001000425c                __wrap___aeabi_f2uiz
 .text.__aeabi_float_init
                0x0000000010004268       0x64 CMakeFiles/pico_micro_ros_main.dir/home/ngochoan/micro_ros_ws/src/pico-sdk/src/rp2_common/pico_float/float_init_rom.c.obj
                0x0000000010004268                __aeabi_float_init
 .text.float_table_shim_on_use_helper
                0x00000000100042cc       0x2c CMakeFiles/pico_micro_ros_main.dir/home/ngochoan/micro_ros_ws/src/pico-sdk/src/rp2_common/pico_float/float_v1_rom_shim.S.obj
                0x00000000100042cc                float_table_shim_on_use_helper
 .text.float232_shims
                0x00000000100042f8       0x18 CMakeFiles/pico_micro_ros_main.dir/home/ngochoan/micro_ros_ws/src/pico-sdk/src/rp2_common/pico_float/float_v1_rom_shim.S.obj
                0x00000000100042f8                float2int_shim
                0x00000000100042fa                float2fix_shim
 .text.__wrap_malloc
                0x0000000010004310       0x24 CMakeFiles/pico_micro_ros_main.dir/home/ngochoan/micro_ros_ws/src/pico-sdk/src/rp2_common/pico_malloc/pico_malloc.c.obj
                0x0000000010004310                __wrap_malloc
 .text.__wrap_calloc
                0x0000000010004334       0x24 CMakeFiles/pico_micro_ros_main.dir/home/ngochoan/micro_ros_ws/src/pico-sdk/src/rp2_common/pico_malloc/pico_malloc.c.obj
                0x0000000010004334                __wrap_calloc
 .text.__wrap_realloc
                0x0000000010004358       0x24 CMakeFiles/pico_micro_ros_main.dir/home/ngochoan/micro_ros_ws/src/pico-sdk/src/rp2_common/pico_malloc/pico_malloc.c.obj
                0x0000000010004358                __wrap_realloc
 .text.__wrap_free
                0x000000001000437c        0x8 CMakeFiles/pico_micro_ros_main.dir/home/ngochoan/micro_ros_ws/src/pico-sdk/src/rp2_common/pico_malloc/pico_malloc.c.obj
                0x000000001000437c                __wrap_free
 .text          0x0000000010004384       0x10 CMakeFiles/pico_micro_ros_main.dir/home/ngochoan/micro_ros_ws/src/pico-sdk/src/rp2_common/pico_mem_ops/mem_ops_aeabi.S.obj
                0x0000000010004384                __aeabi_mem_init
 .text.memset   0x0000000010004394        0xc CMakeFiles/pico_micro_ros_main.dir/home/ngochoan/micro_ros_ws/src/pico-sdk/src/rp2_common/pico_mem_ops/mem_ops_aeabi.S.obj
                0x0000000010004394                __wrap_memset
 .text.memcpy   0x00000000100043a0        0xc CMakeFiles/pico_micro_ros_main.dir/home/ngochoan/micro_ros_ws/src/pico-sdk/src/rp2_common/pico_mem_ops/mem_ops_aeabi.S.obj
                0x00000000100043a0                __wrap___aeabi_memcpy
                0x00000000100043a0                __wrap_memcpy
 .text.stdio_out_chars_no_crlf
                0x00000000100043ac       0x10 CMakeFiles/pico_micro_ros_main.dir/home/ngochoan/micro_ros_ws/src/pico-sdk/src/rp2_common/pico_stdio/stdio.c.obj
 .text.stdio_out_chars_crlf
                0x00000000100043bc       0x10 CMakeFiles/pico_micro_ros_main.dir/home/ngochoan/micro_ros_ws/src/pico-sdk/src/rp2_common/pico_stdio/stdio.c.obj
 .text.stdio_put_string.isra.0
                0x00000000100043cc       0xfc CMakeFiles/pico_micro_ros_main.dir/home/ngochoan/micro_ros_ws/src/pico-sdk/src/rp2_common/pico_stdio/stdio.c.obj
 .text.__wrap_putchar
                0x00000000100044c8       0x98 CMakeFiles/pico_micro_ros_main.dir/home/ngochoan/micro_ros_ws/src/pico-sdk/src/rp2_common/pico_stdio/stdio.c.obj
                0x00000000100044c8                __wrap_putchar
 .text.__wrap_puts
                0x0000000010004560       0x3c CMakeFiles/pico_micro_ros_main.dir/home/ngochoan/micro_ros_ws/src/pico-sdk/src/rp2_common/pico_stdio/stdio.c.obj
                0x0000000010004560                __wrap_puts
 .text.stdio_set_driver_enabled
                0x000000001000459c       0x30 CMakeFiles/pico_micro_ros_main.dir/home/ngochoan/micro_ros_ws/src/pico-sdk/src/rp2_common/pico_stdio/stdio.c.obj
                0x000000001000459c                stdio_set_driver_enabled
 .text.stdio_init_all
                0x00000000100045cc        0x8 CMakeFiles/pico_micro_ros_main.dir/home/ngochoan/micro_ros_ws/src/pico-sdk/src/rp2_common/pico_stdio/stdio.c.obj
                0x00000000100045cc                stdio_init_all
 .text.getchar_timeout_us
                0x00000000100045d4       0x98 CMakeFiles/pico_micro_ros_main.dir/home/ngochoan/micro_ros_ws/src/pico-sdk/src/rp2_common/pico_stdio/stdio.c.obj
                0x00000000100045d4                getchar_timeout_us
 .text.resetd_init
                0x000000001000466c        0x4 CMakeFiles/pico_micro_ros_main.dir/home/ngochoan/micro_ros_ws/src/pico-sdk/src/rp2_common/pico_stdio_usb/reset_interface.c.obj
 .text.resetd_reset
                0x0000000010004670        0xc CMakeFiles/pico_micro_ros_main.dir/home/ngochoan/micro_ros_ws/src/pico-sdk/src/rp2_common/pico_stdio_usb/reset_interface.c.obj
 .text.resetd_open
                0x000000001000467c       0x28 CMakeFiles/pico_micro_ros_main.dir/home/ngochoan/micro_ros_ws/src/pico-sdk/src/rp2_common/pico_stdio_usb/reset_interface.c.obj
 .text.resetd_xfer_cb
                0x00000000100046a4        0x4 CMakeFiles/pico_micro_ros_main.dir/home/ngochoan/micro_ros_ws/src/pico-sdk/src/rp2_common/pico_stdio_usb/reset_interface.c.obj
 .text.resetd_control_xfer_cb
                0x00000000100046a8       0x64 CMakeFiles/pico_micro_ros_main.dir/home/ngochoan/micro_ros_ws/src/pico-sdk/src/rp2_common/pico_stdio_usb/reset_interface.c.obj
 .text.usbd_app_driver_get_cb
                0x000000001000470c        0xc CMakeFiles/pico_micro_ros_main.dir/home/ngochoan/micro_ros_ws/src/pico-sdk/src/rp2_common/pico_stdio_usb/reset_interface.c.obj
                0x000000001000470c                usbd_app_driver_get_cb
 .text.tud_cdc_line_coding_cb
                0x0000000010004718       0x34 CMakeFiles/pico_micro_ros_main.dir/home/ngochoan/micro_ros_ws/src/pico-sdk/src/rp2_common/pico_stdio_usb/reset_interface.c.obj
                0x0000000010004718                tud_cdc_line_coding_cb
 .text.stdio_usb_set_chars_available_callback
                0x000000001000474c       0x14 CMakeFiles/pico_micro_ros_main.dir/home/ngochoan/micro_ros_ws/src/pico-sdk/src/rp2_common/pico_stdio_usb/stdio_usb.c.obj
                0x000000001000474c                stdio_usb_set_chars_available_callback
 .text.usb_irq  0x0000000010004760       0x10 CMakeFiles/pico_micro_ros_main.dir/home/ngochoan/micro_ros_ws/src/pico-sdk/src/rp2_common/pico_stdio_usb/stdio_usb.c.obj
 .text.timer_task
                0x0000000010004770       0x54 CMakeFiles/pico_micro_ros_main.dir/home/ngochoan/micro_ros_ws/src/pico-sdk/src/rp2_common/pico_stdio_usb/stdio_usb.c.obj
 .text.stdio_usb_in_chars
                0x00000000100047c4       0x90 CMakeFiles/pico_micro_ros_main.dir/home/ngochoan/micro_ros_ws/src/pico-sdk/src/rp2_common/pico_stdio_usb/stdio_usb.c.obj
                0x00000000100047c4                stdio_usb_in_chars
 .text.stdio_usb_out_chars
                0x0000000010004854      0x100 CMakeFiles/pico_micro_ros_main.dir/home/ngochoan/micro_ros_ws/src/pico-sdk/src/rp2_common/pico_stdio_usb/stdio_usb.c.obj
 .text.low_priority_worker_irq
                0x0000000010004954       0xa8 CMakeFiles/pico_micro_ros_main.dir/home/ngochoan/micro_ros_ws/src/pico-sdk/src/rp2_common/pico_stdio_usb/stdio_usb.c.obj
 .text.tud_cdc_rx_cb
                0x00000000100049fc       0x20 CMakeFiles/pico_micro_ros_main.dir/home/ngochoan/micro_ros_ws/src/pico-sdk/src/rp2_common/pico_stdio_usb/stdio_usb.c.obj
                0x00000000100049fc                tud_cdc_rx_cb
 .text.stdio_usb_init
                0x0000000010004a1c       0xdc CMakeFiles/pico_micro_ros_main.dir/home/ngochoan/micro_ros_ws/src/pico-sdk/src/rp2_common/pico_stdio_usb/stdio_usb.c.obj
                0x0000000010004a1c                stdio_usb_init
 .text.tud_descriptor_device_cb
                0x0000000010004af8        0x8 CMakeFiles/pico_micro_ros_main.dir/home/ngochoan/micro_ros_ws/src/pico-sdk/src/rp2_common/pico_stdio_usb/stdio_usb_descriptors.c.obj
                0x0000000010004af8                tud_descriptor_device_cb
 .text.tud_descriptor_configuration_cb
                0x0000000010004b00        0x8 CMakeFiles/pico_micro_ros_main.dir/home/ngochoan/micro_ros_ws/src/pico-sdk/src/rp2_common/pico_stdio_usb/stdio_usb_descriptors.c.obj
                0x0000000010004b00                tud_descriptor_configuration_cb
 .text.tud_descriptor_string_cb
                0x0000000010004b08       0x74 CMakeFiles/pico_micro_ros_main.dir/home/ngochoan/micro_ros_ws/src/pico-sdk/src/rp2_common/pico_stdio_usb/stdio_usb_descriptors.c.obj
                0x0000000010004b08                tud_descriptor_string_cb
 .text.startup._retrieve_unique_id_on_boot
                0x0000000010004b7c       0x10 CMakeFiles/pico_micro_ros_main.dir/home/ngochoan/micro_ros_ws/src/pico-sdk/src/rp2_common/pico_unique_id/unique_id.c.obj
 .text.pico_get_unique_board_id_string
                0x0000000010004b8c      0x1a8 CMakeFiles/pico_micro_ros_main.dir/home/ngochoan/micro_ros_ws/src/pico-sdk/src/rp2_common/pico_unique_id/unique_id.c.obj
                0x0000000010004b8c                pico_get_unique_board_id_string
 .text.flash_get_unique_id
                0x0000000010004d34       0x40 CMakeFiles/pico_micro_ros_main.dir/home/ngochoan/micro_ros_ws/src/pico-sdk/src/rp2_common/hardware_flash/flash.c.obj
                0x0000000010004d34                flash_get_unique_id
 .text.dcd_int_enable
                0x0000000010004d74        0xc CMakeFiles/pico_micro_ros_main.dir/home/ngochoan/micro_ros_ws/src/pico-sdk/lib/tinyusb/src/portable/raspberrypi/rp2040/dcd_rp2040.c.obj
                0x0000000010004d74                dcd_int_enable
 .text.dcd_set_address
                0x0000000010004d80       0x14 CMakeFiles/pico_micro_ros_main.dir/home/ngochoan/micro_ros_ws/src/pico-sdk/lib/tinyusb/src/portable/raspberrypi/rp2040/dcd_rp2040.c.obj
                0x0000000010004d80                dcd_set_address
 .text.dcd_connect
                0x0000000010004d94       0x10 CMakeFiles/pico_micro_ros_main.dir/home/ngochoan/micro_ros_ws/src/pico-sdk/lib/tinyusb/src/portable/raspberrypi/rp2040/dcd_rp2040.c.obj
                0x0000000010004d94                dcd_connect
 .text.dcd_init
                0x0000000010004da4       0x98 CMakeFiles/pico_micro_ros_main.dir/home/ngochoan/micro_ros_ws/src/pico-sdk/lib/tinyusb/src/portable/raspberrypi/rp2040/dcd_rp2040.c.obj
                0x0000000010004da4                dcd_init
 .text.dcd_edpt0_status_complete
                0x0000000010004e3c       0x1c CMakeFiles/pico_micro_ros_main.dir/home/ngochoan/micro_ros_ws/src/pico-sdk/lib/tinyusb/src/portable/raspberrypi/rp2040/dcd_rp2040.c.obj
                0x0000000010004e3c                dcd_edpt0_status_complete
 .text.dcd_edpt_open
                0x0000000010004e58      0x108 CMakeFiles/pico_micro_ros_main.dir/home/ngochoan/micro_ros_ws/src/pico-sdk/lib/tinyusb/src/portable/raspberrypi/rp2040/dcd_rp2040.c.obj
                0x0000000010004e58                dcd_edpt_open
 .text.dcd_edpt_close_all
                0x0000000010004f60        0x8 CMakeFiles/pico_micro_ros_main.dir/home/ngochoan/micro_ros_ws/src/pico-sdk/lib/tinyusb/src/portable/raspberrypi/rp2040/dcd_rp2040.c.obj
                0x0000000010004f60                dcd_edpt_close_all
 .text.dcd_edpt_xfer
                0x0000000010004f68       0x24 CMakeFiles/pico_micro_ros_main.dir/home/ngochoan/micro_ros_ws/src/pico-sdk/lib/tinyusb/src/portable/raspberrypi/rp2040/dcd_rp2040.c.obj
                0x0000000010004f68                dcd_edpt_xfer
 .text.dcd_edpt_stall
                0x0000000010004f8c       0x38 CMakeFiles/pico_micro_ros_main.dir/home/ngochoan/micro_ros_ws/src/pico-sdk/lib/tinyusb/src/portable/raspberrypi/rp2040/dcd_rp2040.c.obj
                0x0000000010004f8c                dcd_edpt_stall
 .text.dcd_edpt_clear_stall
                0x0000000010004fc4       0x30 CMakeFiles/pico_micro_ros_main.dir/home/ngochoan/micro_ros_ws/src/pico-sdk/lib/tinyusb/src/portable/raspberrypi/rp2040/dcd_rp2040.c.obj
                0x0000000010004fc4                dcd_edpt_clear_stall
 .text.rp2040_usb_init
                0x0000000010004ff4       0x4c CMakeFiles/pico_micro_ros_main.dir/home/ngochoan/micro_ros_ws/src/pico-sdk/lib/tinyusb/src/portable/raspberrypi/rp2040/rp2040_usb.c.obj
                0x0000000010004ff4                rp2040_usb_init
 .text.hw_endpoint_xfer_start
                0x0000000010005040       0x50 CMakeFiles/pico_micro_ros_main.dir/home/ngochoan/micro_ros_ws/src/pico-sdk/lib/tinyusb/src/portable/raspberrypi/rp2040/rp2040_usb.c.obj
                0x0000000010005040                hw_endpoint_xfer_start
 .text.tud_mounted
                0x0000000010005090       0x10 CMakeFiles/pico_micro_ros_main.dir/home/ngochoan/micro_ros_ws/src/pico-sdk/lib/tinyusb/src/device/usbd.c.obj
                0x0000000010005090                tud_mounted
 .text.tud_suspended
                0x00000000100050a0       0x10 CMakeFiles/pico_micro_ros_main.dir/home/ngochoan/micro_ros_ws/src/pico-sdk/lib/tinyusb/src/device/usbd.c.obj
                0x00000000100050a0                tud_suspended
 .text.tud_inited
                0x00000000100050b0       0x14 CMakeFiles/pico_micro_ros_main.dir/home/ngochoan/micro_ros_ws/src/pico-sdk/lib/tinyusb/src/device/usbd.c.obj
                0x00000000100050b0                tud_inited
 .text.tud_init
                0x00000000100050c4       0xe4 CMakeFiles/pico_micro_ros_main.dir/home/ngochoan/micro_ros_ws/src/pico-sdk/lib/tinyusb/src/device/usbd.c.obj
                0x00000000100050c4                tud_init
 .text.tud_task_ext
                0x00000000100051a8      0x854 CMakeFiles/pico_micro_ros_main.dir/home/ngochoan/micro_ros_ws/src/pico-sdk/lib/tinyusb/src/device/usbd.c.obj
                0x00000000100051a8                tud_task_ext
 .text.usbd_open_edpt_pair
                0x00000000100059fc       0x9c CMakeFiles/pico_micro_ros_main.dir/home/ngochoan/micro_ros_ws/src/pico-sdk/lib/tinyusb/src/device/usbd.c.obj
                0x00000000100059fc                usbd_open_edpt_pair
 .text.usbd_defer_func
                0x0000000010005a98       0x48 CMakeFiles/pico_micro_ros_main.dir/home/ngochoan/micro_ros_ws/src/pico-sdk/lib/tinyusb/src/device/usbd.c.obj
                0x0000000010005a98                usbd_defer_func
 .text.usbd_edpt_open
                0x0000000010005ae0       0x34 CMakeFiles/pico_micro_ros_main.dir/home/ngochoan/micro_ros_ws/src/pico-sdk/lib/tinyusb/src/device/usbd.c.obj
                0x0000000010005ae0                usbd_edpt_open
 .text.usbd_edpt_claim
                0x0000000010005b14       0x28 CMakeFiles/pico_micro_ros_main.dir/home/ngochoan/micro_ros_ws/src/pico-sdk/lib/tinyusb/src/device/usbd.c.obj
                0x0000000010005b14                usbd_edpt_claim
 .text.usbd_edpt_release
                0x0000000010005b3c       0x28 CMakeFiles/pico_micro_ros_main.dir/home/ngochoan/micro_ros_ws/src/pico-sdk/lib/tinyusb/src/device/usbd.c.obj
                0x0000000010005b3c                usbd_edpt_release
 .text.usbd_edpt_xfer
                0x0000000010005b64       0x4c CMakeFiles/pico_micro_ros_main.dir/home/ngochoan/micro_ros_ws/src/pico-sdk/lib/tinyusb/src/device/usbd.c.obj
                0x0000000010005b64                usbd_edpt_xfer
 .text.tud_control_status
                0x0000000010005bb0       0x30 CMakeFiles/pico_micro_ros_main.dir/home/ngochoan/micro_ros_ws/src/pico-sdk/lib/tinyusb/src/device/usbd_control.c.obj
                0x0000000010005bb0                tud_control_status
 .text.tud_control_xfer
                0x0000000010005be0       0xbc CMakeFiles/pico_micro_ros_main.dir/home/ngochoan/micro_ros_ws/src/pico-sdk/lib/tinyusb/src/device/usbd_control.c.obj
                0x0000000010005be0                tud_control_xfer
 .text.usbd_control_reset
                0x0000000010005c9c       0x14 CMakeFiles/pico_micro_ros_main.dir/home/ngochoan/micro_ros_ws/src/pico-sdk/lib/tinyusb/src/device/usbd_control.c.obj
                0x0000000010005c9c                usbd_control_reset
 .text.usbd_control_set_complete_callback
                0x0000000010005cb0        0xc CMakeFiles/pico_micro_ros_main.dir/home/ngochoan/micro_ros_ws/src/pico-sdk/lib/tinyusb/src/device/usbd_control.c.obj
                0x0000000010005cb0                usbd_control_set_complete_callback
 .text.usbd_control_set_request
                0x0000000010005cbc       0x1c CMakeFiles/pico_micro_ros_main.dir/home/ngochoan/micro_ros_ws/src/pico-sdk/lib/tinyusb/src/device/usbd_control.c.obj
                0x0000000010005cbc                usbd_control_set_request
 .text.usbd_control_xfer_cb
                0x0000000010005cd8       0xfc CMakeFiles/pico_micro_ros_main.dir/home/ngochoan/micro_ros_ws/src/pico-sdk/lib/tinyusb/src/device/usbd_control.c.obj
                0x0000000010005cd8                usbd_control_xfer_cb
 .text.tud_cdc_n_connected
                0x0000000010005dd4       0x30 CMakeFiles/pico_micro_ros_main.dir/home/ngochoan/micro_ros_ws/src/pico-sdk/lib/tinyusb/src/class/cdc/cdc_device.c.obj
                0x0000000010005dd4                tud_cdc_n_connected
 .text.tud_cdc_n_available
                0x0000000010005e04       0x18 CMakeFiles/pico_micro_ros_main.dir/home/ngochoan/micro_ros_ws/src/pico-sdk/lib/tinyusb/src/class/cdc/cdc_device.c.obj
                0x0000000010005e04                tud_cdc_n_available
 .text.tud_cdc_n_read
                0x0000000010005e1c       0x70 CMakeFiles/pico_micro_ros_main.dir/home/ngochoan/micro_ros_ws/src/pico-sdk/lib/tinyusb/src/class/cdc/cdc_device.c.obj
                0x0000000010005e1c                tud_cdc_n_read
 .text.tud_cdc_n_write_flush
                0x0000000010005e8c       0x78 CMakeFiles/pico_micro_ros_main.dir/home/ngochoan/micro_ros_ws/src/pico-sdk/lib/tinyusb/src/class/cdc/cdc_device.c.obj
                0x0000000010005e8c                tud_cdc_n_write_flush
 .text.tud_cdc_n_write
                0x0000000010005f04       0x34 CMakeFiles/pico_micro_ros_main.dir/home/ngochoan/micro_ros_ws/src/pico-sdk/lib/tinyusb/src/class/cdc/cdc_device.c.obj
                0x0000000010005f04                tud_cdc_n_write
 .text.tud_cdc_n_write_available
                0x0000000010005f38       0x18 CMakeFiles/pico_micro_ros_main.dir/home/ngochoan/micro_ros_ws/src/pico-sdk/lib/tinyusb/src/class/cdc/cdc_device.c.obj
                0x0000000010005f38                tud_cdc_n_write_available
 .text.cdcd_init
                0x0000000010005f50       0x7c CMakeFiles/pico_micro_ros_main.dir/home/ngochoan/micro_ros_ws/src/pico-sdk/lib/tinyusb/src/class/cdc/cdc_device.c.obj
                0x0000000010005f50                cdcd_init
 .text.cdcd_reset
                0x0000000010005fcc       0x2c CMakeFiles/pico_micro_ros_main.dir/home/ngochoan/micro_ros_ws/src/pico-sdk/lib/tinyusb/src/class/cdc/cdc_device.c.obj
                0x0000000010005fcc                cdcd_reset
 .text.cdcd_open
                0x0000000010005ff8       0xe8 CMakeFiles/pico_micro_ros_main.dir/home/ngochoan/micro_ros_ws/src/pico-sdk/lib/tinyusb/src/class/cdc/cdc_device.c.obj
                0x0000000010005ff8                cdcd_open
 .text.cdcd_control_xfer_cb
                0x00000000100060e0       0xe4 CMakeFiles/pico_micro_ros_main.dir/home/ngochoan/micro_ros_ws/src/pico-sdk/lib/tinyusb/src/class/cdc/cdc_device.c.obj
                0x00000000100060e0                cdcd_control_xfer_cb
 .text.cdcd_xfer_cb
                0x00000000100061c4      0x148 CMakeFiles/pico_micro_ros_main.dir/home/ngochoan/micro_ros_ws/src/pico-sdk/lib/tinyusb/src/class/cdc/cdc_device.c.obj
                0x00000000100061c4                cdcd_xfer_cb
 .text.tusb_init
                0x000000001000630c        0xc CMakeFiles/pico_micro_ros_main.dir/home/ngochoan/micro_ros_ws/src/pico-sdk/lib/tinyusb/src/tusb.c.obj
                0x000000001000630c                tusb_init
 .text.tusb_inited
                0x0000000010006318        0x8 CMakeFiles/pico_micro_ros_main.dir/home/ngochoan/micro_ros_ws/src/pico-sdk/lib/tinyusb/src/tusb.c.obj
                0x0000000010006318                tusb_inited
 .text.tu_edpt_claim
                0x0000000010006320       0x50 CMakeFiles/pico_micro_ros_main.dir/home/ngochoan/micro_ros_ws/src/pico-sdk/lib/tinyusb/src/tusb.c.obj
                0x0000000010006320                tu_edpt_claim
 .text.tu_edpt_release
                0x0000000010006370       0x38 CMakeFiles/pico_micro_ros_main.dir/home/ngochoan/micro_ros_ws/src/pico-sdk/lib/tinyusb/src/tusb.c.obj
                0x0000000010006370                tu_edpt_release
 .text.tu_edpt_validate
                0x00000000100063a8       0x78 CMakeFiles/pico_micro_ros_main.dir/home/ngochoan/micro_ros_ws/src/pico-sdk/lib/tinyusb/src/tusb.c.obj
                0x00000000100063a8                tu_edpt_validate
 .text.tu_edpt_bind_driver
                0x0000000010006420       0x34 CMakeFiles/pico_micro_ros_main.dir/home/ngochoan/micro_ros_ws/src/pico-sdk/lib/tinyusb/src/tusb.c.obj
                0x0000000010006420                tu_edpt_bind_driver
 .text.tu_fifo_config
                0x0000000010006454       0x70 CMakeFiles/pico_micro_ros_main.dir/home/ngochoan/micro_ros_ws/src/pico-sdk/lib/tinyusb/src/common/tusb_fifo.c.obj
                0x0000000010006454                tu_fifo_config
 .text.tu_fifo_count
                0x00000000100064c4       0x2c CMakeFiles/pico_micro_ros_main.dir/home/ngochoan/micro_ros_ws/src/pico-sdk/lib/tinyusb/src/common/tusb_fifo.c.obj
                0x00000000100064c4                tu_fifo_count
 .text.tu_fifo_empty
                0x00000000100064f0       0x10 CMakeFiles/pico_micro_ros_main.dir/home/ngochoan/micro_ros_ws/src/pico-sdk/lib/tinyusb/src/common/tusb_fifo.c.obj
                0x00000000100064f0                tu_fifo_empty
 .text.tu_fifo_remaining
                0x0000000010006500       0x2c CMakeFiles/pico_micro_ros_main.dir/home/ngochoan/micro_ros_ws/src/pico-sdk/lib/tinyusb/src/common/tusb_fifo.c.obj
                0x0000000010006500                tu_fifo_remaining
 .text.tu_fifo_read
                0x000000001000652c       0xa0 CMakeFiles/pico_micro_ros_main.dir/home/ngochoan/micro_ros_ws/src/pico-sdk/lib/tinyusb/src/common/tusb_fifo.c.obj
                0x000000001000652c                tu_fifo_read
 .text.tu_fifo_read_n
                0x00000000100065cc       0xec CMakeFiles/pico_micro_ros_main.dir/home/ngochoan/micro_ros_ws/src/pico-sdk/lib/tinyusb/src/common/tusb_fifo.c.obj
                0x00000000100065cc                tu_fifo_read_n
 .text.tu_fifo_write
                0x00000000100066b8       0x88 CMakeFiles/pico_micro_ros_main.dir/home/ngochoan/micro_ros_ws/src/pico-sdk/lib/tinyusb/src/common/tusb_fifo.c.obj
                0x00000000100066b8                tu_fifo_write
 .text.tu_fifo_write_n
                0x0000000010006740      0x168 CMakeFiles/pico_micro_ros_main.dir/home/ngochoan/micro_ros_ws/src/pico-sdk/lib/tinyusb/src/common/tusb_fifo.c.obj
                0x0000000010006740                tu_fifo_write_n
 .text.tu_fifo_clear
                0x00000000100068a8       0x40 CMakeFiles/pico_micro_ros_main.dir/home/ngochoan/micro_ros_ws/src/pico-sdk/lib/tinyusb/src/common/tusb_fifo.c.obj
                0x00000000100068a8                tu_fifo_clear
 .text.tu_fifo_set_overwritable
                0x00000000100068e8       0x48 CMakeFiles/pico_micro_ros_main.dir/home/ngochoan/micro_ros_ws/src/pico-sdk/lib/tinyusb/src/common/tusb_fifo.c.obj
                0x00000000100068e8                tu_fifo_set_overwritable
 .text.rcl_get_zero_initialized_publisher
                0x0000000010006930        0xc /home/ngochoan/micro_ros_ws/src/micro_ros_raspberrypi_pico_sdk/libmicroros/libmicroros.a(librcl-publisher.c.obj)
                0x0000000010006930                rcl_get_zero_initialized_publisher
 .text.rcl_publisher_init
                0x000000001000693c      0x13c /home/ngochoan/micro_ros_ws/src/micro_ros_raspberrypi_pico_sdk/libmicroros/libmicroros.a(librcl-publisher.c.obj)
                0x000000001000693c                rcl_publisher_init
 .text.rcl_publisher_get_default_options
                0x0000000010006a78       0x7c /home/ngochoan/micro_ros_ws/src/micro_ros_raspberrypi_pico_sdk/libmicroros/libmicroros.a(librcl-publisher.c.obj)
                0x0000000010006a78                rcl_publisher_get_default_options
 .text.rcl_publish
                0x0000000010006af4       0x4c /home/ngochoan/micro_ros_ws/src/micro_ros_raspberrypi_pico_sdk/libmicroros/libmicroros.a(librcl-publisher.c.obj)
                0x0000000010006af4                rcl_publish
 .text.rcl_publisher_is_valid
                0x0000000010006b40       0x30 /home/ngochoan/micro_ros_ws/src/micro_ros_raspberrypi_pico_sdk/libmicroros/libmicroros.a(librcl-publisher.c.obj)
                0x0000000010006b40                rcl_publisher_is_valid
 .text.rcl_publisher_is_valid_except_context
                0x0000000010006b70       0x1c /home/ngochoan/micro_ros_ws/src/micro_ros_raspberrypi_pico_sdk/libmicroros/libmicroros.a(librcl-publisher.c.obj)
                0x0000000010006b70                rcl_publisher_is_valid_except_context
 .text._rclc_check_for_new_data
                0x0000000010006b8c       0x90 /home/ngochoan/micro_ros_ws/src/micro_ros_raspberrypi_pico_sdk/libmicroros/libmicroros.a(librclc-executor.c.obj)
 .text._rclc_take_new_data
                0x0000000010006c1c      0x2c8 /home/ngochoan/micro_ros_ws/src/micro_ros_raspberrypi_pico_sdk/libmicroros/libmicroros.a(librclc-executor.c.obj)
 .text._rclc_execute.part.0
                0x0000000010006ee4      0x29c /home/ngochoan/micro_ros_ws/src/micro_ros_raspberrypi_pico_sdk/libmicroros/libmicroros.a(librclc-executor.c.obj)
 .text.rclc_executor_trigger_any
                0x0000000010007180       0x7c /home/ngochoan/micro_ros_ws/src/micro_ros_raspberrypi_pico_sdk/libmicroros/libmicroros.a(librclc-executor.c.obj)
                0x0000000010007180                rclc_executor_trigger_any
 .text.rclc_executor_init
                0x00000000100071fc       0xc4 /home/ngochoan/micro_ros_ws/src/micro_ros_raspberrypi_pico_sdk/libmicroros/libmicroros.a(librclc-executor.c.obj)
                0x00000000100071fc                rclc_executor_init
 .text.rclc_executor_add_subscription
                0x00000000100072c0       0x74 /home/ngochoan/micro_ros_ws/src/micro_ros_raspberrypi_pico_sdk/libmicroros/libmicroros.a(librclc-executor.c.obj)
                0x00000000100072c0                rclc_executor_add_subscription
 .text.rclc_executor_prepare
                0x0000000010007334       0x88 /home/ngochoan/micro_ros_ws/src/micro_ros_raspberrypi_pico_sdk/libmicroros/libmicroros.a(librclc-executor.c.obj)
                0x0000000010007334                rclc_executor_prepare
 .text.rclc_executor_spin_some.part.0
                0x00000000100073bc      0x384 /home/ngochoan/micro_ros_ws/src/micro_ros_raspberrypi_pico_sdk/libmicroros/libmicroros.a(librclc-executor.c.obj)
 .text.rclc_executor_spin_some
                0x0000000010007740       0x30 /home/ngochoan/micro_ros_ws/src/micro_ros_raspberrypi_pico_sdk/libmicroros/libmicroros.a(librclc-executor.c.obj)
                0x0000000010007740                rclc_executor_spin_some
 .text.rclc_executor_handle_counters_zero_init
                0x0000000010007770       0x18 /home/ngochoan/micro_ros_ws/src/micro_ros_raspberrypi_pico_sdk/libmicroros/libmicroros.a(librclc-executor_handle.c.obj)
                0x0000000010007770                rclc_executor_handle_counters_zero_init
 .text.rclc_executor_handle_init
                0x0000000010007788       0x28 /home/ngochoan/micro_ros_ws/src/micro_ros_raspberrypi_pico_sdk/libmicroros/libmicroros.a(librclc-executor_handle.c.obj)
                0x0000000010007788                rclc_executor_handle_init
 .text.rclc_support_init
                0x00000000100077b0       0x94 /home/ngochoan/micro_ros_ws/src/micro_ros_raspberrypi_pico_sdk/libmicroros/libmicroros.a(librclc-init.c.obj)
                0x00000000100077b0                rclc_support_init
 .text.rclc_node_init_default
                0x0000000010007844       0x74 /home/ngochoan/micro_ros_ws/src/micro_ros_raspberrypi_pico_sdk/libmicroros/libmicroros.a(librclc-node.c.obj)
                0x0000000010007844                rclc_node_init_default
 .text.rclc_publisher_init_default
                0x00000000100078b8       0x68 /home/ngochoan/micro_ros_ws/src/micro_ros_raspberrypi_pico_sdk/libmicroros/libmicroros.a(librclc-publisher.c.obj)
                0x00000000100078b8                rclc_publisher_init_default
 .text.rclc_subscription_init_default
                0x0000000010007920       0x68 /home/ngochoan/micro_ros_ws/src/micro_ros_raspberrypi_pico_sdk/libmicroros/libmicroros.a(librclc-subscription.c.obj)
                0x0000000010007920                rclc_subscription_init_default
 .text.__default_zero_allocate
                0x0000000010007988        0x8 /home/ngochoan/micro_ros_ws/src/micro_ros_raspberrypi_pico_sdk/libmicroros/libmicroros.a(librcutils-allocator.c.obj)
 .text.__default_reallocate
                0x0000000010007990        0x8 /home/ngochoan/micro_ros_ws/src/micro_ros_raspberrypi_pico_sdk/libmicroros/libmicroros.a(librcutils-allocator.c.obj)
 .text.__default_deallocate
                0x0000000010007998        0x8 /home/ngochoan/micro_ros_ws/src/micro_ros_raspberrypi_pico_sdk/libmicroros/libmicroros.a(librcutils-allocator.c.obj)
 .text.__default_allocate
                0x00000000100079a0        0x8 /home/ngochoan/micro_ros_ws/src/micro_ros_raspberrypi_pico_sdk/libmicroros/libmicroros.a(librcutils-allocator.c.obj)
 .text.rcutils_get_zero_initialized_allocator
                0x00000000100079a8       0x14 /home/ngochoan/micro_ros_ws/src/micro_ros_raspberrypi_pico_sdk/libmicroros/libmicroros.a(librcutils-allocator.c.obj)
                0x00000000100079a8                rcutils_get_zero_initialized_allocator
 .text.rcutils_get_default_allocator
                0x00000000100079bc       0x14 /home/ngochoan/micro_ros_ws/src/micro_ros_raspberrypi_pico_sdk/libmicroros/libmicroros.a(librcutils-allocator.c.obj)
                0x00000000100079bc                rcutils_get_default_allocator
 .text.rcutils_allocator_is_valid
                0x00000000100079d0       0x24 /home/ngochoan/micro_ros_ws/src/micro_ros_raspberrypi_pico_sdk/libmicroros/libmicroros.a(librcutils-allocator.c.obj)
                0x00000000100079d0                rcutils_allocator_is_valid
 .text.rcutils_get_error_string
                0x00000000100079f4       0x34 /home/ngochoan/micro_ros_ws/src/micro_ros_raspberrypi_pico_sdk/libmicroros/libmicroros.a(librcutils-error_handling.c.obj)
                0x00000000100079f4                rcutils_get_error_string
 .text.rcutils_reset_error
                0x0000000010007a28       0x38 /home/ngochoan/micro_ros_ws/src/micro_ros_raspberrypi_pico_sdk/libmicroros/libmicroros.a(librcutils-error_handling.c.obj)
                0x0000000010007a28                rcutils_reset_error
 .text.rcutils_system_time_now
                0x0000000010007a60       0x58 /home/ngochoan/micro_ros_ws/src/micro_ros_raspberrypi_pico_sdk/libmicroros/libmicroros.a(librcutils-time_unix.c.obj)
                0x0000000010007a60                rcutils_system_time_now
 .text.rcutils_steady_time_now
                0x0000000010007ab8       0x58 /home/ngochoan/micro_ros_ws/src/micro_ros_raspberrypi_pico_sdk/libmicroros/libmicroros.a(librcutils-time_unix.c.obj)
                0x0000000010007ab8                rcutils_steady_time_now
 .text.rmw_get_default_publisher_options
                0x0000000010007b10        0x8 /home/ngochoan/micro_ros_ws/src/micro_ros_raspberrypi_pico_sdk/libmicroros/libmicroros.a(librmw-publisher_options.c.obj)
                0x0000000010007b10                rmw_get_default_publisher_options
 .text.rmw_uros_set_custom_transport
                0x0000000010007b18       0x34 /home/ngochoan/micro_ros_ws/src/micro_ros_raspberrypi_pico_sdk/libmicroros/libmicroros.a(librmw_microxrcedds-custom_transport.c.obj)
                0x0000000010007b18                rmw_uros_set_custom_transport
 .text.flush_session
                0x0000000010007b4c        0xc /home/ngochoan/micro_ros_ws/src/micro_ros_raspberrypi_pico_sdk/libmicroros/libmicroros.a(librmw_microxrcedds-rmw_publish.c.obj)
                0x0000000010007b4c                flush_session
 .text.rmw_publish
                0x0000000010007b58       0xd8 /home/ngochoan/micro_ros_ws/src/micro_ros_raspberrypi_pico_sdk/libmicroros/libmicroros.a(librmw_microxrcedds-rmw_publish.c.obj)
                0x0000000010007b58                rmw_publish
 .text.rmw_create_publisher
                0x0000000010007c30      0x20c /home/ngochoan/micro_ros_ws/src/micro_ros_raspberrypi_pico_sdk/libmicroros/libmicroros.a(librmw_microxrcedds-rmw_publisher.c.obj)
                0x0000000010007c30                rmw_create_publisher
 .text.rmw_publisher_get_actual_qos
                0x0000000010007e3c       0x20 /home/ngochoan/micro_ros_ws/src/micro_ros_raspberrypi_pico_sdk/libmicroros/libmicroros.a(librmw_microxrcedds-rmw_publisher.c.obj)
                0x0000000010007e3c                rmw_publisher_get_actual_qos
 .text.rmw_destroy_publisher
                0x0000000010007e5c       0xf4 /home/ngochoan/micro_ros_ws/src/micro_ros_raspberrypi_pico_sdk/libmicroros/libmicroros.a(librmw_microxrcedds-rmw_publisher.c.obj)
                0x0000000010007e5c                rmw_destroy_publisher
 .text.rmw_uxrce_init_service_memory
                0x0000000010007f50       0x48 /home/ngochoan/micro_ros_ws/src/micro_ros_raspberrypi_pico_sdk/libmicroros/libmicroros.a(librmw_microxrcedds-types.c.obj)
                0x0000000010007f50                rmw_uxrce_init_service_memory
 .text.rmw_uxrce_init_client_memory
                0x0000000010007f98       0x48 /home/ngochoan/micro_ros_ws/src/micro_ros_raspberrypi_pico_sdk/libmicroros/libmicroros.a(librmw_microxrcedds-types.c.obj)
                0x0000000010007f98                rmw_uxrce_init_client_memory
 .text.rmw_uxrce_init_publisher_memory
                0x0000000010007fe0       0x48 /home/ngochoan/micro_ros_ws/src/micro_ros_raspberrypi_pico_sdk/libmicroros/libmicroros.a(librmw_microxrcedds-types.c.obj)
                0x0000000010007fe0                rmw_uxrce_init_publisher_memory
 .text.rmw_uxrce_init_subscription_memory
                0x0000000010008028       0x48 /home/ngochoan/micro_ros_ws/src/micro_ros_raspberrypi_pico_sdk/libmicroros/libmicroros.a(librmw_microxrcedds-types.c.obj)
                0x0000000010008028                rmw_uxrce_init_subscription_memory
 .text.rmw_uxrce_init_node_memory
                0x0000000010008070       0x48 /home/ngochoan/micro_ros_ws/src/micro_ros_raspberrypi_pico_sdk/libmicroros/libmicroros.a(librmw_microxrcedds-types.c.obj)
                0x0000000010008070                rmw_uxrce_init_node_memory
 .text.rmw_uxrce_init_session_memory
                0x00000000100080b8       0x50 /home/ngochoan/micro_ros_ws/src/micro_ros_raspberrypi_pico_sdk/libmicroros/libmicroros.a(librmw_microxrcedds-types.c.obj)
                0x00000000100080b8                rmw_uxrce_init_session_memory
 .text.rmw_uxrce_init_topic_memory
                0x0000000010008108       0x48 /home/ngochoan/micro_ros_ws/src/micro_ros_raspberrypi_pico_sdk/libmicroros/libmicroros.a(librmw_microxrcedds-types.c.obj)
                0x0000000010008108                rmw_uxrce_init_topic_memory
 .text.rmw_uxrce_init_static_input_buffer_memory
                0x0000000010008150       0x50 /home/ngochoan/micro_ros_ws/src/micro_ros_raspberrypi_pico_sdk/libmicroros/libmicroros.a(librmw_microxrcedds-types.c.obj)
                0x0000000010008150                rmw_uxrce_init_static_input_buffer_memory
 .text.rmw_uxrce_init_init_options_impl_memory
                0x00000000100081a0       0x48 /home/ngochoan/micro_ros_ws/src/micro_ros_raspberrypi_pico_sdk/libmicroros/libmicroros.a(librmw_microxrcedds-types.c.obj)
                0x00000000100081a0                rmw_uxrce_init_init_options_impl_memory
 .text.rmw_uxrce_init_wait_set_memory
                0x00000000100081e8       0x48 /home/ngochoan/micro_ros_ws/src/micro_ros_raspberrypi_pico_sdk/libmicroros/libmicroros.a(librmw_microxrcedds-types.c.obj)
                0x00000000100081e8                rmw_uxrce_init_wait_set_memory
 .text.rmw_uxrce_init_guard_condition_memory
                0x0000000010008230       0x48 /home/ngochoan/micro_ros_ws/src/micro_ros_raspberrypi_pico_sdk/libmicroros/libmicroros.a(librmw_microxrcedds-types.c.obj)
                0x0000000010008230                rmw_uxrce_init_guard_condition_memory
 .text.rmw_uxrce_fini_session_memory
                0x0000000010008278       0x10 /home/ngochoan/micro_ros_ws/src/micro_ros_raspberrypi_pico_sdk/libmicroros/libmicroros.a(librmw_microxrcedds-types.c.obj)
                0x0000000010008278                rmw_uxrce_fini_session_memory
 .text.rmw_uxrce_fini_node_memory
                0x0000000010008288       0x34 /home/ngochoan/micro_ros_ws/src/micro_ros_raspberrypi_pico_sdk/libmicroros/libmicroros.a(librmw_microxrcedds-types.c.obj)
                0x0000000010008288                rmw_uxrce_fini_node_memory
 .text.rmw_uxrce_fini_publisher_memory
                0x00000000100082bc       0x34 /home/ngochoan/micro_ros_ws/src/micro_ros_raspberrypi_pico_sdk/libmicroros/libmicroros.a(librmw_microxrcedds-types.c.obj)
                0x00000000100082bc                rmw_uxrce_fini_publisher_memory
 .text.rmw_uxrce_fini_subscription_memory
                0x00000000100082f0       0x34 /home/ngochoan/micro_ros_ws/src/micro_ros_raspberrypi_pico_sdk/libmicroros/libmicroros.a(librmw_microxrcedds-types.c.obj)
                0x00000000100082f0                rmw_uxrce_fini_subscription_memory
 .text.rmw_uxrce_fini_service_memory
                0x0000000010008324       0x34 /home/ngochoan/micro_ros_ws/src/micro_ros_raspberrypi_pico_sdk/libmicroros/libmicroros.a(librmw_microxrcedds-types.c.obj)
                0x0000000010008324                rmw_uxrce_fini_service_memory
 .text.rmw_uxrce_fini_client_memory
                0x0000000010008358       0x34 /home/ngochoan/micro_ros_ws/src/micro_ros_raspberrypi_pico_sdk/libmicroros/libmicroros.a(librmw_microxrcedds-types.c.obj)
                0x0000000010008358                rmw_uxrce_fini_client_memory
 .text.rmw_uxrce_fini_topic_memory
                0x000000001000838c       0x18 /home/ngochoan/micro_ros_ws/src/micro_ros_raspberrypi_pico_sdk/libmicroros/libmicroros.a(librmw_microxrcedds-types.c.obj)
                0x000000001000838c                rmw_uxrce_fini_topic_memory
 .text.rmw_uxrce_get_static_input_buffer_for_entity
                0x00000000100083a4       0xbc /home/ngochoan/micro_ros_ws/src/micro_ros_raspberrypi_pico_sdk/libmicroros/libmicroros.a(librmw_microxrcedds-types.c.obj)
                0x00000000100083a4                rmw_uxrce_get_static_input_buffer_for_entity
 .text.rmw_uxrce_find_static_input_buffer_by_owner
                0x0000000010008460       0x5c /home/ngochoan/micro_ros_ws/src/micro_ros_raspberrypi_pico_sdk/libmicroros/libmicroros.a(librmw_microxrcedds-types.c.obj)
                0x0000000010008460                rmw_uxrce_find_static_input_buffer_by_owner
 .text.rmw_uxrce_clean_expired_static_input_buffer
                0x00000000100084bc       0xfc /home/ngochoan/micro_ros_ws/src/micro_ros_raspberrypi_pico_sdk/libmicroros/libmicroros.a(librmw_microxrcedds-types.c.obj)
                0x00000000100084bc                rmw_uxrce_clean_expired_static_input_buffer
 .text.run_xrce_session
                0x00000000100085b8       0x40 /home/ngochoan/micro_ros_ws/src/micro_ros_raspberrypi_pico_sdk/libmicroros/libmicroros.a(librmw_microxrcedds-utils.c.obj)
                0x00000000100085b8                run_xrce_session
 .text.convert_qos_profile
                0x00000000100085f8       0x2c /home/ngochoan/micro_ros_ws/src/micro_ros_raspberrypi_pico_sdk/libmicroros/libmicroros.a(librmw_microxrcedds-utils.c.obj)
                0x00000000100085f8                convert_qos_profile
 .text.generate_type_name
                0x0000000010008624       0x68 /home/ngochoan/micro_ros_ws/src/micro_ros_raspberrypi_pico_sdk/libmicroros/libmicroros.a(librmw_microxrcedds-utils.c.obj)
                0x0000000010008624                generate_type_name
 .text.generate_topic_name
                0x000000001000868c       0x38 /home/ngochoan/micro_ros_ws/src/micro_ros_raspberrypi_pico_sdk/libmicroros/libmicroros.a(librmw_microxrcedds-utils.c.obj)
                0x000000001000868c                generate_topic_name
 .text.is_uxrce_rmw_identifier_valid
                0x00000000100086c4       0x20 /home/ngochoan/micro_ros_ws/src/micro_ros_raspberrypi_pico_sdk/libmicroros/libmicroros.a(librmw_microxrcedds-utils.c.obj)
                0x00000000100086c4                is_uxrce_rmw_identifier_valid
 .text.get_message_typesupport_handle
                0x00000000100086e4        0x8 /home/ngochoan/micro_ros_ws/src/micro_ros_raspberrypi_pico_sdk/libmicroros/libmicroros.a(librosidl_runtime_c-message_type_support.c.obj)
                0x00000000100086e4                get_message_typesupport_handle
 .text.get_message_typesupport_handle_function
                0x00000000100086ec       0x18 /home/ngochoan/micro_ros_ws/src/micro_ros_raspberrypi_pico_sdk/libmicroros/libmicroros.a(librosidl_runtime_c-message_type_support.c.obj)
                0x00000000100086ec                get_message_typesupport_handle_function
 .text.rosidl_typesupport_c__get_message_type_support_handle__std_msgs__msg__Float64
                0x0000000010008704       0x1c /home/ngochoan/micro_ros_ws/src/micro_ros_raspberrypi_pico_sdk/libmicroros/libmicroros.a(libstd_msgs__rosidl_typesupport_c-float64__type_support.cpp.obj)
                0x0000000010008704                rosidl_typesupport_c__get_message_type_support_handle__std_msgs__msg__Float64
 .text.startup._GLOBAL__sub_I_rosidl_typesupport_c__get_message_type_support_handle__std_msgs__msg__Float64
                0x0000000010008720       0x14 /home/ngochoan/micro_ros_ws/src/micro_ros_raspberrypi_pico_sdk/libmicroros/libmicroros.a(libstd_msgs__rosidl_typesupport_c-float64__type_support.cpp.obj)
 .text.std_msgs__msg__Float64__rosidl_typesupport_introspection_c__Float64_init_function
                0x0000000010008734        0x8 /home/ngochoan/micro_ros_ws/src/micro_ros_raspberrypi_pico_sdk/libmicroros/libmicroros.a(libstd_msgs__rosidl_typesupport_introspection_c-float64__type_support.c.obj)
                0x0000000010008734                std_msgs__msg__Float64__rosidl_typesupport_introspection_c__Float64_init_function
 .text.std_msgs__msg__Float64__rosidl_typesupport_introspection_c__Float64_fini_function
                0x000000001000873c        0x8 /home/ngochoan/micro_ros_ws/src/micro_ros_raspberrypi_pico_sdk/libmicroros/libmicroros.a(libstd_msgs__rosidl_typesupport_introspection_c-float64__type_support.c.obj)
                0x000000001000873c                std_msgs__msg__Float64__rosidl_typesupport_introspection_c__Float64_fini_function
 .text.rosidl_typesupport_introspection_c__get_message_type_support_handle__std_msgs__msg__Float64
                0x0000000010008744       0x1c /home/ngochoan/micro_ros_ws/src/micro_ros_raspberrypi_pico_sdk/libmicroros/libmicroros.a(libstd_msgs__rosidl_typesupport_introspection_c-float64__type_support.c.obj)
                0x0000000010008744                rosidl_typesupport_introspection_c__get_message_type_support_handle__std_msgs__msg__Float64
 .text._Float64__max_serialized_size
                0x0000000010008760       0x10 /home/ngochoan/micro_ros_ws/src/micro_ros_raspberrypi_pico_sdk/libmicroros/libmicroros.a(libstd_msgs__rosidl_typesupport_microxrcedds_c-float64__type_support_c.c.obj)
 .text._Float64__cdr_deserialize
                0x0000000010008770       0x10 /home/ngochoan/micro_ros_ws/src/micro_ros_raspberrypi_pico_sdk/libmicroros/libmicroros.a(libstd_msgs__rosidl_typesupport_microxrcedds_c-float64__type_support_c.c.obj)
 .text._Float64__get_serialized_size
                0x0000000010008780       0x18 /home/ngochoan/micro_ros_ws/src/micro_ros_raspberrypi_pico_sdk/libmicroros/libmicroros.a(libstd_msgs__rosidl_typesupport_microxrcedds_c-float64__type_support_c.c.obj)
 .text._Float64__cdr_serialize
                0x0000000010008798       0x18 /home/ngochoan/micro_ros_ws/src/micro_ros_raspberrypi_pico_sdk/libmicroros/libmicroros.a(libstd_msgs__rosidl_typesupport_microxrcedds_c-float64__type_support_c.c.obj)
 .text.get_serialized_size_std_msgs__msg__Float64
                0x00000000100087b0       0x18 /home/ngochoan/micro_ros_ws/src/micro_ros_raspberrypi_pico_sdk/libmicroros/libmicroros.a(libstd_msgs__rosidl_typesupport_microxrcedds_c-float64__type_support_c.c.obj)
                0x00000000100087b0                get_serialized_size_std_msgs__msg__Float64
 .text.rosidl_typesupport_microxrcedds_c__get_message_type_support_handle__std_msgs__msg__Float64
                0x00000000100087c8        0x8 /home/ngochoan/micro_ros_ws/src/micro_ros_raspberrypi_pico_sdk/libmicroros/libmicroros.a(libstd_msgs__rosidl_typesupport_microxrcedds_c-float64__type_support_c.c.obj)
                0x00000000100087c8                rosidl_typesupport_microxrcedds_c__get_message_type_support_handle__std_msgs__msg__Float64
 .text.ucdr_serialize_bool
                0x00000000100087d0       0x2c /home/ngochoan/micro_ros_ws/src/micro_ros_raspberrypi_pico_sdk/libmicroros/libmicroros.a(libmicrocdr-basic.c.obj)
                0x00000000100087d0                ucdr_serialize_bool
 .text.ucdr_deserialize_bool
                0x00000000100087fc       0x30 /home/ngochoan/micro_ros_ws/src/micro_ros_raspberrypi_pico_sdk/libmicroros/libmicroros.a(libmicrocdr-basic.c.obj)
                0x00000000100087fc                ucdr_deserialize_bool
 .text.ucdr_serialize_uint8_t
                0x000000001000882c       0x2c /home/ngochoan/micro_ros_ws/src/micro_ros_raspberrypi_pico_sdk/libmicroros/libmicroros.a(libmicrocdr-basic.c.obj)
                0x000000001000882c                ucdr_serialize_uint8_t
 .text.ucdr_deserialize_uint8_t
                0x0000000010008858       0x30 /home/ngochoan/micro_ros_ws/src/micro_ros_raspberrypi_pico_sdk/libmicroros/libmicroros.a(libmicrocdr-basic.c.obj)
                0x0000000010008858                ucdr_deserialize_uint8_t
 .text.ucdr_serialize_uint16_t
                0x0000000010008888       0xf4 /home/ngochoan/micro_ros_ws/src/micro_ros_raspberrypi_pico_sdk/libmicroros/libmicroros.a(libmicrocdr-basic.c.obj)
                0x0000000010008888                ucdr_serialize_uint16_t
 .text.ucdr_serialize_endian_uint16_t
                0x000000001000897c      0x100 /home/ngochoan/micro_ros_ws/src/micro_ros_raspberrypi_pico_sdk/libmicroros/libmicroros.a(libmicrocdr-basic.c.obj)
                0x000000001000897c                ucdr_serialize_endian_uint16_t
 .text.ucdr_deserialize_uint16_t
                0x0000000010008a7c       0xec /home/ngochoan/micro_ros_ws/src/micro_ros_raspberrypi_pico_sdk/libmicroros/libmicroros.a(libmicrocdr-basic.c.obj)
                0x0000000010008a7c                ucdr_deserialize_uint16_t
 .text.ucdr_deserialize_endian_uint16_t
                0x0000000010008b68       0xf8 /home/ngochoan/micro_ros_ws/src/micro_ros_raspberrypi_pico_sdk/libmicroros/libmicroros.a(libmicrocdr-basic.c.obj)
                0x0000000010008b68                ucdr_deserialize_endian_uint16_t
 .text.ucdr_serialize_uint32_t
                0x0000000010008c60      0x11c /home/ngochoan/micro_ros_ws/src/micro_ros_raspberrypi_pico_sdk/libmicroros/libmicroros.a(libmicrocdr-basic.c.obj)
                0x0000000010008c60                ucdr_serialize_uint32_t
 .text.ucdr_serialize_endian_uint32_t
                0x0000000010008d7c      0x11c /home/ngochoan/micro_ros_ws/src/micro_ros_raspberrypi_pico_sdk/libmicroros/libmicroros.a(libmicrocdr-basic.c.obj)
                0x0000000010008d7c                ucdr_serialize_endian_uint32_t
 .text.ucdr_deserialize_uint32_t
                0x0000000010008e98      0x11c /home/ngochoan/micro_ros_ws/src/micro_ros_raspberrypi_pico_sdk/libmicroros/libmicroros.a(libmicrocdr-basic.c.obj)
                0x0000000010008e98                ucdr_deserialize_uint32_t
 .text.ucdr_deserialize_endian_uint32_t
                0x0000000010008fb4      0x12c /home/ngochoan/micro_ros_ws/src/micro_ros_raspberrypi_pico_sdk/libmicroros/libmicroros.a(libmicrocdr-basic.c.obj)
                0x0000000010008fb4                ucdr_deserialize_endian_uint32_t
 .text.ucdr_serialize_uint64_t
                0x00000000100090e0      0x170 /home/ngochoan/micro_ros_ws/src/micro_ros_raspberrypi_pico_sdk/libmicroros/libmicroros.a(libmicrocdr-basic.c.obj)
                0x00000000100090e0                ucdr_serialize_uint64_t
 .text.ucdr_serialize_int16_t
                0x0000000010009250       0xf4 /home/ngochoan/micro_ros_ws/src/micro_ros_raspberrypi_pico_sdk/libmicroros/libmicroros.a(libmicrocdr-basic.c.obj)
                0x0000000010009250                ucdr_serialize_int16_t
 .text.ucdr_deserialize_int16_t
                0x0000000010009344       0xec /home/ngochoan/micro_ros_ws/src/micro_ros_raspberrypi_pico_sdk/libmicroros/libmicroros.a(libmicrocdr-basic.c.obj)
                0x0000000010009344                ucdr_deserialize_int16_t
 .text.ucdr_serialize_int32_t
                0x0000000010009430      0x11c /home/ngochoan/micro_ros_ws/src/micro_ros_raspberrypi_pico_sdk/libmicroros/libmicroros.a(libmicrocdr-basic.c.obj)
                0x0000000010009430                ucdr_serialize_int32_t
 .text.ucdr_deserialize_int32_t
                0x000000001000954c      0x11c /home/ngochoan/micro_ros_ws/src/micro_ros_raspberrypi_pico_sdk/libmicroros/libmicroros.a(libmicrocdr-basic.c.obj)
                0x000000001000954c                ucdr_deserialize_int32_t
 .text.ucdr_serialize_double
                0x0000000010009668      0x170 /home/ngochoan/micro_ros_ws/src/micro_ros_raspberrypi_pico_sdk/libmicroros/libmicroros.a(libmicrocdr-basic.c.obj)
                0x0000000010009668                ucdr_serialize_double
 .text.ucdr_deserialize_double
                0x00000000100097d8      0x180 /home/ngochoan/micro_ros_ws/src/micro_ros_raspberrypi_pico_sdk/libmicroros/libmicroros.a(libmicrocdr-basic.c.obj)
                0x00000000100097d8                ucdr_deserialize_double
 .text.ucdr_check_buffer_available_for
                0x0000000010009958       0x1c /home/ngochoan/micro_ros_ws/src/micro_ros_raspberrypi_pico_sdk/libmicroros/libmicroros.a(libmicrocdr-common.c.obj)
                0x0000000010009958                ucdr_check_buffer_available_for
 .text.ucdr_check_final_buffer_behavior
                0x0000000010009974       0x38 /home/ngochoan/micro_ros_ws/src/micro_ros_raspberrypi_pico_sdk/libmicroros/libmicroros.a(libmicrocdr-common.c.obj)
                0x0000000010009974                ucdr_check_final_buffer_behavior
 .text.ucdr_set_on_full_buffer_callback
                0x00000000100099ac        0x8 /home/ngochoan/micro_ros_ws/src/micro_ros_raspberrypi_pico_sdk/libmicroros/libmicroros.a(libmicrocdr-common.c.obj)
                0x00000000100099ac                ucdr_set_on_full_buffer_callback
 .text.ucdr_init_buffer_origin_offset_endian
                0x00000000100099b4       0x28 /home/ngochoan/micro_ros_ws/src/micro_ros_raspberrypi_pico_sdk/libmicroros/libmicroros.a(libmicrocdr-common.c.obj)
                0x00000000100099b4                ucdr_init_buffer_origin_offset_endian
 .text.ucdr_init_buffer_origin_offset
                0x00000000100099dc       0x14 /home/ngochoan/micro_ros_ws/src/micro_ros_raspberrypi_pico_sdk/libmicroros/libmicroros.a(libmicrocdr-common.c.obj)
                0x00000000100099dc                ucdr_init_buffer_origin_offset
 .text.ucdr_init_buffer_origin
                0x00000000100099f0       0x10 /home/ngochoan/micro_ros_ws/src/micro_ros_raspberrypi_pico_sdk/libmicroros/libmicroros.a(libmicrocdr-common.c.obj)
                0x00000000100099f0                ucdr_init_buffer_origin
 .text.ucdr_init_buffer
                0x0000000010009a00        0xc /home/ngochoan/micro_ros_ws/src/micro_ros_raspberrypi_pico_sdk/libmicroros/libmicroros.a(libmicrocdr-common.c.obj)
                0x0000000010009a00                ucdr_init_buffer
 .text.ucdr_alignment
                0x0000000010009a0c       0x10 /home/ngochoan/micro_ros_ws/src/micro_ros_raspberrypi_pico_sdk/libmicroros/libmicroros.a(libmicrocdr-common.c.obj)
                0x0000000010009a0c                ucdr_alignment
 .text.ucdr_buffer_alignment
                0x0000000010009a1c       0x1c /home/ngochoan/micro_ros_ws/src/micro_ros_raspberrypi_pico_sdk/libmicroros/libmicroros.a(libmicrocdr-common.c.obj)
                0x0000000010009a1c                ucdr_buffer_alignment
 .text.ucdr_align_to
                0x0000000010009a38       0x24 /home/ngochoan/micro_ros_ws/src/micro_ros_raspberrypi_pico_sdk/libmicroros/libmicroros.a(libmicrocdr-common.c.obj)
                0x0000000010009a38                ucdr_align_to
 .text.ucdr_buffer_length
                0x0000000010009a5c        0x8 /home/ngochoan/micro_ros_ws/src/micro_ros_raspberrypi_pico_sdk/libmicroros/libmicroros.a(libmicrocdr-common.c.obj)
                0x0000000010009a5c                ucdr_buffer_length
 .text.ucdr_buffer_remaining
                0x0000000010009a64        0x8 /home/ngochoan/micro_ros_ws/src/micro_ros_raspberrypi_pico_sdk/libmicroros/libmicroros.a(libmicrocdr-common.c.obj)
                0x0000000010009a64                ucdr_buffer_remaining
 .text.ucdr_check_final_buffer_behavior_array
                0x0000000010009a6c       0x44 /home/ngochoan/micro_ros_ws/src/micro_ros_raspberrypi_pico_sdk/libmicroros/libmicroros.a(libmicrocdr-common.c.obj)
                0x0000000010009a6c                ucdr_check_final_buffer_behavior_array
 .text.ucdr_advance_buffer
                0x0000000010009ab0       0x44 /home/ngochoan/micro_ros_ws/src/micro_ros_raspberrypi_pico_sdk/libmicroros/libmicroros.a(libmicrocdr-common.c.obj)
                0x0000000010009ab0                ucdr_advance_buffer
 .text.uxr_buffer_delete_entity
                0x0000000010009af4       0x40 /home/ngochoan/micro_ros_ws/src/micro_ros_raspberrypi_pico_sdk/libmicroros/libmicroros.a(libmicroxrcedds_client-common_create_entities.c.obj)
                0x0000000010009af4                uxr_buffer_delete_entity
 .text.uxr_common_create_entity
                0x0000000010009b34       0x54 /home/ngochoan/micro_ros_ws/src/micro_ros_raspberrypi_pico_sdk/libmicroros/libmicroros.a(libmicroxrcedds_client-common_create_entities.c.obj)
                0x0000000010009b34                uxr_common_create_entity
 .text.uxr_buffer_create_participant_bin
                0x0000000010009b88       0x68 /home/ngochoan/micro_ros_ws/src/micro_ros_raspberrypi_pico_sdk/libmicroros/libmicroros.a(libmicroxrcedds_client-create_entities_bin.c.obj)
                0x0000000010009b88                uxr_buffer_create_participant_bin
 .text.uxr_buffer_create_topic_bin
                0x0000000010009bf0       0x70 /home/ngochoan/micro_ros_ws/src/micro_ros_raspberrypi_pico_sdk/libmicroros/libmicroros.a(libmicroxrcedds_client-create_entities_bin.c.obj)
                0x0000000010009bf0                uxr_buffer_create_topic_bin
 .text.uxr_buffer_create_publisher_bin
                0x0000000010009c60       0x70 /home/ngochoan/micro_ros_ws/src/micro_ros_raspberrypi_pico_sdk/libmicroros/libmicroros.a(libmicroxrcedds_client-create_entities_bin.c.obj)
                0x0000000010009c60                uxr_buffer_create_publisher_bin
 .text.uxr_buffer_create_subscriber_bin
                0x0000000010009cd0       0x70 /home/ngochoan/micro_ros_ws/src/micro_ros_raspberrypi_pico_sdk/libmicroros/libmicroros.a(libmicroxrcedds_client-create_entities_bin.c.obj)
                0x0000000010009cd0                uxr_buffer_create_subscriber_bin
 .text.uxr_buffer_create_datawriter_bin
                0x0000000010009d40      0x100 /home/ngochoan/micro_ros_ws/src/micro_ros_raspberrypi_pico_sdk/libmicroros/libmicroros.a(libmicroxrcedds_client-create_entities_bin.c.obj)
                0x0000000010009d40                uxr_buffer_create_datawriter_bin
 .text.uxr_buffer_create_datareader_bin
                0x0000000010009e40      0x104 /home/ngochoan/micro_ros_ws/src/micro_ros_raspberrypi_pico_sdk/libmicroros/libmicroros.a(libmicroxrcedds_client-create_entities_bin.c.obj)
                0x0000000010009e40                uxr_buffer_create_datareader_bin
 .text.uxr_object_id
                0x0000000010009f44       0x10 /home/ngochoan/micro_ros_ws/src/micro_ros_raspberrypi_pico_sdk/libmicroros/libmicroros.a(libmicroxrcedds_client-object_id.c.obj)
                0x0000000010009f44                uxr_object_id
 .text.uxr_object_id_from_raw
                0x0000000010009f54       0x20 /home/ngochoan/micro_ros_ws/src/micro_ros_raspberrypi_pico_sdk/libmicroros/libmicroros.a(libmicroxrcedds_client-object_id.c.obj)
                0x0000000010009f54                uxr_object_id_from_raw
 .text.uxr_object_id_to_raw
                0x0000000010009f74       0x18 /home/ngochoan/micro_ros_ws/src/micro_ros_raspberrypi_pico_sdk/libmicroros/libmicroros.a(libmicroxrcedds_client-object_id.c.obj)
                0x0000000010009f74                uxr_object_id_to_raw
 .text.on_get_fragmentation_info
                0x0000000010009f8c       0x38 /home/ngochoan/micro_ros_ws/src/micro_ros_raspberrypi_pico_sdk/libmicroros/libmicroros.a(libmicroxrcedds_client-session.c.obj)
 .text.read_submessage_get_info
                0x0000000010009fc4       0x74 /home/ngochoan/micro_ros_ws/src/micro_ros_raspberrypi_pico_sdk/libmicroros/libmicroros.a(libmicroxrcedds_client-session.c.obj)
 .text.write_submessage_acknack.isra.0
                0x000000001000a038       0x6c /home/ngochoan/micro_ros_ws/src/micro_ros_raspberrypi_pico_sdk/libmicroros/libmicroros.a(libmicroxrcedds_client-session.c.obj)
 .text.uxr_init_session
                0x000000001000a0a4       0x48 /home/ngochoan/micro_ros_ws/src/micro_ros_raspberrypi_pico_sdk/libmicroros/libmicroros.a(libmicroxrcedds_client-session.c.obj)
                0x000000001000a0a4                uxr_init_session
 .text.uxr_set_status_callback
                0x000000001000a0ec        0xc /home/ngochoan/micro_ros_ws/src/micro_ros_raspberrypi_pico_sdk/libmicroros/libmicroros.a(libmicroxrcedds_client-session.c.obj)
                0x000000001000a0ec                uxr_set_status_callback
 .text.uxr_set_topic_callback
                0x000000001000a0f8        0xc /home/ngochoan/micro_ros_ws/src/micro_ros_raspberrypi_pico_sdk/libmicroros/libmicroros.a(libmicroxrcedds_client-session.c.obj)
                0x000000001000a0f8                uxr_set_topic_callback
 .text.uxr_set_request_callback
                0x000000001000a104        0xc /home/ngochoan/micro_ros_ws/src/micro_ros_raspberrypi_pico_sdk/libmicroros/libmicroros.a(libmicroxrcedds_client-session.c.obj)
                0x000000001000a104                uxr_set_request_callback
 .text.uxr_set_reply_callback
                0x000000001000a110        0xc /home/ngochoan/micro_ros_ws/src/micro_ros_raspberrypi_pico_sdk/libmicroros/libmicroros.a(libmicroxrcedds_client-session.c.obj)
                0x000000001000a110                uxr_set_reply_callback
 .text.uxr_create_output_best_effort_stream
                0x000000001000a11c       0x3c /home/ngochoan/micro_ros_ws/src/micro_ros_raspberrypi_pico_sdk/libmicroros/libmicroros.a(libmicroxrcedds_client-session.c.obj)
                0x000000001000a11c                uxr_create_output_best_effort_stream
 .text.uxr_create_output_reliable_stream
                0x000000001000a158       0x40 /home/ngochoan/micro_ros_ws/src/micro_ros_raspberrypi_pico_sdk/libmicroros/libmicroros.a(libmicroxrcedds_client-session.c.obj)
                0x000000001000a158                uxr_create_output_reliable_stream
 .text.uxr_create_input_best_effort_stream
                0x000000001000a198       0x2c /home/ngochoan/micro_ros_ws/src/micro_ros_raspberrypi_pico_sdk/libmicroros/libmicroros.a(libmicroxrcedds_client-session.c.obj)
                0x000000001000a198                uxr_create_input_best_effort_stream
 .text.uxr_create_input_reliable_stream
                0x000000001000a1c4       0x34 /home/ngochoan/micro_ros_ws/src/micro_ros_raspberrypi_pico_sdk/libmicroros/libmicroros.a(libmicroxrcedds_client-session.c.obj)
                0x000000001000a1c4                uxr_create_input_reliable_stream
 .text.uxr_epoch_nanos
                0x000000001000a1f8       0x14 /home/ngochoan/micro_ros_ws/src/micro_ros_raspberrypi_pico_sdk/libmicroros/libmicroros.a(libmicroxrcedds_client-session.c.obj)
                0x000000001000a1f8                uxr_epoch_nanos
 .text.uxr_flash_output_streams
                0x000000001000a20c       0xf4 /home/ngochoan/micro_ros_ws/src/micro_ros_raspberrypi_pico_sdk/libmicroros/libmicroros.a(libmicroxrcedds_client-session.c.obj)
                0x000000001000a20c                uxr_flash_output_streams
 .text.read_submessage_info
                0x000000001000a300       0xa8 /home/ngochoan/micro_ros_ws/src/micro_ros_raspberrypi_pico_sdk/libmicroros/libmicroros.a(libmicroxrcedds_client-session.c.obj)